Component: ARM Compiler 5.06 update 6 (build 750) Tool: armlink [4d35ed]

==============================================================================

Section Cross References

    drv_pwm.o(i.DRV_PWM_Init) refers to drv_pwm.o(i.Get_Timer_Instance) for Get_Timer_Instance
    drv_pwm.o(i.DRV_PWM_SetDuty) refers to drv_pwm.o(i.Get_Timer_Instance) for Get_Timer_Instance
    drv_pwm.o(i.DRV_PWM_Start) refers to drv_pwm.o(i.Get_Timer_Instance) for Get_Timer_Instance
    drv_pwm.o(i.DRV_PWM_Stop) refers to drv_pwm.o(i.Get_Timer_Instance) for Get_Timer_Instance
    drv_timer.o(i.delay_ms) refers to drv_timer.o(i.delay_us) for delay_us
    drv_uart.o(i.DRV_UART1_Init) refers to drv_gpio.o(i.GPIO_Init) for GPIO_Init
    drv_uart.o(i.DRV_UART1_Init) refers to fflt_clz.o(x$fpl$ffltu) for __aeabi_ui2f
    drv_uart.o(i.DRV_UART1_Init) refers to fmul.o(x$fpl$fmul) for __aeabi_fmul
    drv_uart.o(i.DRV_UART1_Init) refers to fdiv.o(x$fpl$fdiv) for __aeabi_fdiv
    drv_uart.o(i.DRV_UART1_Init) refers to ffixu.o(x$fpl$ffixu) for __aeabi_f2uiz
    drv_uart.o(i.DRV_UART1_Init) refers to faddsub_clz.o(x$fpl$frsb) for __aeabi_frsub
    drv_uart.o(i.DRV_UART1_Init) refers to faddsub_clz.o(x$fpl$fadd) for __aeabi_fadd
    drv_uart.o(i.DRV_UART1_SendBytes) refers to drv_uart.o(i.DRV_UART1_SendByte) for DRV_UART1_SendByte
    drv_uart.o(i.USART1_IRQHandler) refers to comm_hal_1.o(i.CommHAL_RxByteCallback) for CommHAL_RxByteCallback
    actuator_hal_1.o(i.ActuatorHAL_Init) refers to drv_pwm.o(i.DRV_PWM_Init) for DRV_PWM_Init
    actuator_hal_1.o(i.ActuatorHAL_Init) refers to drv_pwm.o(i.DRV_PWM_Start) for DRV_PWM_Start
    actuator_hal_1.o(i.ActuatorHAL_Init) refers to drv_pwm.o(i.DRV_PWM_SetDuty) for DRV_PWM_SetDuty
    actuator_hal_1.o(i.ActuatorHAL_Set) refers to drv_pwm.o(i.DRV_PWM_SetDuty) for DRV_PWM_SetDuty
    actuator_hal_1.o(i.ActuatorHAL_Set) refers to feqf.o(x$fpl$feqf) for __aeabi_cfcmpeq
    actuator_hal_1.o(i.ActuatorHAL_Set) refers to fleqf.o(x$fpl$fleqf) for __aeabi_cfcmple
    actuator_hal_1.o(i.ActuatorHAL_Set) refers to frleqf.o(x$fpl$frleqf) for __aeabi_cfrcmple
    actuator_hal_1.o(i.ActuatorHAL_Set) refers to fmul.o(x$fpl$fmul) for __aeabi_fmul
    actuator_hal_1.o(i.ActuatorHAL_Set) refers to fdiv.o(x$fpl$fdiv) for __aeabi_fdiv
    actuator_hal_1.o(i.ActuatorHAL_Set) refers to faddsub_clz.o(x$fpl$fsub) for __aeabi_fsub
    actuator_hal_1.o(i.ActuatorHAL_Set) refers to faddsub_clz.o(x$fpl$fadd) for __aeabi_fadd
    actuator_hal_1.o(i.ActuatorHAL_Set) refers to ffixu.o(x$fpl$ffixu) for __aeabi_f2uiz
    comm_hal_1.o(i.CommHAL_Init) refers to drv_uart.o(i.DRV_UART1_Init) for DRV_UART1_Init
    comm_hal_1.o(i.CommHAL_Init) refers to queue_manager.o(i.QueueMnr_Init) for QueueMnr_Init
    comm_hal_1.o(i.CommHAL_Init) refers to comm_hal_1.o(.data) for s_rx_state
    comm_hal_1.o(i.CommHAL_ReceiveFrame) refers to queue_manager.o(i.RX_Queue_Pop) for RX_Queue_Pop
    comm_hal_1.o(i.CommHAL_RxByteCallback) refers to soft_timer_1.o(i.SoftTimer_Start) for SoftTimer_Start
    comm_hal_1.o(i.CommHAL_RxByteCallback) refers to comm_hal_1.o(i.Frame_GetLength) for Frame_GetLength
    comm_hal_1.o(i.CommHAL_RxByteCallback) refers to soft_timer_1.o(i.SoftTimer_Stop) for SoftTimer_Stop
    comm_hal_1.o(i.CommHAL_RxByteCallback) refers to queue_manager.o(i.RX_Queue_Push) for RX_Queue_Push
    comm_hal_1.o(i.CommHAL_RxByteCallback) refers to comm_hal_1.o(.data) for s_rx_state
    comm_hal_1.o(i.CommHAL_RxByteCallback) refers to comm_hal_1.o(i.on_rx_byte_timeout) for on_rx_byte_timeout
    comm_hal_1.o(i.CommHAL_RxByteCallback) refers to comm_hal_1.o(.bss) for s_rx_byte_timeout
    comm_hal_1.o(i.CommHAL_SendByte) refers to drv_uart.o(i.DRV_UART1_SendByte) for DRV_UART1_SendByte
    comm_hal_1.o(i.CommHAL_SendBytes) refers to drv_uart.o(i.DRV_UART1_SendBytes) for DRV_UART1_SendBytes
    comm_hal_1.o(i.CommHAL_SendFrame) refers to comm_hal_1.o(i.Frame_GetLength) for Frame_GetLength
    comm_hal_1.o(i.CommHAL_SendFrame) refers to drv_uart.o(i.DRV_UART1_SendBytes) for DRV_UART1_SendBytes
    comm_hal_1.o(i.CommHAL_SystickUpdate) refers to soft_timer_1.o(i.SoftTimer_Update) for SoftTimer_Update
    comm_hal_1.o(i.CommHAL_SystickUpdate) refers to comm_hal_1.o(.bss) for s_rx_byte_timeout
    comm_hal_1.o(i.on_rx_byte_timeout) refers to comm_hal_1.o(.data) for s_rx_byte_timeout_flag
    sensor_hal_1.o(i.DHT22_Check_Response) refers to drv_timer.o(i.delay_us) for delay_us
    sensor_hal_1.o(i.DHT22_Check_Response) refers to drv_gpio.o(i.GPIO_Read) for GPIO_Read
    sensor_hal_1.o(i.DHT22_ReadData) refers to sensor_hal_1.o(i.DHT22_Start) for DHT22_Start
    sensor_hal_1.o(i.DHT22_ReadData) refers to sensor_hal_1.o(i.DHT22_Check_Response) for DHT22_Check_Response
    sensor_hal_1.o(i.DHT22_ReadData) refers to sensor_hal_1.o(i.DHT22_Read_Byte) for DHT22_Read_Byte
    sensor_hal_1.o(i.DHT22_ReadData) refers to fflt_clz.o(x$fpl$ffltu) for __aeabi_ui2f
    sensor_hal_1.o(i.DHT22_ReadData) refers to f2d.o(x$fpl$f2d) for __aeabi_f2d
[...]
    __rtentry2.o(.ARM.exidx) refers to __rtentry2.o(.ARM.Collect$$rtentry$$00000008) for .ARM.Collect$$rtentry$$00000008
    __rtentry2.o(.ARM.exidx) refers to __rtentry2.o(.ARM.Collect$$rtentry$$0000000A) for .ARM.Collect$$rtentry$$0000000A
    __rtentry2.o(.ARM.exidx) refers to __rtentry2.o(.ARM.Collect$$rtentry$$0000000B) for .ARM.Collect$$rtentry$$0000000B
    __rtentry2.o(.ARM.exidx) refers to __rtentry2.o(.ARM.Collect$$rtentry$$0000000D) for .ARM.Collect$$rtentry$$0000000D
    __rtentry4.o(.ARM.Collect$$rtentry$$00000004) refers to sys_stackheap_outer.o(.text) for __user_setup_stackheap
    __rtentry4.o(.ARM.exidx) refers to __rtentry4.o(.ARM.Collect$$rtentry$$00000004) for .ARM.Collect$$rtentry$$00000004
    sys_stackheap_outer.o(.text) refers to libspace.o(.text) for __user_perproc_libspace
    sys_stackheap_outer.o(.text) refers to startup_stm32f10x_md.o(.text) for __user_initial_stackheap
    exit.o(.text) refers to rtexit.o(.ARM.Collect$$rtexit$$00000000) for __rt_exit
    libinit.o(.ARM.Collect$$libinit$$00000000) refers (Special) to libinit2.o(.ARM.Collect$$libinit$$0000002E) for __rt_lib_init_alloca_1
    libinit.o(.ARM.Collect$$libinit$$00000000) refers (Special) to libinit2.o(.ARM.Collect$$libinit$$0000002C) for __rt_lib_init_argv_1
    libinit.o(.ARM.Collect$$libinit$$00000000) refers (Special) to libinit2.o(.ARM.Collect$$libinit$$0000001B) for __rt_lib_init_atexit_1
    libinit.o(.ARM.Collect$$libinit$$00000000) refers (Special) to libinit2.o(.ARM.Collect$$libinit$$00000021) for __rt_lib_init_clock_1
    libinit.o(.ARM.Collect$$libinit$$00000000) refers (Special) to libinit2.o(.ARM.Collect$$libinit$$00000032) for __rt_lib_init_cpp_1
    libinit.o(.ARM.Collect$$libinit$$00000000) refers (Special) to libinit2.o(.ARM.Collect$$libinit$$00000030) for __rt_lib_init_exceptions_1
    libinit.o(.ARM.Collect$$libinit$$00000000) refers (Special) to libinit2.o(.ARM.Collect$$libinit$$00000002) for __rt_lib_init_fp_1
    libinit.o(.ARM.Collect$$libinit$$00000000) refers (Special) to libinit2.o(.ARM.Collect$$libinit$$0000001F) for __rt_lib_init_fp_trap_1
    libinit.o(.ARM.Collect$$libinit$$00000000) refers (Special) to libinit2.o(.ARM.Collect$$libinit$$00000023) for __rt_lib_init_getenv_1
    libinit.o(.ARM.Collect$$libinit$$00000000) refers (Special) to libinit2.o(.ARM.Collect$$libinit$$0000000A) for __rt_lib_init_heap_1
    libinit.o(.ARM.Collect$$libinit$$00000000) refers (Special) to libinit2.o(.ARM.Collect$$libinit$$00000011) for __rt_lib_init_lc_collate_1
    libinit.o(.ARM.Collect$$libinit$$00000000) refers (Special) to libinit2.o(.ARM.Collect$$libinit$$00000013) for __rt_lib_init_lc_ctype_1
    libinit.o(.ARM.Collect$$libinit$$00000000) refers (Special) to libinit2.o(.ARM.Collect$$libinit$$00000015) for __rt_lib_init_lc_monetary_1
    libinit.o(.ARM.Collect$$libinit$$00000000) refers (Special) to libinit2.o(.ARM.Collect$$libinit$$00000017) for __rt_lib_init_lc_numeric_1
    libinit.o(.ARM.Collect$$libinit$$00000000) refers (Special) to libinit2.o(.ARM.Collect$$libinit$$00000019) for __rt_lib_init_lc_time_1
    libinit.o(.ARM.Collect$$libinit$$00000000) refers (Special) to libinit2.o(.ARM.Collect$$libinit$$00000004) for __rt_lib_init_preinit_1
    libinit.o(.ARM.Collect$$libinit$$00000000) refers (Special) to libinit2.o(.ARM.Collect$$libinit$$0000000E) for __rt_lib_init_rand_1
    libinit.o(.ARM.Collect$$libinit$$00000000) refers (Special) to libinit2.o(.ARM.Collect$$libinit$$00000033) for __rt_lib_init_return
    libinit.o(.ARM.Collect$$libinit$$00000000) refers (Special) to libinit2.o(.ARM.Collect$$libinit$$0000001D) for __rt_lib_init_signal_1
    libinit.o(.ARM.Collect$$libinit$$00000000) refers (Special) to libinit2.o(.ARM.Collect$$libinit$$00000025) for __rt_lib_init_stdio_1
    libinit.o(.ARM.Collect$$libinit$$00000000) refers (Special) to libinit2.o(.ARM.Collect$$libinit$$0000000C) for __rt_lib_init_user_alloc_1
    libspace.o(.text) refers to libspace.o(.bss) for __libspace_start
    rtexit.o(.ARM.Collect$$rtexit$$00000000) refers (Special) to rtexit2.o(.ARM.Collect$$rtexit$$00000004) for __rt_exit_exit
    rtexit.o(.ARM.Collect$$rtexit$$00000000) refers (Special) to rtexit2.o(.ARM.Collect$$rtexit$$00000003) for __rt_exit_ls
    rtexit.o(.ARM.Collect$$rtexit$$00000000) refers (Special) to rtexit2.o(.ARM.Collect$$rtexit$$00000002) for __rt_exit_prels_1
    rtexit.o(.ARM.exidx) refers (Special) to rtexit2.o(.ARM.Collect$$rtexit$$00000004) for __rt_exit_exit
    rtexit.o(.ARM.exidx) refers (Special) to rtexit2.o(.ARM.Collect$$rtexit$$00000003) for __rt_exit_ls
    rtexit.o(.ARM.exidx) refers (Special) to rtexit2.o(.ARM.Collect$$rtexit$$00000002) for __rt_exit_prels_1
    rtexit.o(.ARM.exidx) refers to rtexit.o(.ARM.Collect$$rtexit$$00000000) for .ARM.Collect$$rtexit$$00000000
    libinit2.o(.ARM.Collect$$libinit$$00000010) refers to libinit2.o(.ARM.Collect$$libinit$$0000000F) for .ARM.Collect$$libinit$$0000000F
    libinit2.o(.ARM.Collect$$libinit$$00000012) refers to libinit2.o(.ARM.Collect$$libinit$$0000000F) for .ARM.Collect$$libinit$$0000000F
    libinit2.o(.ARM.Collect$$libinit$$00000014) refers to libinit2.o(.ARM.Collect$$libinit$$0000000F) for .ARM.Collect$$libinit$$0000000F
    libinit2.o(.ARM.Collect$$libinit$$00000016) refers to libinit2.o(.ARM.Collect$$libinit$$0000000F) for .ARM.Collect$$libinit$$0000000F
    libinit2.o(.ARM.Collect$$libinit$$00000018) refers to libinit2.o(.ARM.Collect$$libinit$$0000000F) for .ARM.Collect$$libinit$$0000000F
    libinit2.o(.ARM.Collect$$libinit$$00000026) refers to argv_veneer.o(.emb_text) for __ARM_argv_veneer
    libinit2.o(.ARM.Collect$$libinit$$00000027) refers to argv_veneer.o(.emb_text) for __ARM_argv_veneer
    rtexit2.o(.ARM.Collect$$rtexit$$00000003) refers to libshutdown.o(.ARM.Collect$$libshutdown$$00000000) for __rt_lib_shutdown
    rtexit2.o(.ARM.Collect$$rtexit$$00000004) refers to sys_exit.o(.text) for _sys_exit
    rtexit2.o(.ARM.exidx) refers to rtexit2.o(.ARM.Collect$$rtexit$$00000001) for .ARM.Collect$$rtexit$$00000001
    rtexit2.o(.ARM.exidx) refers to rtexit2.o(.ARM.Collect$$rtexit$$00000003) for .ARM.Collect$$rtexit$$00000003
    rtexit2.o(.ARM.exidx) refers to rtexit2.o(.ARM.Collect$$rtexit$$00000004) for .ARM.Collect$$rtexit$$00000004
    argv_veneer.o(.emb_text) refers to no_argv.o(.text) for __ARM_get_argv
    sys_exit.o(.text) refers (Special) to use_no_semi.o(.text) for __I$use$semihosting
    sys_exit.o(.text) refers (Special) to indicate_semi.o(.text) for __semihosting_library_function
    _get_argv_nomalloc.o(.text) refers (Special) to hrguard.o(.text) for __heap_region$guard
    _get_argv_nomalloc.o(.text) refers to defsig_rtmem_outer.o(.text) for __rt_SIGRTMEM
    _get_argv_nomalloc.o(.text) refers to sys_command.o(.text) for _sys_command_string
    libshutdown.o(.ARM.Collect$$libshutdown$$00000000) refers (Special) to libshutdown2.o(.ARM.Collect$$libshutdown$$00000002) for __rt_lib_shutdown_cpp_1
    libshutdown.o(.ARM.Collect$$libshutdown$$00000000) refers (Special) to libshutdown2.o(.ARM.Collect$$libshutdown$$00000007) for __rt_lib_shutdown_fp_trap_1
    libshutdown.o(.ARM.Collect$$libshutdown$$00000000) refers (Special) to libshutdown2.o(.ARM.Collect$$libshutdown$$0000000F) for __rt_lib_shutdown_heap_1
    libshutdown.o(.ARM.Collect$$libshutdown$$00000000) refers (Special) to libshutdown2.o(.ARM.Collect$$libshutdown$$00000010) for __rt_lib_shutdown_return
    libshutdown.o(.ARM.Collect$$libshutdown$$00000000) refers (Special) to libshutdown2.o(.ARM.Collect$$libshutdown$$0000000A) for __rt_lib_shutdown_signal_1
    libshutdown.o(.ARM.Collect$$libshutdown$$00000000) refers (Special) to libshutdown2.o(.ARM.Collect$$libshutdown$$00000004) for __rt_lib_shutdown_stdio_1
    libshutdown.o(.ARM.Collect$$libshutdown$$00000000) refers (Special) to libshutdown2.o(.ARM.Collect$$libshutdown$$0000000C) for __rt_lib_shutdown_user_alloc_1
    sys_command.o(.text) refers (Special) to use_no_semi.o(.text) for __I$use$semihosting
    sys_command.o(.text) refers (Special) to indicate_semi.o(.text) for __semihosting_library_function
    defsig_rtmem_outer.o(.text) refers to defsig_rtmem_inner.o(.text) for __rt_SIGRTMEM_inner
    defsig_rtmem_outer.o(.text) refers to defsig_exit.o(.text) for __sig_exit
    defsig_rtmem_formal.o(.text) refers to rt_raise.o(.text) for __rt_raise
    rt_raise.o(.text) refers to __raise.o(.text) for __raise
    rt_raise.o(.text) refers to sys_exit.o(.text) for _sys_exit
    defsig_exit.o(.text) refers to sys_exit.o(.text) for _sys_exit
    defsig_rtmem_inner.o(.text) refers to defsig_general.o(.text) for __default_signal_display
    __raise.o(.text) refers to defsig.o(CL$$defsig) for __default_signal_handler
    defsig_general.o(.text) refers to sys_wrch.o(.text) for _ttywrch
    sys_wrch.o(.text) refers (Special) to use_no_semi.o(.text) for __I$use$semihosting
    sys_wrch.o(.text) refers (Special) to indicate_semi.o(.text) for __semihosting_library_function
    defsig.o(CL$$defsig) refers to defsig_rtmem_inner.o(.text) for __rt_SIGRTMEM_inner
    defsig_abrt_inner.o(.text) refers to defsig_general.o(.text) for __default_signal_display
    defsig_fpe_inner.o(.text) refers to defsig_general.o(.text) for __default_signal_display
    defsig_rtred_inner.o(.text) refers to defsig_general.o(.text) for __default_signal_display
    defsig_stak_inner.o(.text) refers to defsig_general.o(.text) for __default_signal_display
    defsig_pvfn_inner.o(.text) refers to defsig_general.o(.text) for __default_signal_display
    defsig_cppl_inner.o(.text) refers to defsig_general.o(.text) for __default_signal_display
    defsig_segv_inner.o(.text) refers to defsig_general.o(.text) for __default_signal_display
    defsig_other.o(.text) refers to defsig_general.o(.text) for __default_signal_display


==============================================================================

Removing Unused input sections from the image.

    Removing drv_gpio.o(.rev16_text), (4 bytes).
    Removing drv_gpio.o(.revsh_text), (4 bytes).
    Removing drv_gpio.o(.rrx_text), (6 bytes).
    Removing drv_gpio.o(i.GPIO_Toggle), (60 bytes).
    Removing drv_pwm.o(.rev16_text), (4 bytes).
    Removing drv_pwm.o(.revsh_text), (4 bytes).
    Removing drv_pwm.o(.rrx_text), (6 bytes).
    Removing drv_pwm.o(i.DRV_PWM_Stop), (76 bytes).
    Removing drv_timer.o(.rev16_text), (4 bytes).
    Removing drv_timer.o(.revsh_text), (4 bytes).
    Removing drv_timer.o(.rrx_text), (6 bytes).
    Removing drv_timer.o(.data), (4 bytes).
    Removing drv_uart.o(.rev16_text), (4 bytes).
    Removing drv_uart.o(.revsh_text), (4 bytes).
    Removing drv_uart.o(.rrx_text), (6 bytes).
    Removing actuator_hal_1.o(.rev16_text), (4 bytes).
    Removing actuator_hal_1.o(.revsh_text), (4 bytes).
    Removing actuator_hal_1.o(.rrx_text), (6 bytes).
    Removing comm_hal_1.o(.rev16_text), (4 bytes).
    Removing comm_hal_1.o(.revsh_text), (4 bytes).
    Removing comm_hal_1.o(.rrx_text), (6 bytes).
    Removing comm_hal_1.o(i.CommHAL_SendByte), (12 bytes).
    Removing comm_hal_1.o(i.CommHAL_SendBytes), (16 bytes).
    Removing sensor_hal_1.o(.rev16_text), (4 bytes).
    Removing sensor_hal_1.o(.revsh_text), (4 bytes).
    Removing sensor_hal_1.o(.rrx_text), (6 bytes).
    Removing sensor_hal_1.o(i.ReadTemperature), (12 bytes).
    Removing soft_timer_1.o(.rev16_text), (4 bytes).
    Removing soft_timer_1.o(.revsh_text), (4 bytes).
    Removing soft_timer_1.o(.rrx_text), (6 bytes).
    Removing control_app.o(.rev16_text), (4 bytes).
    Removing control_app.o(.revsh_text), (4 bytes).
    Removing control_app.o(.rrx_text), (6 bytes).
    Removing protocol_handler.o(.rev16_text), (4 bytes).
    Removing protocol_handler.o(.revsh_text), (4 bytes).
    Removing protocol_handler.o(.rrx_text), (6 bytes).
    Removing protocol_handler.o(i.Protocol_SendSensorData), (26 bytes).
    Removing frame_queue.o(i.FrameQueue_IsEmpty), (22 bytes).
    Removing frame_queue.o(i.FrameQueue_IsFull), (28 bytes).
    Removing main.o(.rev16_text), (4 bytes).
    Removing main.o(.revsh_text), (4 bytes).
    Removing main.o(.rrx_text), (6 bytes).
    Removing system_stm32f10x.o(.rev16_text), (4 bytes).
    Removing system_stm32f10x.o(.revsh_text), (4 bytes).
    Removing system_stm32f10x.o(.rrx_text), (6 bytes).
    Removing system_stm32f10x.o(i.SystemCoreClockUpdate), (164 bytes).
    Removing system_stm32f10x.o(.data), (20 bytes).

47 unused section(s) (total 608 bytes) removed from the image.

==============================================================================

Image Symbol Table

    Local Symbols

    Symbol Name                              Value     Ov Type        Size  Object(Section)

    ../clib/angel/boardlib.s                 0x00000000   Number         0  boardinit3.o ABSOLUTE
    ../clib/angel/boardlib.s                 0x00000000   Number         0  boardinit2.o ABSOLUTE
    ../clib/angel/boardlib.s                 0x00000000   Number         0  boardinit1.o ABSOLUTE
    ../clib/angel/boardlib.s                 0x00000000   Number         0  boardshut.o ABSOLUTE
    ../clib/angel/handlers.s                 0x00000000   Number         0  __scatter_zi.o ABSOLUTE
    ../clib/angel/handlers.s                 0x00000000   Number         0  __scatter_copy.o ABSOLUTE
    ../clib/angel/kernel.s                   0x00000000   Number         0  __rtentry.o ABSOLUTE
    ../clib/angel/kernel.s                   0x00000000   Number         0  __rtentry2.o ABSOLUTE
    ../clib/angel/kernel.s                   0x00000000   Number         0  rtexit2.o ABSOLUTE
    ../clib/angel/kernel.s                   0x00000000   Number         0  rtexit.o ABSOLUTE
    ../clib/angel/kernel.s                   0x00000000   Number         0  __rtentry4.o ABSOLUTE
    ../clib/angel/rt.s                       0x00000000   Number         0  rt_raise.o ABSOLUTE
    ../clib/angel/scatter.s                  0x00000000   Number         0  __scatter.o ABSOLUTE
    ../clib/angel/startup.s                  0x00000000   Number         0  __main.o ABSOLUTE
    ../clib/angel/sys.s                      0x00000000   Number         0  sys_stackheap_outer.o ABSOLUTE
    ../clib/angel/sys.s                      0x00000000   Number         0  indicate_semi.o ABSOLUTE
    ../clib/angel/sys.s                      0x00000000   Number         0  use_no_semi.o ABSOLUTE
    ../clib/angel/sys.s                      0x00000000   Number         0  libspace.o ABSOLUTE
    ../clib/angel/sysapp.c                   0x00000000   Number         0  sys_command.o ABSOLUTE
    ../clib/angel/sysapp.c                   0x00000000   Number         0  sys_exit.o ABSOLUTE
    ../clib/angel/sysapp.c                   0x00000000   Number         0  sys_wrch.o ABSOLUTE
    ../clib/armsys.c                         0x00000000   Number         0  argv_veneer.o ABSOLUTE
    ../clib/armsys.c                         0x00000000   Number         0  argv_veneer.o ABSOLUTE
    ../clib/armsys.c                         0x00000000   Number         0  _get_argv_nomalloc.o ABSOLUTE
    ../clib/armsys.c                         0x00000000   Number         0  no_argv.o ABSOLUTE
    ../clib/heapalloc.c                      0x00000000   Number         0  hrguard.o ABSOLUTE
    ../clib/heapaux.c                        0x00000000   Number         0  heapauxi.o ABSOLUTE
    ../clib/libinit.s                        0x00000000   Number         0  libshutdown2.o ABSOLUTE
    ../clib/libinit.s                        0x00000000   Number         0  libinit2.o ABSOLUTE
    ../clib/libinit.s                        0x00000000   Number         0  libinit.o ABSOLUTE
    ../clib/libinit.s                        0x00000000   Number         0  libshutdown.o ABSOLUTE
    ../clib/memcpset.s                       0x00000000   Number         0  rt_memcpy_w.o ABSOLUTE
    ../clib/memcpset.s                       0x00000000   Number         0  rt_memcpy_v6.o ABSOLUTE
    ../clib/signal.c                         0x00000000   Number         0  defsig_segv_inner.o ABSOLUTE
    ../clib/signal.c                         0x00000000   Number         0  defsig_exit.o ABSOLUTE
    ../clib/signal.c                         0x00000000   Number         0  defsig_rtmem_inner.o ABSOLUTE
    ../clib/signal.c                         0x00000000   Number         0  __raise.o ABSOLUTE
    ../clib/signal.c                         0x00000000   Number         0  defsig_general.o ABSOLUTE
    ../clib/signal.c                         0x00000000   Number         0  defsig_other.o ABSOLUTE
    ../clib/signal.c                         0x00000000   Number         0  defsig_cppl_inner.o ABSOLUTE
    ../clib/signal.c                         0x00000000   Number         0  defsig_pvfn_inner.o ABSOLUTE
    ../clib/signal.c                         0x00000000   Number         0  defsig_rtmem_outer.o ABSOLUTE
    ../clib/signal.c                         0x00000000   Number         0  defsig_stak_inner.o ABSOLUTE
    ../clib/signal.c                         0x00000000   Number         0  defsig_rtred_inner.o ABSOLUTE
    ../clib/signal.c                         0x00000000   Number         0  defsig_fpe_inner.o ABSOLUTE
    ../clib/signal.c                         0x00000000   Number         0  defsig_abrt_inner.o ABSOLUTE
    ../clib/signal.c                         0x00000000   Number         0  defsig_rtmem_formal.o ABSOLUTE
    ../clib/signal.s                         0x00000000   Number         0  defsig.o ABSOLUTE
    ../clib/stdlib.c                         0x00000000   Number         0  exit.o ABSOLUTE
    ../fplib/d2f.s                           0x00000000   Number         0  d2f.o ABSOLUTE
    ../fplib/ddiv.s                          0x00000000   Number         0  ddiv.o ABSOLUTE
    ../fplib/dnaninf.s                       0x00000000   Number         0  dnaninf.o ABSOLUTE
    ../fplib/dretinf.s                       0x00000000   Number         0  dretinf.o ABSOLUTE
    ../fplib/f2d.s                           0x00000000   Number         0  f2d.o ABSOLUTE
    ../fplib/faddsub.s                       0x00000000   Number         0  faddsub_clz.o ABSOLUTE
    ../fplib/fcmpi.s                         0x00000000   Number         0  fcmpi.o ABSOLUTE
    ../fplib/fdiv.s                          0x00000000   Number         0  fdiv.o ABSOLUTE
    ../fplib/feqf.s                          0x00000000   Number         0  feqf.o ABSOLUTE
    ../fplib/ffixu.s                         0x00000000   Number         0  ffixu.o ABSOLUTE
    ../fplib/fflt.s                          0x00000000   Number         0  fflt_clz.o ABSOLUTE
    ../fplib/fleqf.s                         0x00000000   Number         0  fleqf.o ABSOLUTE
    ../fplib/fmul.s                          0x00000000   Number         0  fmul.o ABSOLUTE
    ../fplib/fnaninf.s                       0x00000000   Number         0  fnaninf.o ABSOLUTE
    ../fplib/fpinit.s                        0x00000000   Number         0  fpinit.o ABSOLUTE
    ../fplib/fretinf.s                       0x00000000   Number         0  fretinf.o ABSOLUTE
    ../fplib/frleqf.s                        0x00000000   Number         0  frleqf.o ABSOLUTE
    ../fplib/usenofp.s                       0x00000000   Number         0  usenofp.o ABSOLUTE
    ..\..\comps\Core\Src\main.c              0x00000000   Number         0  main.o ABSOLUTE
    ..\..\comps\application\src\control_app.c 0x00000000   Number         0  control_app.o ABSOLUTE
    ..\..\comps\application\src\pid_control.c 0x00000000   Number         0  pid_control.o ABSOLUTE
    ..\..\comps\application\src\protocol_handler.c 0x00000000   Number         0  protocol_handler.o ABSOLUTE
    ..\..\comps\common\src\frame_queue.c     0x00000000   Number         0  frame_queue.o ABSOLUTE
    ..\..\comps\common\src\queue_manager.c   0x00000000   Number         0  queue_manager.o ABSOLUTE
    ..\..\comps\mcu_drivers\src\drv_gpio.c   0x00000000   Number         0  drv_gpio.o ABSOLUTE
    ..\..\comps\mcu_drivers\src\drv_pwm.c    0x00000000   Number         0  drv_pwm.o ABSOLUTE
    ..\..\comps\mcu_drivers\src\drv_timer.c  0x00000000   Number         0  drv_timer.o ABSOLUTE
    ..\..\comps\mcu_drivers\src\drv_uart.c   0x00000000   Number         0  drv_uart.o ABSOLUTE
    ..\..\comps\platform\src\actuator_hal.c  0x00000000   Number         0  actuator_hal_1.o ABSOLUTE
    ..\..\comps\platform\src\comm_hal.c      0x00000000   Number         0  comm_hal_1.o ABSOLUTE
    ..\..\comps\platform\src\sensor_hal.c    0x00000000   Number         0  sensor_hal_1.o ABSOLUTE
    ..\..\comps\platform\src\soft_timer.c    0x00000000   Number         0  soft_timer_1.o ABSOLUTE
    ..\\..\\comps\\Core\\Src\\main.c         0x00000000   Number         0  main.o ABSOLUTE
    ..\\..\\comps\\application\\src\\control_app.c 0x00000000   Number         0  control_app.o ABSOLUTE
    ..\\..\\comps\\application\\src\\protocol_handler.c 0x00000000   Number         0  protocol_handler.o ABSOLUTE
    ..\\..\\comps\\mcu_drivers\\src\\drv_gpio.c 0x00000000   Number         0  drv_gpio.o ABSOLUTE
    ..\\..\\comps\\mcu_drivers\\src\\drv_pwm.c 0x00000000   Number         0  drv_pwm.o ABSOLUTE
    ..\\..\\comps\\mcu_drivers\\src\\drv_timer.c 0x00000000   Number         0  drv_timer.o ABSOLUTE
    ..\\..\\comps\\mcu_drivers\\src\\drv_uart.c 0x00000000   Number         0  drv_uart.o ABSOLUTE
    ..\\..\\comps\\platform\\src\\actuator_hal.c 0x00000000   Number         0  actuator_hal_1.o ABSOLUTE
    ..\\..\\comps\\platform\\src\\comm_hal.c 0x00000000   Number         0  comm_hal_1.o ABSOLUTE
    ..\\..\\comps\\platform\\src\\sensor_hal.c 0x00000000   Number         0  sensor_hal_1.o ABSOLUTE
    ..\\..\\comps\\platform\\src\\soft_timer.c 0x00000000   Number         0  soft_timer_1.o ABSOLUTE
    RTE\Device\STM32F103C8\startup_stm32f10x_md.s 0x00000000   Number         0  startup_stm32f10x_md.o ABSOLUTE
    RTE\Device\STM32F103C8\system_stm32f10x.c 0x00000000   Number         0  system_stm32f10x.o ABSOLUTE
    RTE\\Device\\STM32F103C8\\system_stm32f10x.c 0x00000000   Number         0  system_stm32f10x.o ABSOLUTE
    dc.s                                     0x00000000   Number         0  dc.o ABSOLUTE
    RESET                                    0x08000000   Section      236  startup_stm32f10x_md.o(RESET)
    !!!main                                  0x080000ec   Section        8  __main.o(!!!main)
    !!!scatter                               0x080000f4   Section       52  __scatter.o(!!!scatter)
    !!handler_copy                           0x08000128   Section       26  __scatter_copy.o(!!handler_copy)
    !!handler_zi                             0x08000144   Section       28  __scatter_zi.o(!!handler_zi)
    .ARM.Collect$$libinit$$00000000          0x08000160   Section        2  libinit.o(.ARM.Collect$$libinit$$00000000)
    .ARM.Collect$$libinit$$00000002          0x08000162   Section        0  libinit2.o(.ARM.Collect$$libinit$$00000002)
    .ARM.Collect$$libinit$$00000004          0x08000162   Section        0  libinit2.o(.ARM.Collect$$libinit$$00000004)
    .ARM.Collect$$libinit$$0000000A          0x08000162   Section        0  libinit2.o(.ARM.Collect$$libinit$$0000000A)
    .ARM.Collect$$libinit$$0000000C          0x08000162   Section        0  libinit2.o(.ARM.Collect$$libinit$$0000000C)
    .ARM.Collect$$libinit$$0000000E          0x08000162   Section        0  libinit2.o(.ARM.Collect$$libinit$$0000000E)
    .ARM.Collect$$libinit$$00000011          0x08000162   Section        0  libinit2.o(.ARM.Collect$$libinit$$00000011)
    .ARM.Collect$$libinit$$00000013          0x08000162   Section        0  libinit2.o(.ARM.Collect$$libinit$$00000013)
    .ARM.Collect$$libinit$$00000015          0x08000162   Section        0  libinit2.o(.ARM.Collect$$libinit$$00000015)
    .ARM.Collect$$libinit$$00000017          0x08000162   Section        0  libinit2.o(.ARM.Collect$$libinit$$00000017)
    .ARM.Collect$$libinit$$00000019          0x08000162   Section        0  libinit2.o(.ARM.Collect$$libinit$$00000019)
    .ARM.Collect$$libinit$$0000001B          0x08000162   Section        0  libinit2.o(.ARM.Collect$$libinit$$0000001B)
    .ARM.Collect$$libinit$$0000001D          0x08000162   Section        0  libinit2.o(.ARM.Collect$$libinit$$0000001D)
    .ARM.Collect$$libinit$$0000001F          0x08000162   Section        0  libinit2.o(.ARM.Collect$$libinit$$0000001F)
    .ARM.Collect$$libinit$$00000021          0x08000162   Section        0  libinit2.o(.ARM.Collect$$libinit$$00000021)
    .ARM.Collect$$libinit$$00000023          0x08000162   Section        0  libinit2.o(.ARM.Collect$$libinit$$00000023)
    .ARM.Collect$$libinit$$00000025          0x08000162   Section        0  libinit2.o(.ARM.Collect$$libinit$$00000025)
    .ARM.Collect$$libinit$$0000002C          0x08000162   Section        0  libinit2.o(.ARM.Collect$$libinit$$0000002C)
    .ARM.Collect$$libinit$$0000002E          0x08000162   Section        0  libinit2.o(.ARM.Collect$$libinit$$0000002E)
    .ARM.Collect$$libinit$$00000030          0x08000162   Section        0  libinit2.o(.ARM.Collect$$libinit$$00000030)
    .ARM.Collect$$libinit$$00000032          0x08000162   Section        0  libinit2.o(.ARM.Collect$$libinit$$00000032)
    .ARM.Collect$$libinit$$00000033          0x08000162   Section        2  libinit2.o(.ARM.Collect$$libinit$$00000033)
    .ARM.Collect$$libshutdown$$00000000      0x08000164   Section        2  libshutdown.o(.ARM.Collect$$libshutdown$$00000000)
    .ARM.Collect$$libshutdown$$00000002      0x08000166   Section        0  libshutdown2.o(.ARM.Collect$$libshutdown$$00000002)
    .ARM.Collect$$libshutdown$$00000004      0x08000166   Section        0  libshutdown2.o(.ARM.Collect$$libshutdown$$00000004)
    .ARM.Collect$$libshutdown$$00000007      0x08000166   Section        0  libshutdown2.o(.ARM.Collect$$libshutdown$$00000007)
    .ARM.Collect$$libshutdown$$0000000A      0x08000166   Section        0  libshutdown2.o(.ARM.Collect$$libshutdown$$0000000A)
    .ARM.Collect$$libshutdown$$0000000C      0x08000166   Section        0  libshutdown2.o(.ARM.Collect$$libshutdown$$0000000C)
    .ARM.Collect$$libshutdown$$0000000F      0x08000166   Section        0  libshutdown2.o(.ARM.Collect$$libshutdown$$0000000F)
    .ARM.Collect$$libshutdown$$00000010      0x08000166   Section        2  libshutdown2.o(.ARM.Collect$$libshutdown$$00000010)
    .ARM.Collect$$rtentry$$00000000          0x08000168   Section        0  __rtentry.o(.ARM.Collect$$rtentry$$00000000)
    .ARM.Collect$$rtentry$$00000002          0x08000168   Section        0  __rtentry2.o(.ARM.Collect$$rtentry$$00000002)
    .ARM.Collect$$rtentry$$00000004          0x08000168   Section        6  __rtentry4.o(.ARM.Collect$$rtentry$$00000004)
    .ARM.Collect$$rtentry$$00000009          0x0800016e   Section        0  __rtentry2.o(.ARM.Collect$$rtentry$$00000009)
    .ARM.Collect$$rtentry$$0000000A          0x0800016e   Section        4  __rtentry2.o(.ARM.Collect$$rtentry$$0000000A)
    .ARM.Collect$$rtentry$$0000000C          0x08000172   Section        0  __rtentry2.o(.ARM.Collect$$rtentry$$0000000C)
    .ARM.Collect$$rtentry$$0000000D          0x08000172   Section        8  __rtentry2.o(.ARM.Collect$$rtentry$$0000000D)
    .ARM.Collect$$rtexit$$00000000           0x0800017a   Section        2  rtexit.o(.ARM.Collect$$rtexit$$00000000)
    .ARM.Collect$$rtexit$$00000002           0x0800017c   Section        0  rtexit2.o(.ARM.Collect$$rtexit$$00000002)
    .ARM.Collect$$rtexit$$00000003           0x0800017c   Section        4  rtexit2.o(.ARM.Collect$$rtexit$$00000003)
    .ARM.Collect$$rtexit$$00000004           0x08000180   Section        6  rtexit2.o(.ARM.Collect$$rtexit$$00000004)
    .text                                    0x08000188   Section       64  startup_stm32f10x_md.o(.text)
    .text                                    0x080001c8   Section      138  rt_memcpy_v6.o(.text)
    .text                                    0x08000252   Section        0  heapauxi.o(.text)
    .text                                    0x08000258   Section      100  rt_memcpy_w.o(.text)
    .text                                    0x080002bc   Section       74  sys_stackheap_outer.o(.text)
    .text                                    0x08000306   Section        0  exit.o(.text)
    .text                                    0x08000318   Section        8  libspace.o(.text)
    .text                                    0x08000320   Section        0  sys_exit.o(.text)
    .text                                    0x0800032c   Section        2  use_no_semi.o(.text)
    .text                                    0x0800032e   Section        0  indicate_semi.o(.text)
    i.ActuatorHAL_Init                       0x0800032e   Section        0  actuator_hal_1.o(i.ActuatorHAL_Init)
    i.ActuatorHAL_Set                        0x0800037c   Section        0  actuator_hal_1.o(i.ActuatorHAL_Set)
    i.CommHAL_Init                           0x08000734   Section        0  comm_hal_1.o(i.CommHAL_Init)
    i.CommHAL_ReceiveFrame                   0x08000760   Section        0  comm_hal_1.o(i.CommHAL_ReceiveFrame)
    i.CommHAL_RxByteCallback                 0x0800076c   Section        0  comm_hal_1.o(i.CommHAL_RxByteCallback)
    i.CommHAL_SendFrame                      0x08000868   Section        0  comm_hal_1.o(i.CommHAL_SendFrame)
    i.CommHAL_SystickUpdate                  0x08000884   Section        0  comm_hal_1.o(i.CommHAL_SystickUpdate)
    i.ControlApp_Init                        0x08000894   Section        0  control_app.o(i.ControlApp_Init)
    i.ControlApp_Run                         0x08000934   Section        0  control_app.o(i.ControlApp_Run)
    i.ControlApp_SetMode                     0x080009b4   Section        0  control_app.o(i.ControlApp_SetMode)
    i.ControlApp_SetPIDTune                  0x080009cc   Section        0  control_app.o(i.ControlApp_SetPIDTune)
    i.ControlApp_SetTempSetPoint             0x080009dc   Section        0  control_app.o(i.ControlApp_SetTempSetPoint)
    i.ControlApp_SystickUpdate               0x080009e8   Section        0  control_app.o(i.ControlApp_SystickUpdate)
    i.ControlApp_Update                      0x08000a04   Section        0  control_app.o(i.ControlApp_Update)
    i.DHT22_Check_Response                   0x08000bc4   Section        0  sensor_hal_1.o(i.DHT22_Check_Response)
    i.DHT22_ReadData                         0x08000c1c   Section        0  sensor_hal_1.o(i.DHT22_ReadData)
    i.DHT22_Read_Byte                        0x08000d00   Section        0  sensor_hal_1.o(i.DHT22_Read_Byte)
    i.DHT22_Start                            0x08000d76   Section        0  sensor_hal_1.o(i.DHT22_Start)
    i.DRV_PWM_Init                           0x08000dbc   Section        0  drv_pwm.o(i.DRV_PWM_Init)
    i.DRV_PWM_SetDuty                        0x08000efc   Section        0  drv_pwm.o(i.DRV_PWM_SetDuty)
    i.DRV_PWM_Start                          0x08000f4a   Section        0  drv_pwm.o(i.DRV_PWM_Start)
    i.DRV_UART1_Init                         0x08000fa4   Section        0  drv_uart.o(i.DRV_UART1_Init)
    i.DRV_UART1_SendByte                     0x08001080   Section        0  drv_uart.o(i.DRV_UART1_SendByte)
    i.DRV_UART1_SendBytes                    0x0800109c   Section        0  drv_uart.o(i.DRV_UART1_SendBytes)
    i.FrameQueue_Init                        0x080010bc   Section        0  frame_queue.o(i.FrameQueue_Init)
    i.FrameQueue_Pop                         0x080010c8   Section        0  frame_queue.o(i.FrameQueue_Pop)
    i.FrameQueue_Push                        0x08001106   Section        0  frame_queue.o(i.FrameQueue_Push)
    i.Frame_GetLength                        0x08001140   Section        0  comm_hal_1.o(i.Frame_GetLength)
    Frame_GetLength                          0x08001141   Thumb Code    14  comm_hal_1.o(i.Frame_GetLength)
    i.Frame_GetLength                        0x0800114e   Section        0  protocol_handler.o(i.Frame_GetLength)
    Frame_GetLength                          0x0800114f   Thumb Code    14  protocol_handler.o(i.Frame_GetLength)
    i.Frame_GetMid                           0x0800115c   Section        0  protocol_handler.o(i.Frame_GetMid)
    Frame_GetMid                             0x0800115d   Thumb Code     8  protocol_handler.o(i.Frame_GetMid)
    i.GPIO_Init                              0x08001164   Section        0  drv_gpio.o(i.GPIO_Init)
    i.GPIO_Read                              0x0800122c   Section        0  drv_gpio.o(i.GPIO_Read)
    i.GPIO_Write                             0x08001270   Section        0  drv_gpio.o(i.GPIO_Write)
    i.Get_Timer_Instance                     0x080012b8   Section        0  drv_pwm.o(i.Get_Timer_Instance)
    Get_Timer_Instance                       0x080012b9   Thumb Code    42  drv_pwm.o(i.Get_Timer_Instance)
    i.PID_Compute                            0x080012f0   Section        0  pid_control.o(i.PID_Compute)
    i.PID_Init                               0x08001404   Section        0  pid_control.o(i.PID_Init)
    i.Protocol_Init                          0x08001412   Section        0  protocol_handler.o(i.Protocol_Init)
    i.Protocol_Run                           0x0800141c   Section        0  protocol_handler.o(i.Protocol_Run)
    i.Protocol_SendStatus                    0x080014b0   Section        0  protocol_handler.o(i.Protocol_SendStatus)
    i.Protocol_SystickUpdate                 0x080014f4   Section        0  protocol_handler.o(i.Protocol_SystickUpdate)
    i.QueueMnr_Init                          0x08001510   Section        0  queue_manager.o(i.QueueMnr_Init)
    i.RX_Queue_Pop                           0x08001528   Section        0  queue_manager.o(i.RX_Queue_Pop)
    i.RX_Queue_Push                          0x0800153c   Section        0  queue_manager.o(i.RX_Queue_Push)
    i.SetSysClock                            0x08001550   Section        0  system_stm32f10x.o(i.SetSysClock)
    SetSysClock                              0x08001551   Thumb Code     8  system_stm32f10x.o(i.SetSysClock)
    i.SetSysClockTo72                        0x08001558   Section        0  system_stm32f10x.o(i.SetSysClockTo72)
    SetSysClockTo72                          0x08001559   Thumb Code   214  system_stm32f10x.o(i.SetSysClockTo72)
    i.SoftTimer_Dispatch                     0x08001638   Section        0  soft_timer_1.o(i.SoftTimer_Dispatch)
    i.SoftTimer_Start                        0x08001654   Section        0  soft_timer_1.o(i.SoftTimer_Start)
    i.SoftTimer_Stop                         0x08001664   Section        0  soft_timer_1.o(i.SoftTimer_Stop)
    i.SoftTimer_Update                       0x0800166a   Section        0  soft_timer_1.o(i.SoftTimer_Update)
    i.SysTick_Handler                        0x0800168e   Section        0  main.o(i.SysTick_Handler)
    i.SystemInit                             0x08001698   Section        0  system_stm32f10x.o(i.SystemInit)
    i.SystickInit                            0x080016f8   Section        0  drv_timer.o(i.SystickInit)
    i.TX_Queue_Pop                           0x08001714   Section        0  queue_manager.o(i.TX_Queue_Pop)
    i.TX_Queue_Push                          0x08001728   Section        0  queue_manager.o(i.TX_Queue_Push)
    i.USART1_IRQHandler                      0x0800173c   Section        0  drv_uart.o(i.USART1_IRQHandler)
    i.actuator_error_to_mid                  0x08001760   Section        0  control_app.o(i.actuator_error_to_mid)
    actuator_error_to_mid                    0x08001761   Thumb Code    40  control_app.o(i.actuator_error_to_mid)
    i.actuator_push_error                    0x08001788   Section        0  control_app.o(i.actuator_push_error)
    actuator_push_error                      0x08001789   Thumb Code    74  control_app.o(i.actuator_push_error)
    i.delay_ms                               0x080017d2   Section        0  drv_timer.o(i.delay_ms)
    i.delay_us                               0x080017ec   Section        0  drv_timer.o(i.delay_us)
    i.enqueue_frame                          0x08001830   Section        0  protocol_handler.o(i.enqueue_frame)
    enqueue_frame                            0x08001831   Thumb Code    94  protocol_handler.o(i.enqueue_frame)
    i.handle_actuator                        0x08001898   Section        0  protocol_handler.o(i.handle_actuator)
    handle_actuator                          0x08001899   Thumb Code   218  protocol_handler.o(i.handle_actuator)
    i.handle_pid                             0x08001978   Section        0  protocol_handler.o(i.handle_pid)
    handle_pid                               0x08001979   Thumb Code    96  protocol_handler.o(i.handle_pid)
    i.handle_system                          0x080019d8   Section        0  protocol_handler.o(i.handle_system)
    handle_system                            0x080019d9   Thumb Code   338  protocol_handler.o(i.handle_system)
    i.main                                   0x08001b30   Section        0  main.o(i.main)
    i.on_report_timer                        0x08001b3c   Section        0  control_app.o(i.on_report_timer)
    on_report_timer                          0x08001b3d   Thumb Code     8  control_app.o(i.on_report_timer)
    i.on_rx_byte_timeout                     0x08001b48   Section        0  comm_hal_1.o(i.on_rx_byte_timeout)
    on_rx_byte_timeout                       0x08001b49   Thumb Code     8  comm_hal_1.o(i.on_rx_byte_timeout)
    i.on_rx_timeout                          0x08001b54   Section        0  protocol_handler.o(i.on_rx_timeout)
    on_rx_timeout                            0x08001b55   Thumb Code     8  protocol_handler.o(i.on_rx_timeout)
    i.on_sensor_timer                        0x08001b60   Section        0  control_app.o(i.on_sensor_timer)
    on_sensor_timer                          0x08001b61   Thumb Code     8  control_app.o(i.on_sensor_timer)
    i.on_tx_timeout                          0x08001b6c   Section        0  protocol_handler.o(i.on_tx_timeout)
    on_tx_timeout                            0x08001b6d   Thumb Code     8  protocol_handler.o(i.on_tx_timeout)
    i.send_status_frame                      0x08001b78   Section        0  protocol_handler.o(i.send_status_frame)
    send_status_frame                        0x08001b79   Thumb Code    24  protocol_handler.o(i.send_status_frame)
    i.timerInitForDelay                      0x08001b90   Section        0  drv_timer.o(i.timerInitForDelay)
    x$fpl$d2f                                0x08001bcc   Section       98  d2f.o(x$fpl$d2f)
    x$fpl$ddiv                               0x08001c30   Section      688  ddiv.o(x$fpl$ddiv)
    ddiv_entry                               0x08001c37   Thumb Code     0  ddiv.o(x$fpl$ddiv)
    x$fpl$dnaninf                            0x08001ee0   Section      156  dnaninf.o(x$fpl$dnaninf)
    x$fpl$dretinf                            0x08001f7c   Section       12  dretinf.o(x$fpl$dretinf)
    x$fpl$f2d                                0x08001f88   Section       86  f2d.o(x$fpl$f2d)
    x$fpl$fadd                               0x08001fe0   Section      196  faddsub_clz.o(x$fpl$fadd)
    _fadd1                                   0x08001fef   Thumb Code     0  faddsub_clz.o(x$fpl$fadd)
    x$fpl$fcmpinf                            0x080020a4   Section       24  fcmpi.o(x$fpl$fcmpinf)
    x$fpl$fdiv                               0x080020bc   Section      388  fdiv.o(x$fpl$fdiv)
    _fdiv1                                   0x080020bd   Thumb Code     0  fdiv.o(x$fpl$fdiv)
    x$fpl$feqf                               0x08002240   Section      104  feqf.o(x$fpl$feqf)
    x$fpl$ffixu                              0x080022a8   Section       62  ffixu.o(x$fpl$ffixu)
    x$fpl$ffltu                              0x080022e8   Section       38  fflt_clz.o(x$fpl$ffltu)
    x$fpl$fleqf                              0x08002310   Section      104  fleqf.o(x$fpl$fleqf)
    x$fpl$fmul                               0x08002378   Section      258  fmul.o(x$fpl$fmul)
    x$fpl$fnaninf                            0x0800247a   Section      140  fnaninf.o(x$fpl$fnaninf)
    x$fpl$fretinf                            0x08002506   Section       10  fretinf.o(x$fpl$fretinf)
    x$fpl$frleqf                             0x08002510   Section       98  frleqf.o(x$fpl$frleqf)
    x$fpl$frsb                               0x08002572   Section       20  faddsub_clz.o(x$fpl$frsb)
    x$fpl$fsub                               0x08002588   Section      234  faddsub_clz.o(x$fpl$fsub)
    _fsub1                                   0x08002597   Thumb Code     0  faddsub_clz.o(x$fpl$fsub)
    x$fpl$usenofp                            0x08002672   Section        0  usenofp.o(x$fpl$usenofp)
    .data                                    0x20000000   Section        7  comm_hal_1.o(.data)
    s_rx_state                               0x20000000   Data           1  comm_hal_1.o(.data)
    s_rx_payload_idx                         0x20000002   Data           2  comm_hal_1.o(.data)
    s_rx_length                              0x20000004   Data           2  comm_hal_1.o(.data)
    s_rx_byte_timeout_flag                   0x20000006   Data           1  comm_hal_1.o(.data)
    .data                                    0x20000008   Section       13  sensor_hal_1.o(.data)
    .data                                    0x20000018   Section       29  control_app.o(.data)
    g_data                                   0x20000018   Data          20  control_app.o(.data)
    s_sensor_due                             0x2000002c   Data           1  control_app.o(.data)
    s_report_due                             0x2000002d   Data           1  control_app.o(.data)
    target_temperature                       0x20000030   Data           4  control_app.o(.data)
    current_app_mode                         0x20000034   Data           1  control_app.o(.data)
    .data                                    0x20000035   Section        2  protocol_handler.o(.data)
    s_rx_timeout_flag                        0x20000035   Data           1  protocol_handler.o(.data)
    s_tx_timeout_flag                        0x20000036   Data           1  protocol_handler.o(.data)
    .bss                                     0x20000038   Section       92  comm_hal_1.o(.bss)
    s_rx_frame                               0x20000038   Data          69  comm_hal_1.o(.bss)
    s_rx_byte_timeout                        0x20000080   Data          20  comm_hal_1.o(.bss)
    .bss                                     0x20000094   Section       96  control_app.o(.bss)
    s_sensor_timer                           0x20000094   Data          20  control_app.o(.bss)
    s_report_timer                           0x200000a8   Data          20  control_app.o(.bss)
    heater_pid                               0x200000bc   Data          56  control_app.o(.bss)
    .bss                                     0x200000f4   Section       40  protocol_handler.o(.bss)
    s_rx_timeout                             0x200000f4   Data          20  protocol_handler.o(.bss)
    s_tx_timeout                             0x20000108   Data          20  protocol_handler.o(.bss)
    .bss                                     0x2000011c   Section     1108  queue_manager.o(.bss)
    tx_queue                                 0x2000011c   Data         554  queue_manager.o(.bss)
    rx_queue                                 0x20000346   Data         554  queue_manager.o(.bss)
    .bss                                     0x20000570   Section       96  libspace.o(.bss)
    HEAP                                     0x200005d0   Section      512  startup_stm32f10x_md.o(HEAP)
    Heap_Mem                                 0x200005d0   Data         512  startup_stm32f10x_md.o(HEAP)
    STACK                                    0x200007d0   Section     1024  startup_stm32f10x_md.o(STACK)
    Stack_Mem                                0x200007d0   Data        1024  startup_stm32f10x_md.o(STACK)
    __initial_sp                             0x20000bd0   Data           0  startup_stm32f10x_md.o(STACK)

    Global Symbols

    Symbol Name                              Value     Ov Type        Size  Object(Section)

    BuildAttributes$$THM_ISAv4$P$D$K$B$S$PE$A:L22UL41UL21$X:L11$S22US41US21$IEEE1$IW$USESV6$~STKCKD$USESV7$~SHL$OSPACE$ROPI$EBA8$UX$STANDARDLIB$REQ8$PRES8$EABIv2 0x00000000   Number         0  anon$$obj.o ABSOLUTE
    __ARM_use_no_argv                        0x00000000   Number         0  main.o ABSOLUTE
    __ARM_exceptions_init                     - Undefined Weak Reference
    __alloca_initialize                       - Undefined Weak Reference
    __arm_preinit_                            - Undefined Weak Reference
    __cpp_initialize__aeabi_                  - Undefined Weak Reference
    __cxa_finalize                            - Undefined Weak Reference
    __rt_locale                               - Undefined Weak Reference
    __sigvec_lookup                           - Undefined Weak Reference
    _atexit_init                              - Undefined Weak Reference
    _call_atexit_fns                          - Undefined Weak Reference
    _clock_init                               - Undefined Weak Reference
    _fp_trap_init                             - Undefined Weak Reference
    _fp_trap_shutdown                         - Undefined Weak Reference
    _get_lc_collate                           - Undefined Weak Reference
    _get_lc_ctype                             - Undefined Weak Reference
    _get_lc_monetary                          - Undefined Weak Reference
    _get_lc_numeric                           - Undefined Weak Reference
    _get_lc_time                              - Undefined Weak Reference
    _getenv_init                              - Undefined Weak Reference
    _handle_redirection                       - Undefined Weak Reference
    _init_alloc                               - Undefined Weak Reference
    _init_user_alloc                          - Undefined Weak Reference
    _initio                                   - Undefined Weak Reference
    _rand_init                                - Undefined Weak Reference
    _signal_finish                            - Undefined Weak Reference
    _signal_init                              - Undefined Weak Reference
    _terminate_alloc                          - Undefined Weak Reference
    _terminate_user_alloc                     - Undefined Weak Reference
    _terminateio                              - Undefined Weak Reference
    __Vectors_Size                           0x000000ec   Number         0  startup_stm32f10x_md.o ABSOLUTE
    __Vectors                                0x08000000   Data           4  startup_stm32f10x_md.o(RESET)
    __Vectors_End                            0x080000ec   Data           0  startup_stm32f10x_md.o(RESET)
    __main                                   0x080000ed   Thumb Code     8  __main.o(!!!main)
    __scatterload                            0x080000f5   Thumb Code     0  __scatter.o(!!!scatter)
    __scatterload_rt2                        0x080000f5   Thumb Code    44  __scatter.o(!!!scatter)
    __scatterload_rt2_thumb_only             0x080000f5   Thumb Code     0  __scatter.o(!!!scatter)
    __scatterload_null                       0x08000103   Thumb Code     0  __scatter.o(!!!scatter)
    __scatterload_copy                       0x08000129   Thumb Code    26  __scatter_copy.o(!!handler_copy)
    __scatterload_zeroinit                   0x08000145   Thumb Code    28  __scatter_zi.o(!!handler_zi)
    __rt_lib_init                            0x08000161   Thumb Code     0  libinit.o(.ARM.Collect$$libinit$$00000000)
    __rt_lib_init_alloca_1                   0x08000163   Thumb Code     0  libinit2.o(.ARM.Collect$$libinit$$0000002E)
    __rt_lib_init_argv_1                     0x08000163   Thumb Code     0  libinit2.o(.ARM.Collect$$libinit$$0000002C)
    __rt_lib_init_atexit_1                   0x08000163   Thumb Code     0  libinit2.o(.ARM.Collect$$libinit$$0000001B)
    __rt_lib_init_clock_1                    0x08000163   Thumb Code     0  libinit2.o(.ARM.Collect$$libinit$$00000021)
    __rt_lib_init_cpp_1                      0x08000163   Thumb Code     0  libinit2.o(.ARM.Collect$$libinit$$00000032)
    __rt_lib_init_exceptions_1               0x08000163   Thumb Code     0  libinit2.o(.ARM.Collect$$libinit$$00000030)
    __rt_lib_init_fp_1                       0x08000163   Thumb Code     0  libinit2.o(.ARM.Collect$$libinit$$00000002)
    __rt_lib_init_fp_trap_1                  0x08000163   Thumb Code     0  libinit2.o(.ARM.Collect$$libinit$$0000001F)
    __rt_lib_init_getenv_1                   0x08000163   Thumb Code     0  libinit2.o(.ARM.Collect$$libinit$$00000023)
    __rt_lib_init_heap_1                     0x08000163   Thumb Code     0  libinit2.o(.ARM.Collect$$libinit$$0000000A)
    __rt_lib_init_lc_collate_1               0x08000163   Thumb Code     0  libinit2.o(.ARM.Collect$$libinit$$00000011)
    __rt_lib_init_lc_ctype_1                 0x08000163   Thumb Code     0  libinit2.o(.ARM.Collect$$libinit$$00000013)
    __rt_lib_init_lc_monetary_1              0x08000163   Thumb Code     0  libinit2.o(.ARM.Collect$$libinit$$00000015)
    __rt_lib_init_lc_numeric_1               0x08000163   Thumb Code     0  libinit2.o(.ARM.Collect$$libinit$$00000017)
    __rt_lib_init_lc_time_1                  0x08000163   Thumb Code     0  libinit2.o(.ARM.Collect$$libinit$$00000019)
    __rt_lib_init_preinit_1                  0x08000163   Thumb Code     0  libinit2.o(.ARM.Collect$$libinit$$00000004)
    __rt_lib_init_rand_1                     0x08000163   Thumb Code     0  libinit2.o(.ARM.Collect$$libinit$$0000000E)
    __rt_lib_init_return                     0x08000163   Thumb Code     0  libinit2.o(.ARM.Collect$$libinit$$00000033)
    __rt_lib_init_signal_1                   0x08000163   Thumb Code     0  libinit2.o(.ARM.Collect$$libinit$$0000001D)
    __rt_lib_init_stdio_1                    0x08000163   Thumb Code     0  libinit2.o(.ARM.Collect$$libinit$$00000025)
    __rt_lib_init_user_alloc_1               0x08000163   Thumb Code     0  libinit2.o(.ARM.Collect$$libinit$$0000000C)
    __rt_lib_shutdown                        0x08000165   Thumb Code     0  libshutdown.o(.ARM.Collect$$libshutdown$$00000000)
    __rt_lib_shutdown_cpp_1                  0x08000167   Thumb Code     0  libshutdown2.o(.ARM.Collect$$libshutdown$$00000002)
    __rt_lib_shutdown_fp_trap_1              0x08000167   Thumb Code     0  libshutdown2.o(.ARM.Collect$$libshutdown$$00000007)
    __rt_lib_shutdown_heap_1                 0x08000167   Thumb Code     0  libshutdown2.o(.ARM.Collect$$libshutdown$$0000000F)
    __rt_lib_shutdown_return                 0x08000167   Thumb Code     0  libshutdown2.o(.ARM.Collect$$libshutdown$$00000010)
    __rt_lib_shutdown_signal_1               0x08000167   Thumb Code     0  libshutdown2.o(.ARM.Collect$$libshutdown$$0000000A)
    __rt_lib_shutdown_stdio_1                0x08000167   Thumb Code     0  libshutdown2.o(.ARM.Collect$$libshutdown$$00000004)
    __rt_lib_shutdown_user_alloc_1           0x08000167   Thumb Code     0  libshutdown2.o(.ARM.Collect$$libshutdown$$0000000C)
    __rt_entry                               0x08000169   Thumb Code     0  __rtentry.o(.ARM.Collect$$rtentry$$00000000)
    __rt_entry_presh_1                       0x08000169   Thumb Code     0  __rtentry2.o(.ARM.Collect$$rtentry$$00000002)
    __rt_entry_sh                            0x08000169   Thumb Code     0  __rtentry4.o(.ARM.Collect$$rtentry$$00000004)
    __rt_entry_li                            0x0800016f   Thumb Code     0  __rtentry2.o(.ARM.Collect$$rtentry$$0000000A)
    __rt_entry_postsh_1                      0x0800016f   Thumb Code     0  __rtentry2.o(.ARM.Collect$$rtentry$$00000009)
    __rt_entry_main                          0x08000173   Thumb Code     0  __rtentry2.o(.ARM.Collect$$rtentry$$0000000D)
    __rt_entry_postli_1                      0x08000173   Thumb Code     0  __rtentry2.o(.ARM.Collect$$rtentry$$0000000C)
    __rt_exit                                0x0800017b   Thumb Code     0  rtexit.o(.ARM.Collect$$rtexit$$00000000)
    __rt_exit_ls                             0x0800017d   Thumb Code     0  rtexit2.o(.ARM.Collect$$rtexit$$00000003)
    __rt_exit_prels_1                        0x0800017d   Thumb Code     0  rtexit2.o(.ARM.Collect$$rtexit$$00000002)
    __rt_exit_exit                           0x08000181   Thumb Code     0  rtexit2.o(.ARM.Collect$$rtexit$$00000004)
    Reset_Handler                            0x08000189   Thumb Code     8  startup_stm32f10x_md.o(.text)
    NMI_Handler                              0x08000191   Thumb Code     2  startup_stm32f10x_md.o(.text)
    HardFault_Handler                        0x08000193   Thumb Code     2  startup_stm32f10x_md.o(.text)
    MemManage_Handler                        0x08000195   Thumb Code     2  startup_stm32f10x_md.o(.text)
    BusFault_Handler                         0x08000197   Thumb Code     2  startup_stm32f10x_md.o(.text)
    UsageFault_Handler                       0x08000199   Thumb Code     2  startup_stm32f10x_md.o(.text)
    SVC_Handler                              0x0800019b   Thumb Code     2  startup_stm32f10x_md.o(.text)
    DebugMon_Handler                         0x0800019d   Thumb Code     2  startup_stm32f10x_md.o(.text)
    PendSV_Handler                           0x0800019f   Thumb Code     2  startup_stm32f10x_md.o(.text)
    ADC1_2_IRQHandler                        0x080001a3   Thumb Code     0  startup_stm32f10x_md.o(.text)
    CAN1_RX1_IRQHandler                      0x080001a3   Thumb Code     0  startup_stm32f10x_md.o(.text)
    CAN1_SCE_IRQHandler                      0x080001a3   Thumb Code     0  startup_stm32f10x_md.o(.text)
    DMA1_Channel1_IRQHandler                 0x080001a3   Thumb Code     0  startup_stm32f10x_md.o(.text)
    DMA1_Channel2_IRQHandler                 0x080001a3   Thumb Code     0  startup_stm32f10x_md.o(.text)
    DMA1_Channel3_IRQHandler                 0x080001a3   Thumb Code     0  startup_stm32f10x_md.o(.text)
    DMA1_Channel4_IRQHandler                 0x080001a3   Thumb Code     0  startup_stm32f10x_md.o(.text)
    DMA1_Channel5_IRQHandler                 0x080001a3   Thumb Code     0  startup_stm32f10x_md.o(.text)
    DMA1_Channel6_IRQHandler                 0x080001a3   Thumb Code     0  startup_stm32f10x_md.o(.text)
    DMA1_Channel7_IRQHandler                 0x080001a3   Thumb Code     0  startup_stm32f10x_md.o(.text)
    EXTI0_IRQHandler                         0x080001a3   Thumb Code     0  startup_stm32f10x_md.o(.text)
    EXTI15_10_IRQHandler                     0x080001a3   Thumb Code     0  startup_stm32f10x_md.o(.text)
    EXTI1_IRQHandler                         0x080001a3   Thumb Code     0  startup_stm32f10x_md.o(.text)
    EXTI2_IRQHandler                         0x080001a3   Thumb Code     0  startup_stm32f10x_md.o(.text)
    EXTI3_IRQHandler                         0x080001a3   Thumb Code     0  startup_stm32f10x_md.o(.text)
    EXTI4_IRQHandler                         0x080001a3   Thumb Code     0  startup_stm32f10x_md.o(.text)
    EXTI9_5_IRQHandler                       0x080001a3   Thumb Code     0  startup_stm32f10x_md.o(.text)
    FLASH_IRQHandler                         0x080001a3   Thumb Code     0  startup_stm32f10x_md.o(.text)
    I2C1_ER_IRQHandler                       0x080001a3   Thumb Code     0  startup_stm32f10x_md.o(.text)
    I2C1_EV_IRQHandler                       0x080001a3   Thumb Code     0  startup_stm32f10x_md.o(.text)
    I2C2_ER_IRQHandler                       0x080001a3   Thumb Code     0  startup_stm32f10x_md.o(.text)
    I2C2_EV_IRQHandler                       0x080001a3   Thumb Code     0  startup_stm32f10x_md.o(.text)
    PVD_IRQHandler                           0x080001a3   Thumb Code     0  startup_stm32f10x_md.o(.text)
    RCC_IRQHandler                           0x080001a3   Thumb Code     0  startup_stm32f10x_md.o(.text)
    RTCAlarm_IRQHandler                      0x080001a3   Thumb Code     0  startup_stm32f10x_md.o(.text)
    RTC_IRQHandler                           0x080001a3   Thumb Code     0  startup_stm32f10x_md.o(.text)
    SPI1_IRQHandler                          0x080001a3   Thumb Code     0  startup_stm32f10x_md.o(.text)
    SPI2_IRQHandler                          0x080001a3   Thumb Code     0  startup_stm32f10x_md.o(.text)
    TAMPER_IRQHandler                        0x080001a3   Thumb Code     0  startup_stm32f10x_md.o(.text)
    TIM1_BRK_IRQHandler                      0x080001a3   Thumb Code     0  startup_stm32f10x_md.o(.text)
    TIM1_CC_IRQHandler                       0x080001a3   Thumb Code     0  startup_stm32f10x_md.o(.text)
    TIM1_TRG_COM_IRQHandler                  0x080001a3   Thumb Code     0  startup_stm32f10x_md.o(.text)
    TIM1_UP_IRQHandler                       0x080001a3   Thumb Code     0  startup_stm32f10x_md.o(.text)
    TIM2_IRQHandler                          0x080001a3   Thumb Code     0  startup_stm32f10x_md.o(.text)
    TIM3_IRQHandler                          0x080001a3   Thumb Code     0  startup_stm32f10x_md.o(.text)
    TIM4_IRQHandler                          0x080001a3   Thumb Code     0  startup_stm32f10x_md.o(.text)
    USART2_IRQHandler                        0x080001a3   Thumb Code     0  startup_stm32f10x_md.o(.text)
    USART3_IRQHandler                        0x080001a3   Thumb Code     0  startup_stm32f10x_md.o(.text)
    USBWakeUp_IRQHandler                     0x080001a3   Thumb Code     0  startup_stm32f10x_md.o(.text)
    USB_HP_CAN1_TX_IRQHandler                0x080001a3   Thumb Code     0  startup_stm32f10x_md.o(.text)
    USB_LP_CAN1_RX0_IRQHandler               0x080001a3   Thumb Code     0  startup_stm32f10x_md.o(.text)
    WWDG_IRQHandler                          0x080001a3   Thumb Code     0  startup_stm32f10x_md.o(.text)
    __user_initial_stackheap                 0x080001a5   Thumb Code     0  startup_stm32f10x_md.o(.text)
    __aeabi_memcpy                           0x080001c9   Thumb Code     0  rt_memcpy_v6.o(.text)
    __rt_memcpy                              0x080001c9   Thumb Code   138  rt_memcpy_v6.o(.text)
    _memcpy_lastbytes                        0x0800022f   Thumb Code     0  rt_memcpy_v6.o(.text)
    __use_two_region_memory                  0x08000253   Thumb Code     2  heapauxi.o(.text)
    __rt_heap_escrow$2region                 0x08000255   Thumb Code     2  heapauxi.o(.text)
    __rt_heap_expand$2region                 0x08000257   Thumb Code     2  heapauxi.o(.text)
    __aeabi_memcpy4                          0x08000259   Thumb Code     0  rt_memcpy_w.o(.text)
    __aeabi_memcpy8                          0x08000259   Thumb Code     0  rt_memcpy_w.o(.text)
    __rt_memcpy_w                            0x08000259   Thumb Code   100  rt_memcpy_w.o(.text)
    _memcpy_lastbytes_aligned                0x080002a1   Thumb Code     0  rt_memcpy_w.o(.text)
    __user_setup_stackheap                   0x080002bd   Thumb Code    74  sys_stackheap_outer.o(.text)
    exit                                     0x08000307   Thumb Code    18  exit.o(.text)
    __user_libspace                          0x08000319   Thumb Code     8  libspace.o(.text)
    __user_perproc_libspace                  0x08000319   Thumb Code     0  libspace.o(.text)
    __user_perthread_libspace                0x08000319   Thumb Code     0  libspace.o(.text)
    _sys_exit                                0x08000321   Thumb Code     8  sys_exit.o(.text)
    __I$use$semihosting                      0x0800032d   Thumb Code     0  use_no_semi.o(.text)
    __use_no_semihosting_swi                 0x0800032d   Thumb Code     2  use_no_semi.o(.text)
    ActuatorHAL_Init                         0x0800032f   Thumb Code    76  actuator_hal_1.o(i.ActuatorHAL_Init)
    __semihosting_library_function           0x0800032f   Thumb Code     0  indicate_semi.o(.text)
    ActuatorHAL_Set                          0x0800037d   Thumb Code   926  actuator_hal_1.o(i.ActuatorHAL_Set)
    CommHAL_Init                             0x08000735   Thumb Code    30  comm_hal_1.o(i.CommHAL_Init)
    CommHAL_ReceiveFrame                     0x08000761   Thumb Code    12  comm_hal_1.o(i.CommHAL_ReceiveFrame)
    CommHAL_RxByteCallback                   0x0800076d   Thumb Code   228  comm_hal_1.o(i.CommHAL_RxByteCallback)
    CommHAL_SendFrame                        0x08000869   Thumb Code    26  comm_hal_1.o(i.CommHAL_SendFrame)
    CommHAL_SystickUpdate                    0x08000885   Thumb Code    10  comm_hal_1.o(i.CommHAL_SystickUpdate)
    ControlApp_Init                          0x08000895   Thumb Code   102  control_app.o(i.ControlApp_Init)
    ControlApp_Run                           0x08000935   Thumb Code   102  control_app.o(i.ControlApp_Run)
    ControlApp_SetMode                       0x080009b5   Thumb Code    16  control_app.o(i.ControlApp_SetMode)
    ControlApp_SetPIDTune                    0x080009cd   Thumb Code    10  control_app.o(i.ControlApp_SetPIDTune)
    ControlApp_SetTempSetPoint               0x080009dd   Thumb Code     6  control_app.o(i.ControlApp_SetTempSetPoint)
    ControlApp_SystickUpdate                 0x080009e9   Thumb Code    20  control_app.o(i.ControlApp_SystickUpdate)
    ControlApp_Update                        0x08000a05   Thumb Code   420  control_app.o(i.ControlApp_Update)
    DHT22_Check_Response                     0x08000bc5   Thumb Code    86  sensor_hal_1.o(i.DHT22_Check_Response)
    DHT22_ReadData                           0x08000c1d   Thumb Code   210  sensor_hal_1.o(i.DHT22_ReadData)
    DHT22_Read_Byte                          0x08000d01   Thumb Code   118  sensor_hal_1.o(i.DHT22_Read_Byte)
    DHT22_Start                              0x08000d77   Thumb Code    68  sensor_hal_1.o(i.DHT22_Start)
    DRV_PWM_Init                             0x08000dbd   Thumb Code   298  drv_pwm.o(i.DRV_PWM_Init)
    DRV_PWM_SetDuty                          0x08000efd   Thumb Code    78  drv_pwm.o(i.DRV_PWM_SetDuty)
    DRV_PWM_Start                            0x08000f4b   Thumb Code    90  drv_pwm.o(i.DRV_PWM_Start)
    DRV_UART1_Init                           0x08000fa5   Thumb Code   206  drv_uart.o(i.DRV_UART1_Init)
    DRV_UART1_SendByte                       0x08001081   Thumb Code    22  drv_uart.o(i.DRV_UART1_SendByte)
    DRV_UART1_SendBytes                      0x0800109d   Thumb Code    32  drv_uart.o(i.DRV_UART1_SendBytes)
    FrameQueue_Init                          0x080010bd   Thumb Code    12  frame_queue.o(i.FrameQueue_Init)
    FrameQueue_Pop                           0x080010c9   Thumb Code    62  frame_queue.o(i.FrameQueue_Pop)
    FrameQueue_Push                          0x08001107   Thumb Code    58  frame_queue.o(i.FrameQueue_Push)
    GPIO_Init                                0x08001165   Thumb Code   184  drv_gpio.o(i.GPIO_Init)
    GPIO_Read                                0x0800122d   Thumb Code    56  drv_gpio.o(i.GPIO_Read)
    GPIO_Write                               0x08001271   Thumb Code    60  drv_gpio.o(i.GPIO_Write)
    PID_Compute                              0x080012f1   Thumb Code   276  pid_control.o(i.PID_Compute)
    PID_Init                                 0x08001405   Thumb Code    14  pid_control.o(i.PID_Init)
    Protocol_Init                            0x08001413   Thumb Code     8  protocol_handler.o(i.Protocol_Init)
    Protocol_Run                             0x0800141d   Thumb Code   136  protocol_handler.o(i.Protocol_Run)
    Protocol_SendStatus                      0x080014b1   Thumb Code    68  protocol_handler.o(i.Protocol_SendStatus)
    Protocol_SystickUpdate                   0x080014f5   Thumb Code    20  protocol_handler.o(i.Protocol_SystickUpdate)
    QueueMnr_Init                            0x08001511   Thumb Code    16  queue_manager.o(i.QueueMnr_Init)
    RX_Queue_Pop                             0x08001529   Thumb Code    14  queue_manager.o(i.RX_Queue_Pop)
    RX_Queue_Push                            0x0800153d   Thumb Code    14  queue_manager.o(i.RX_Queue_Push)
    SoftTimer_Dispatch                       0x08001639   Thumb Code    28  soft_timer_1.o(i.SoftTimer_Dispatch)
    SoftTimer_Start                          0x08001655   Thumb Code    16  soft_timer_1.o(i.SoftTimer_Start)
    SoftTimer_Stop                           0x08001665   Thumb Code     6  soft_timer_1.o(i.SoftTimer_Stop)
    SoftTimer_Update                         0x0800166b   Thumb Code    36  soft_timer_1.o(i.SoftTimer_Update)
    SysTick_Handler                          0x0800168f   Thumb Code     8  main.o(i.SysTick_Handler)
    SystemInit                               0x08001699   Thumb Code    78  system_stm32f10x.o(i.SystemInit)
    SystickInit                              0x080016f9   Thumb Code    24  drv_timer.o(i.SystickInit)
    TX_Queue_Pop                             0x08001715   Thumb Code    14  queue_manager.o(i.TX_Queue_Pop)
    TX_Queue_Push                            0x08001729   Thumb Code    14  queue_manager.o(i.TX_Queue_Push)
    USART1_IRQHandler                        0x0800173d   Thumb Code    30  drv_uart.o(i.USART1_IRQHandler)
    delay_ms                                 0x080017d3   Thumb Code    24  drv_timer.o(i.delay_ms)
    delay_us                                 0x080017ed   Thumb Code    64  drv_timer.o(i.delay_us)
    main                                     0x08001b31   Thumb Code    12  main.o(i.main)
    timerInitForDelay                        0x08001b91   Thumb Code    52  drv_timer.o(i.timerInitForDelay)
    __aeabi_d2f                              0x08001bcd   Thumb Code     0  d2f.o(x$fpl$d2f)
    _d2f                                     0x08001bcd   Thumb Code    98  d2f.o(x$fpl$d2f)
    __aeabi_ddiv                             0x08001c31   Thumb Code     0  ddiv.o(x$fpl$ddiv)
    _ddiv                                    0x08001c31   Thumb Code   552  ddiv.o(x$fpl$ddiv)
    __fpl_dnaninf                            0x08001ee1   Thumb Code   156  dnaninf.o(x$fpl$dnaninf)
    __fpl_dretinf                            0x08001f7d   Thumb Code    12  dretinf.o(x$fpl$dretinf)
    __aeabi_f2d                              0x08001f89   Thumb Code     0  f2d.o(x$fpl$f2d)
    _f2d                                     0x08001f89   Thumb Code    86  f2d.o(x$fpl$f2d)
    __aeabi_fadd                             0x08001fe1   Thumb Code     0  faddsub_clz.o(x$fpl$fadd)
    _fadd                                    0x08001fe1   Thumb Code   196  faddsub_clz.o(x$fpl$fadd)
    __fpl_fcmp_Inf                           0x080020a5   Thumb Code    24  fcmpi.o(x$fpl$fcmpinf)
    __aeabi_fdiv                             0x080020bd   Thumb Code     0  fdiv.o(x$fpl$fdiv)
    _fdiv                                    0x080020bd   Thumb Code   384  fdiv.o(x$fpl$fdiv)
    __aeabi_cfcmpeq                          0x08002241   Thumb Code     0  feqf.o(x$fpl$feqf)
    _fcmpeq                                  0x08002241   Thumb Code   104  feqf.o(x$fpl$feqf)
    __aeabi_f2uiz                            0x080022a9   Thumb Code     0  ffixu.o(x$fpl$ffixu)
    _ffixu                                   0x080022a9   Thumb Code    62  ffixu.o(x$fpl$ffixu)
    __aeabi_ui2f                             0x080022e9   Thumb Code     0  fflt_clz.o(x$fpl$ffltu)
    _ffltu                                   0x080022e9   Thumb Code    38  fflt_clz.o(x$fpl$ffltu)
    __aeabi_cfcmple                          0x08002311   Thumb Code     0  fleqf.o(x$fpl$fleqf)
    _fcmple                                  0x08002311   Thumb Code   104  fleqf.o(x$fpl$fleqf)
    __fpl_fcmple_InfNaN                      0x08002363   Thumb Code     0  fleqf.o(x$fpl$fleqf)
    __aeabi_fmul                             0x08002379   Thumb Code     0  fmul.o(x$fpl$fmul)
    _fmul                                    0x08002379   Thumb Code   258  fmul.o(x$fpl$fmul)
    __fpl_fnaninf                            0x0800247b   Thumb Code   140  fnaninf.o(x$fpl$fnaninf)
    __fpl_fretinf                            0x08002507   Thumb Code    10  fretinf.o(x$fpl$fretinf)
    __aeabi_cfrcmple                         0x08002511   Thumb Code     0  frleqf.o(x$fpl$frleqf)
    _frcmple                                 0x08002511   Thumb Code    98  frleqf.o(x$fpl$frleqf)
    __aeabi_frsub                            0x08002573   Thumb Code     0  faddsub_clz.o(x$fpl$frsb)
    _frsb                                    0x08002573   Thumb Code    20  faddsub_clz.o(x$fpl$frsb)
    __aeabi_fsub                             0x08002589   Thumb Code     0  faddsub_clz.o(x$fpl$fsub)
    _fsub                                    0x08002589   Thumb Code   234  faddsub_clz.o(x$fpl$fsub)
    __I$use$fp                               0x08002672   Number         0  usenofp.o(x$fpl$usenofp)
    Region$$Table$$Base                      0x08002674   Number         0  anon$$obj.o(Region$$Table)
    Region$$Table$$Limit                     0x08002694   Number         0  anon$$obj.o(Region$$Table)
    Humidity                                 0x20000008   Data           4  sensor_hal_1.o(.data)
    Temperature                              0x2000000c   Data           4  sensor_hal_1.o(.data)
    DHT22_Data                               0x20000010   Data           5  sensor_hal_1.o(.data)
    __libspace_start                         0x20000570   Data          96  libspace.o(.bss)
    __temporary_stack_top$libspace           0x200005d0   Data           0  libspace.o(.bss)



==============================================================================

Memory Map of the image

  Image Entry point : 0x080000ed

  Load Region LR_IROM1 (Base: 0x08000000, Size: 0x000026cc, Max: 0x00010000, ABSOLUTE)

    Execution Region ER_IROM1 (Exec base: 0x08000000, Load base: 0x08000000, Size: 0x00002694, Max: 0x00010000, ABSOLUTE)

    Exec Addr    Load Addr    Size         Type   Attr      Idx    E Section Name        Object

    0x08000000   0x08000000   0x000000ec   Data   RO          890    RESET               startup_stm32f10x_md.o
    0x080000ec   0x080000ec   0x00000008   Code   RO          947  * !!!main             c_w.l(__main.o)
    0x080000f4   0x080000f4   0x00000034   Code   RO         1153    !!!scatter          c_w.l(__scatter.o)
    0x08000128   0x08000128   0x0000001a   Code   RO         1155    !!handler_copy      c_w.l(__scatter_copy.o)
    0x08000142   0x08000142   0x00000002   PAD
    0x08000144   0x08000144   0x0000001c   Code   RO         1157    !!handler_zi        c_w.l(__scatter_zi.o)
    0x08000160   0x08000160   0x00000002   Code   RO         1023    .ARM.Collect$$libinit$$00000000  c_w.l(libinit.o)
    0x08000162   0x08000162   0x00000000   Code   RO         1030    .ARM.Collect$$libinit$$00000002  c_w.l(libinit2.o)
    0x08000162   0x08000162   0x00000000   Code   RO         1032    .ARM.Collect$$libinit$$00000004  c_w.l(libinit2.o)
    0x08000162   0x08000162   0x00000000   Code   RO         1035    .ARM.Collect$$libinit$$0000000A  c_w.l(libinit2.o)
    0x08000162   0x08000162   0x00000000   Code   RO         1037    .ARM.Collect$$libinit$$0000000C  c_w.l(libinit2.o)
    0x08000162   0x08000162   0x00000000   Code   RO         1039    .ARM.Collect$$libinit$$0000000E  c_w.l(libinit2.o)
    0x08000162   0x08000162   0x00000000   Code   RO         1042    .ARM.Collect$$libinit$$00000011  c_w.l(libinit2.o)
    0x08000162   0x08000162   0x00000000   Code   RO         1044    .ARM.Collect$$libinit$$00000013  c_w.l(libinit2.o)
    0x08000162   0x08000162   0x00000000   Code   RO         1046    .ARM.Collect$$libinit$$00000015  c_w.l(libinit2.o)
    0x08000162   0x08000162   0x00000000   Code   RO         1048    .ARM.Collect$$libinit$$00000017  c_w.l(libinit2.o)
    0x08000162   0x08000162   0x00000000   Code   RO         1050    .ARM.Collect$$libinit$$00000019  c_w.l(libinit2.o)
    0x08000162   0x08000162   0x00000000   Code   RO         1052    .ARM.Collect$$libinit$$0000001B  c_w.l(libinit2.o)
    0x08000162   0x08000162   0x00000000   Code   RO         1054    .ARM.Collect$$libinit$$0000001D  c_w.l(libinit2.o)
    0x08000162   0x08000162   0x00000000   Code   RO         1056    .ARM.Collect$$libinit$$0000001F  c_w.l(libinit2.o)
    0x08000162   0x08000162   0x00000000   Code   RO         1058    .ARM.Collect$$libinit$$00000021  c_w.l(libinit2.o)
    0x08000162   0x08000162   0x00000000   Code   RO         1060    .ARM.Collect$$libinit$$00000023  c_w.l(libinit2.o)
    0x08000162   0x08000162   0x00000000   Code   RO         1062    .ARM.Collect$$libinit$$00000025  c_w.l(libinit2.o)
    0x08000162   0x08000162   0x00000000   Code   RO         1066    .ARM.Collect$$libinit$$0000002C  c_w.l(libinit2.o)
    0x08000162   0x08000162   0x00000000   Code   RO         1068    .ARM.Collect$$libinit$$0000002E  c_w.l(libinit2.o)
    0x08000162   0x08000162   0x00000000   Code   RO         1070    .ARM.Collect$$libinit$$00000030  c_w.l(libinit2.o)
    0x08000162   0x08000162   0x00000000   Code   RO         1072    .ARM.Collect$$libinit$$00000032  c_w.l(libinit2.o)
    0x08000162   0x08000162   0x00000002   Code   RO         1073    .ARM.Collect$$libinit$$00000033  c_w.l(libinit2.o)
    0x08000164   0x08000164   0x00000002   Code   RO         1093    .ARM.Collect$$libshutdown$$00000000  c_w.l(libshutdown.o)
    0x08000166   0x08000166   0x00000000   Code   RO         1106    .ARM.Collect$$libshutdown$$00000002  c_w.l(libshutdown2.o)
    0x08000166   0x08000166   0x00000000   Code   RO         1108    .ARM.Collect$$libshutdown$$00000004  c_w.l(libshutdown2.o)
    0x08000166   0x08000166   0x00000000   Code   RO         1111    .ARM.Collect$$libshutdown$$00000007  c_w.l(libshutdown2.o)
    0x08000166   0x08000166   0x00000000   Code   RO         1114    .ARM.Collect$$libshutdown$$0000000A  c_w.l(libshutdown2.o)
    0x08000166   0x08000166   0x00000000   Code   RO         1116    .ARM.Collect$$libshutdown$$0000000C  c_w.l(libshutdown2.o)
    0x08000166   0x08000166   0x00000000   Code   RO         1119    .ARM.Collect$$libshutdown$$0000000F  c_w.l(libshutdown2.o)
    0x08000166   0x08000166   0x00000002   Code   RO         1120    .ARM.Collect$$libshutdown$$00000010  c_w.l(libshutdown2.o)
    0x08000168   0x08000168   0x00000000   Code   RO          985    .ARM.Collect$$rtentry$$00000000  c_w.l(__rtentry.o)
    0x08000168   0x08000168   0x00000000   Code   RO         1000    .ARM.Collect$$rtentry$$00000002  c_w.l(__rtentry2.o)
    0x08000168   0x08000168   0x00000006   Code   RO         1012    .ARM.Collect$$rtentry$$00000004  c_w.l(__rtentry4.o)
    0x0800016e   0x0800016e   0x00000000   Code   RO         1002    .ARM.Collect$$rtentry$$00000009  c_w.l(__rtentry2.o)
    0x0800016e   0x0800016e   0x00000004   Code   RO         1003    .ARM.Collect$$rtentry$$0000000A  c_w.l(__rtentry2.o)
    0x08000172   0x08000172   0x00000000   Code   RO         1005    .ARM.Collect$$rtentry$$0000000C  c_w.l(__rtentry2.o)
    0x08000172   0x08000172   0x00000008   Code   RO         1006    .ARM.Collect$$rtentry$$0000000D  c_w.l(__rtentry2.o)
    0x0800017a   0x0800017a   0x00000002   Code   RO         1027    .ARM.Collect$$rtexit$$00000000  c_w.l(rtexit.o)
    0x0800017c   0x0800017c   0x00000000   Code   RO         1075    .ARM.Collect$$rtexit$$00000002  c_w.l(rtexit2.o)
    0x0800017c   0x0800017c   0x00000004   Code   RO         1076    .ARM.Collect$$rtexit$$00000003  c_w.l(rtexit2.o)
    0x08000180   0x08000180   0x00000006   Code   RO         1077    .ARM.Collect$$rtexit$$00000004  c_w.l(rtexit2.o)
    0x08000186   0x08000186   0x00000002   PAD
    0x08000188   0x08000188   0x00000040   Code   RO          891    .text               startup_stm32f10x_md.o
    0x080001c8   0x080001c8   0x0000008a   Code   RO          943    .text               c_w.l(rt_memcpy_v6.o)
    0x08000252   0x08000252   0x00000006   Code   RO          945    .text               c_w.l(heapauxi.o)
    0x08000258   0x08000258   0x00000064   Code   RO          986    .text               c_w.l(rt_memcpy_w.o)
    0x080002bc   0x080002bc   0x0000004a   Code   RO         1014    .text               c_w.l(sys_stackheap_outer.o)
    0x08000306   0x08000306   0x00000012   Code   RO         1016    .text               c_w.l(exit.o)
    0x08000318   0x08000318   0x00000008   Code   RO         1024    .text               c_w.l(libspace.o)
    0x08000320   0x08000320   0x0000000c   Code   RO         1085    .text               c_w.l(sys_exit.o)
    0x0800032c   0x0800032c   0x00000002   Code   RO         1096    .text               c_w.l(use_no_semi.o)
    0x0800032e   0x0800032e   0x00000000   Code   RO         1098    .text               c_w.l(indicate_semi.o)
    0x0800032e   0x0800032e   0x0000004c   Code   RO          249    i.ActuatorHAL_Init  actuator_hal_1.o
    0x0800037a   0x0800037a   0x00000002   PAD
    0x0800037c   0x0800037c   0x000003b8   Code   RO          250    i.ActuatorHAL_Set   actuator_hal_1.o
    0x08000734   0x08000734   0x0000002c   Code   RO          288    i.CommHAL_Init      comm_hal_1.o
    0x08000760   0x08000760   0x0000000c   Code   RO          289    i.CommHAL_ReceiveFrame  comm_hal_1.o
    0x0800076c   0x0800076c   0x000000fc   Code   RO          290    i.CommHAL_RxByteCallback  comm_hal_1.o
    0x08000868   0x08000868   0x0000001a   Code   RO          293    i.CommHAL_SendFrame  comm_hal_1.o
    0x08000882   0x08000882   0x00000002   PAD
    0x08000884   0x08000884   0x00000010   Code   RO          294    i.CommHAL_SystickUpdate  comm_hal_1.o
    0x08000894   0x08000894   0x000000a0   Code   RO          490    i.ControlApp_Init   control_app.o
    0x08000934   0x08000934   0x00000080   Code   RO          491    i.ControlApp_Run    control_app.o
    0x080009b4   0x080009b4   0x00000018   Code   RO          492    i.ControlApp_SetMode  control_app.o
    0x080009cc   0x080009cc   0x00000010   Code   RO          493    i.ControlApp_SetPIDTune  control_app.o
    0x080009dc   0x080009dc   0x0000000c   Code   RO          494    i.ControlApp_SetTempSetPoint  control_app.o
    0x080009e8   0x080009e8   0x0000001c   Code   RO          495    i.ControlApp_SystickUpdate  control_app.o
    0x08000a04   0x08000a04   0x000001c0   Code   RO          496    i.ControlApp_Update  control_app.o
    0x08000bc4   0x08000bc4   0x00000056   Code   RO          385    i.DHT22_Check_Response  sensor_hal_1.o
    0x08000c1a   0x08000c1a   0x00000002   PAD
    0x08000c1c   0x08000c1c   0x000000e4   Code   RO          386    i.DHT22_ReadData    sensor_hal_1.o
    0x08000d00   0x08000d00   0x00000076   Code   RO          387    i.DHT22_Read_Byte   sensor_hal_1.o
    0x08000d76   0x08000d76   0x00000044   Code   RO          388    i.DHT22_Start       sensor_hal_1.o
    0x08000dba   0x08000dba   0x00000002   PAD
    0x08000dbc   0x08000dbc   0x00000140   Code   RO           78    i.DRV_PWM_Init      drv_pwm.o
    0x08000efc   0x08000efc   0x0000004e   Code   RO           79    i.DRV_PWM_SetDuty   drv_pwm.o
    0x08000f4a   0x08000f4a   0x0000005a   Code   RO           80    i.DRV_PWM_Start     drv_pwm.o
    0x08000fa4   0x08000fa4   0x000000dc   Code   RO          179    i.DRV_UART1_Init    drv_uart.o
    0x08001080   0x08001080   0x0000001c   Code   RO          180    i.DRV_UART1_SendByte  drv_uart.o
    0x0800109c   0x0800109c   0x00000020   Code   RO          181    i.DRV_UART1_SendBytes  drv_uart.o
    0x080010bc   0x080010bc   0x0000000c   Code   RO          760    i.FrameQueue_Init   frame_queue.o
    0x080010c8   0x080010c8   0x0000003e   Code   RO          763    i.FrameQueue_Pop    frame_queue.o
    0x08001106   0x08001106   0x0000003a   Code   RO          764    i.FrameQueue_Push   frame_queue.o
    0x08001140   0x08001140   0x0000000e   Code   RO          295    i.Frame_GetLength   comm_hal_1.o
    0x0800114e   0x0800114e   0x0000000e   Code   RO          640    i.Frame_GetLength   protocol_handler.o
    0x0800115c   0x0800115c   0x00000008   Code   RO          641    i.Frame_GetMid      protocol_handler.o
    0x08001164   0x08001164   0x000000c8   Code   RO            4    i.GPIO_Init         drv_gpio.o
    0x0800122c   0x0800122c   0x00000044   Code   RO            5    i.GPIO_Read         drv_gpio.o
    0x08001270   0x08001270   0x00000048   Code   RO            7    i.GPIO_Write        drv_gpio.o
    0x080012b8   0x080012b8   0x00000038   Code   RO           82    i.Get_Timer_Instance  drv_pwm.o
    0x080012f0   0x080012f0   0x00000114   Code   RO          616    i.PID_Compute       pid_control.o
    0x08001404   0x08001404   0x0000000e   Code   RO          617    i.PID_Init          pid_control.o
    0x08001412   0x08001412   0x00000008   Code   RO          642    i.Protocol_Init     protocol_handler.o
    0x0800141a   0x0800141a   0x00000002   PAD
    0x0800141c   0x0800141c   0x00000094   Code   RO          643    i.Protocol_Run      protocol_handler.o
    0x080014b0   0x080014b0   0x00000044   Code   RO          645    i.Protocol_SendStatus  protocol_handler.o
    0x080014f4   0x080014f4   0x0000001c   Code   RO          646    i.Protocol_SystickUpdate  protocol_handler.o
    0x08001510   0x08001510   0x00000018   Code   RO          802    i.QueueMnr_Init     queue_manager.o
    0x08001528   0x08001528   0x00000014   Code   RO          803    i.RX_Queue_Pop      queue_manager.o
    0x0800153c   0x0800153c   0x00000014   Code   RO          804    i.RX_Queue_Push     queue_manager.o
    0x08001550   0x08001550   0x00000008   Code   RO          898    i.SetSysClock       system_stm32f10x.o
    0x08001558   0x08001558   0x000000e0   Code   RO          899    i.SetSysClockTo72   system_stm32f10x.o
    0x08001638   0x08001638   0x0000001c   Code   RO          445    i.SoftTimer_Dispatch  soft_timer_1.o
    0x08001654   0x08001654   0x00000010   Code   RO          446    i.SoftTimer_Start   soft_timer_1.o
    0x08001664   0x08001664   0x00000006   Code   RO          447    i.SoftTimer_Stop    soft_timer_1.o
    0x0800166a   0x0800166a   0x00000024   Code   RO          448    i.SoftTimer_Update  soft_timer_1.o
    0x0800168e   0x0800168e   0x00000008   Code   RO          852    i.SysTick_Handler   main.o
    0x08001696   0x08001696   0x00000002   PAD
    0x08001698   0x08001698   0x00000060   Code   RO          901    i.SystemInit        system_stm32f10x.o
    0x080016f8   0x080016f8   0x0000001c   Code   RO          131    i.SystickInit       drv_timer.o
    0x08001714   0x08001714   0x00000014   Code   RO          805    i.TX_Queue_Pop      queue_manager.o
    0x08001728   0x08001728   0x00000014   Code   RO          806    i.TX_Queue_Push     queue_manager.o
    0x0800173c   0x0800173c   0x00000024   Code   RO          182    i.USART1_IRQHandler  drv_uart.o
    0x08001760   0x08001760   0x00000028   Code   RO          497    i.actuator_error_to_mid  control_app.o
    0x08001788   0x08001788   0x0000004a   Code   RO          498    i.actuator_push_error  control_app.o
    0x080017d2   0x080017d2   0x00000018   Code   RO          132    i.delay_ms          drv_timer.o
    0x080017ea   0x080017ea   0x00000002   PAD
    0x080017ec   0x080017ec   0x00000044   Code   RO          133    i.delay_us          drv_timer.o
    0x08001830   0x08001830   0x00000068   Code   RO          647    i.enqueue_frame     protocol_handler.o
    0x08001898   0x08001898   0x000000e0   Code   RO          648    i.handle_actuator   protocol_handler.o
    0x08001978   0x08001978   0x00000060   Code   RO          649    i.handle_pid        protocol_handler.o
    0x080019d8   0x080019d8   0x00000158   Code   RO          650    i.handle_system     protocol_handler.o
    0x08001b30   0x08001b30   0x0000000c   Code   RO          853    i.main              main.o
    0x08001b3c   0x08001b3c   0x0000000c   Code   RO          499    i.on_report_timer   control_app.o
    0x08001b48   0x08001b48   0x0000000c   Code   RO          296    i.on_rx_byte_timeout  comm_hal_1.o
    0x08001b54   0x08001b54   0x0000000c   Code   RO          651    i.on_rx_timeout     protocol_handler.o
    0x08001b60   0x08001b60   0x0000000c   Code   RO          500    i.on_sensor_timer   control_app.o
    0x08001b6c   0x08001b6c   0x0000000c   Code   RO          652    i.on_tx_timeout     protocol_handler.o
    0x08001b78   0x08001b78   0x00000018   Code   RO          653    i.send_status_frame  protocol_handler.o
    0x08001b90   0x08001b90   0x0000003c   Code   RO          134    i.timerInitForDelay  drv_timer.o
    0x08001bcc   0x08001bcc   0x00000062   Code   RO          949    x$fpl$d2f           fz_ws.l(d2f.o)
    0x08001c2e   0x08001c2e   0x00000002   PAD
    0x08001c30   0x08001c30   0x000002b0   Code   RO          952    x$fpl$ddiv          fz_ws.l(ddiv.o)
    0x08001ee0   0x08001ee0   0x0000009c   Code   RO          988    x$fpl$dnaninf       fz_ws.l(dnaninf.o)
    0x08001f7c   0x08001f7c   0x0000000c   Code   RO          990    x$fpl$dretinf       fz_ws.l(dretinf.o)
    0x08001f88   0x08001f88   0x00000056   Code   RO          955    x$fpl$f2d           fz_ws.l(f2d.o)
    0x08001fde   0x08001fde   0x00000002   PAD
    0x08001fe0   0x08001fe0   0x000000c4   Code   RO          957    x$fpl$fadd          fz_ws.l(faddsub_clz.o)
    0x080020a4   0x080020a4   0x00000018   Code   RO          992    x$fpl$fcmpinf       fz_ws.l(fcmpi.o)
    0x080020bc   0x080020bc   0x00000184   Code   RO          964    x$fpl$fdiv          fz_ws.l(fdiv.o)
    0x08002240   0x08002240   0x00000068   Code   RO          967    x$fpl$feqf          fz_ws.l(feqf.o)
    0x080022a8   0x080022a8   0x0000003e   Code   RO          969    x$fpl$ffixu         fz_ws.l(ffixu.o)
    0x080022e6   0x080022e6   0x00000002   PAD
    0x080022e8   0x080022e8   0x00000026   Code   RO          973    x$fpl$ffltu         fz_ws.l(fflt_clz.o)
    0x0800230e   0x0800230e   0x00000002   PAD
    0x08002310   0x08002310   0x00000068   Code   RO          979    x$fpl$fleqf         fz_ws.l(fleqf.o)
    0x08002378   0x08002378   0x00000102   Code   RO          981    x$fpl$fmul          fz_ws.l(fmul.o)
    0x0800247a   0x0800247a   0x0000008c   Code   RO          994    x$fpl$fnaninf       fz_ws.l(fnaninf.o)
    0x08002506   0x08002506   0x0000000a   Code   RO          996    x$fpl$fretinf       fz_ws.l(fretinf.o)
    0x08002510   0x08002510   0x00000062   Code   RO          983    x$fpl$frleqf        fz_ws.l(frleqf.o)
    0x08002572   0x08002572   0x00000014   Code   RO          958    x$fpl$frsb          fz_ws.l(faddsub_clz.o)
    0x08002586   0x08002586   0x00000002   PAD
    0x08002588   0x08002588   0x000000ea   Code   RO          959    x$fpl$fsub          fz_ws.l(faddsub_clz.o)
    0x08002672   0x08002672   0x00000000   Code   RO          998    x$fpl$usenofp       fz_ws.l(usenofp.o)
    0x08002672   0x08002672   0x00000002   PAD
    0x08002674   0x08002674   0x00000020   Data   RO         1151    Region$$Table       anon$$obj.o


    Execution Region RW_IRAM1 (Exec base: 0x20000000, Load base: 0x08002694, Size: 0x00000bd0, Max: 0x00005000, ABSOLUTE)

    Exec Addr    Load Addr    Size         Type   Attr      Idx    E Section Name        Object

    0x20000000   0x08002694   0x00000007   Data   RW          298    .data               comm_hal_1.o
    0x20000007   0x0800269b   0x00000001   PAD
    0x20000008   0x0800269c   0x0000000d   Data   RW          390    .data               sensor_hal_1.o
    0x20000015   0x080026a9   0x00000003   PAD
    0x20000018   0x080026ac   0x0000001d   Data   RW          502    .data               control_app.o
    0x20000035   0x080026c9   0x00000002   Data   RW          655    .data               protocol_handler.o
    0x20000037   0x080026cb   0x00000001   PAD
    0x20000038        -       0x0000005c   Zero   RW          297    .bss                comm_hal_1.o
    0x20000094        -       0x00000060   Zero   RW          501    .bss                control_app.o
    0x200000f4        -       0x00000028   Zero   RW          654    .bss                protocol_handler.o
    0x2000011c        -       0x00000454   Zero   RW          807    .bss                queue_manager.o
    0x20000570        -       0x00000060   Zero   RW         1025    .bss                c_w.l(libspace.o)
    0x200005d0        -       0x00000200   Zero   RW          889    HEAP                startup_stm32f10x_md.o
    0x200007d0        -       0x00000400   Zero   RW          888    STACK               startup_stm32f10x_md.o


==============================================================================

Image component sizes


      Code (inc. data)   RO Data    RW Data    ZI Data      Debug   Object Name

      1028         26          0          0          0       2769   actuator_hal_1.o
       376         54          0          7         92       8023   comm_hal_1.o
       954        148          0         29         96      13888   control_app.o
       340         40          0          0          0     211593   drv_gpio.o
       544         36          0          0          0       4845   drv_pwm.o
       180         16          0          0          0       2208   drv_timer.o
       316         26          0          0          0      28551   drv_uart.o
       132          0          0          0          0       5001   frame_queue.o
        20          0          0          0          0       1001   main.o
       290          0          0          0          0       2697   pid_control.o
      1090         50          0          2         40      15138   protocol_handler.o
       104         32          0          0       1108       6274   queue_manager.o
       500         18          0         13          0       4738   sensor_hal_1.o
        86          0          0          0          0       3551   soft_timer_1.o
        64         26        236          0       1536        844   startup_stm32f10x_md.o
       328         28          0          0          0       2325   system_stm32f10x.o

    ----------------------------------------------------------------------
      6366        500        268         56       2872     313446   Object Totals
         0          0         32          0          0          0   (incl. Generated)
        14          0          0          5          0          0   (incl. Padding)

    ----------------------------------------------------------------------

      Code (inc. data)   RO Data    RW Data    ZI Data      Debug   Library Member Name

         8          0          0          0          0         68   __main.o
         0          0          0          0          0          0   __rtentry.o
        12          0          0          0          0          0   __rtentry2.o
         6          0          0          0          0          0   __rtentry4.o
        52          8          0          0          0          0   __scatter.o
        26          0          0          0          0          0   __scatter_copy.o
        28          0          0          0          0          0   __scatter_zi.o
        18          0          0          0          0         80   exit.o
         6          0          0          0          0        152   heapauxi.o
         0          0          0          0          0          0   indicate_semi.o
         2          0          0          0          0          0   libinit.o
         2          0          0          0          0          0   libinit2.o
         2          0          0          0          0          0   libshutdown.o
         2          0          0          0          0          0   libshutdown2.o
         8          4          0          0         96         68   libspace.o
       138          0          0          0          0         68   rt_memcpy_v6.o
       100          0          0          0          0         80   rt_memcpy_w.o
         2          0          0          0          0          0   rtexit.o
        10          0          0          0          0          0   rtexit2.o
        12          4          0          0          0         68   sys_exit.o
        74          0          0          0          0         80   sys_stackheap_outer.o
         2          0          0          0          0         68   use_no_semi.o
        98          4          0          0          0         92   d2f.o
       688        140          0          0          0        208   ddiv.o
       156          4          0          0          0         92   dnaninf.o
        12          0          0          0          0         68   dretinf.o
        86          4          0          0          0         84   f2d.o
       450          8          0          0          0        236   faddsub_clz.o
        24          0          0          0          0         68   fcmpi.o
       388         76          0          0          0         96   fdiv.o
       104          4          0          0          0         84   feqf.o
        62          4          0          0          0         84   ffixu.o
        38          0          0          0          0         68   fflt_clz.o
       104          4          0          0          0         84   fleqf.o
       258          4          0          0          0         84   fmul.o
       140          4          0          0          0         84   fnaninf.o
        10          0          0          0          0         68   fretinf.o
        98          0          0          0          0         68   frleqf.o
         0          0          0          0          0          0   usenofp.o

    ----------------------------------------------------------------------
      3242        272          0          0         96       2300   Library Totals
        16          0          0          0          0          0   (incl. Padding)

    ----------------------------------------------------------------------

      Code (inc. data)   RO Data    RW Data    ZI Data      Debug   Library Name

       510         16          0          0         96        732   c_w.l
      2716        256          0          0          0       1568   fz_ws.l

    ----------------------------------------------------------------------
      3242        272          0          0         96       2300   Library Totals

    ----------------------------------------------------------------------

==============================================================================


      Code (inc. data)   RO Data    RW Data    ZI Data      Debug   

      9608        772        268         56       2968     311010   Grand Totals
      9608        772        268         56       2968     311010   ELF Image Totals
      9608        772        268         56          0          0   ROM Totals

==============================================================================

    Total RO  Size (Code + RO Data)                 9876 (   9.64kB)
    Total RW  Size (RW Data + ZI Data)              3024 (   2.95kB)
    Total ROM Size (Code + RO Data + RW Data)       9932 (   9.70kB)

==============================================================================

