Component: ARM Compiler 5.06 update 6 (build 750) Tool: armlink [4d35ed]

==============================================================================

Section Cross References

    main.o(i.SysTick_Handler) refers to soft_timer.o(i.SoftTimer_Update) for SoftTimer_Update
    main.o(i.SysTick_Handler) refers to protocol_handler.o(i.Protocol_SystickUpdate) for Protocol_SystickUpdate
    main.o(i.SysTick_Handler) refers to main.o(.bss) for s_report_timer
    main.o(i.main) refers to drv_timer.o(i.SystickInit) for SystickInit
    main.o(i.main) refers to protocol_handler.o(i.Protocol_Init) for Protocol_Init
    main.o(i.main) refers to actuator_hal.o(i.ActuatorHAL_Init) for ActuatorHAL_Init
    main.o(i.main) refers to soft_timer.o(i.SoftTimer_Start) for SoftTimer_Start
    main.o(i.main) refers to soft_timer.o(i.SoftTimer_Dispatch) for SoftTimer_Dispatch
    main.o(i.main) refers to protocol_handler.o(i.Protocol_Run) for Protocol_Run
    main.o(i.main) refers to protocol_handler.o(i.Protocol_SendSensorData) for Protocol_SendSensorData
    main.o(i.main) refers to main.o(i.on_report_timer) for on_report_timer
    main.o(i.main) refers to main.o(.bss) for s_report_timer
    main.o(i.main) refers to main.o(.data) for g_data
    main.o(i.on_report_timer) refers to main.o(.data) for s_report_flag
    drv_pwm.o(i.DRV_PWM_Init) refers to drv_pwm.o(i.Get_Timer_Instance) for Get_Timer_Instance
    drv_pwm.o(i.DRV_PWM_SetDuty) refers to drv_pwm.o(i.Get_Timer_Instance) for Get_Timer_Instance
    drv_pwm.o(i.DRV_PWM_Start) refers to drv_pwm.o(i.Get_Timer_Instance) for Get_Timer_Instance
    drv_pwm.o(i.DRV_PWM_Stop) refers to drv_pwm.o(i.Get_Timer_Instance) for Get_Timer_Instance
    drv_timer.o(i.delay_ms) refers to drv_timer.o(i.delay_us) for delay_us
    drv_uart.o(i.DRV_UART1_Init) refers to fflt_clz.o(x$fpl$ffltu) for __aeabi_ui2f
    drv_uart.o(i.DRV_UART1_Init) refers to fmul.o(x$fpl$fmul) for __aeabi_fmul
    drv_uart.o(i.DRV_UART1_Init) refers to fdiv.o(x$fpl$fdiv) for __aeabi_fdiv
    drv_uart.o(i.DRV_UART1_Init) refers to ffixu.o(x$fpl$ffixu) for __aeabi_f2uiz
    drv_uart.o(i.DRV_UART1_Init) refers to faddsub_clz.o(x$fpl$frsb) for __aeabi_frsub
    drv_uart.o(i.DRV_UART1_Init) refers to faddsub_clz.o(x$fpl$fadd) for __aeabi_fadd
    drv_uart.o(i.DRV_UART1_SendBytes) refers to drv_uart.o(i.DRV_UART1_SendByte) for DRV_UART1_SendByte
    drv_uart.o(i.USART1_IRQHandler) refers to comm_hal.o(i.CommHAL_RxByteCallback) for CommHAL_RxByteCallback
    actuator_hal.o(i.ActuatorHAL_Init) refers to drv_pwm.o(i.DRV_PWM_Init) for DRV_PWM_Init
    actuator_hal.o(i.ActuatorHAL_Init) refers to drv_pwm.o(i.DRV_PWM_Start) for DRV_PWM_Start
    actuator_hal.o(i.ActuatorHAL_Init) refers to drv_pwm.o(i.DRV_PWM_SetDuty) for DRV_PWM_SetDuty
    actuator_hal.o(i.ActuatorHAL_Set) refers to drv_pwm.o(i.DRV_PWM_SetDuty) for DRV_PWM_SetDuty
    actuator_hal.o(i.ActuatorHAL_Set) refers to actuator_hal.o(i.actuator_push_error) for actuator_push_error
    actuator_hal.o(i.ActuatorHAL_Set) refers to feqf.o(x$fpl$feqf) for __aeabi_cfcmpeq
    actuator_hal.o(i.ActuatorHAL_Set) refers to fleqf.o(x$fpl$fleqf) for __aeabi_cfcmple
    actuator_hal.o(i.ActuatorHAL_Set) refers to frleqf.o(x$fpl$frleqf) for __aeabi_cfrcmple
    actuator_hal.o(i.ActuatorHAL_Set) refers to fmul.o(x$fpl$fmul) for __aeabi_fmul
    actuator_hal.o(i.ActuatorHAL_Set) refers to fdiv.o(x$fpl$fdiv) for __aeabi_fdiv
    actuator_hal.o(i.ActuatorHAL_Set) refers to faddsub_clz.o(x$fpl$fsub) for __aeabi_fsub
    actuator_hal.o(i.ActuatorHAL_Set) refers to faddsub_clz.o(x$fpl$fadd) for __aeabi_fadd
    actuator_hal.o(i.ActuatorHAL_Set) refers to ffixu.o(x$fpl$ffixu) for __aeabi_f2uiz
    actuator_hal.o(i.actuator_push_error) refers to queue_manager.o(i.TX_Queue_Push) for TX_Queue_Push
    comm_hal.o(i.CommHAL_Init) refers to drv_uart.o(i.DRV_UART1_Init) for DRV_UART1_Init
    comm_hal.o(i.CommHAL_Init) refers to frame_queue.o(i.FrameQueue_Init) for FrameQueue_Init
    comm_hal.o(i.CommHAL_Init) refers to comm_hal.o(.bss) for s_rx_queue
    comm_hal.o(i.CommHAL_Init) refers to comm_hal.o(.data) for s_rx_state
    comm_hal.o(i.CommHAL_ReceiveFrame) refers to frame_queue.o(i.FrameQueue_Pop) for FrameQueue_Pop
    comm_hal.o(i.CommHAL_ReceiveFrame) refers to comm_hal.o(.bss) for s_rx_queue
    comm_hal.o(i.CommHAL_RxByteCallback) refers to soft_timer.o(i.SoftTimer_Start) for SoftTimer_Start
    comm_hal.o(i.CommHAL_RxByteCallback) refers to comm_hal.o(i.Frame_GetLength) for Frame_GetLength
    comm_hal.o(i.CommHAL_RxByteCallback) refers to soft_timer.o(i.SoftTimer_Stop) for SoftTimer_Stop
    comm_hal.o(i.CommHAL_RxByteCallback) refers to queue_manager.o(i.RX_Queue_Push) for RX_Queue_Push
    comm_hal.o(i.CommHAL_RxByteCallback) refers to comm_hal.o(.data) for s_rx_state
    comm_hal.o(i.CommHAL_RxByteCallback) refers to comm_hal.o(i.on_rx_byte_timeout) for on_rx_byte_timeout
    comm_hal.o(i.CommHAL_RxByteCallback) refers to comm_hal.o(.bss) for s_rx_byte_timeout
[...]
    control_app.o(i.ControlApp_Update) refers to fleqf.o(x$fpl$fleqf) for __aeabi_cfcmple
    control_app.o(i.ControlApp_Update) refers to frleqf.o(x$fpl$frleqf) for __aeabi_cfrcmple
    control_app.o(i.ControlApp_Update) refers to actuator_hal.o(i.ActuatorHAL_Set) for ActuatorHAL_Set
    control_app.o(i.ControlApp_Update) refers to pid_control.o(i.PID_Compute) for PID_Compute
    control_app.o(i.ControlApp_Update) refers to ffixu.o(x$fpl$ffixu) for __aeabi_f2uiz
    control_app.o(i.ControlApp_Update) refers to fflt_clz.o(x$fpl$ffltu) for __aeabi_ui2f
    control_app.o(i.ControlApp_Update) refers to faddsub_clz.o(x$fpl$fadd) for __aeabi_fadd
    control_app.o(i.ControlApp_Update) refers to control_app.o(.data) for target_temperature
    control_app.o(i.ControlApp_Update) refers to control_app.o(.bss) for heater_pid
    pid_control.o(i.PID_Compute) refers to faddsub_clz.o(x$fpl$fsub) for __aeabi_fsub
    pid_control.o(i.PID_Compute) refers to fleqf.o(x$fpl$fleqf) for __aeabi_cfcmple
    pid_control.o(i.PID_Compute) refers to fmul.o(x$fpl$fmul) for __aeabi_fmul
    pid_control.o(i.PID_Compute) refers to faddsub_clz.o(x$fpl$fadd) for __aeabi_fadd
    pid_control.o(i.PID_Compute) refers to frleqf.o(x$fpl$frleqf) for __aeabi_cfrcmple
    pid_control.o(i.PID_Compute) refers to fdiv.o(x$fpl$fdiv) for __aeabi_fdiv
    protocol_handler.o(i.Protocol_Init) refers to comm_hal.o(i.CommHAL_Init) for CommHAL_Init
    protocol_handler.o(i.Protocol_Run) refers to soft_timer.o(i.SoftTimer_Start) for SoftTimer_Start
    protocol_handler.o(i.Protocol_Run) refers to soft_timer.o(i.SoftTimer_Stop) for SoftTimer_Stop
    protocol_handler.o(i.Protocol_Run) refers to protocol_handler.o(i.handle_system) for handle_system
    protocol_handler.o(i.Protocol_Run) refers to protocol_handler.o(i.handle_actuator) for handle_actuator
    protocol_handler.o(i.Protocol_Run) refers to protocol_handler.o(i.handle_pid) for handle_pid
    protocol_handler.o(i.Protocol_Run) refers to protocol_handler.o(i.Frame_GetMid) for Frame_GetMid
    protocol_handler.o(i.Protocol_Run) refers to protocol_handler.o(i.send_status_frame) for send_status_frame
    protocol_handler.o(i.Protocol_Run) refers to comm_hal.o(i.CommHAL_ReceiveFrame) for CommHAL_ReceiveFrame
    protocol_handler.o(i.Protocol_Run) refers to queue_manager.o(i.TX_Queue_Pop) for TX_Queue_Pop
    protocol_handler.o(i.Protocol_Run) refers to comm_hal.o(i.CommHAL_SendFrame) for CommHAL_SendFrame
    protocol_handler.o(i.Protocol_Run) refers to protocol_handler.o(i.on_rx_timeout) for on_rx_timeout
    protocol_handler.o(i.Protocol_Run) refers to protocol_handler.o(.bss) for s_rx_timeout
    protocol_handler.o(i.Protocol_SendSensorData) refers to protocol_handler.o(i.enqueue_frame) for enqueue_frame
    protocol_handler.o(i.Protocol_SendStatus) refers to protocol_handler.o(i.enqueue_frame) for enqueue_frame
    protocol_handler.o(i.Protocol_SystickUpdate) refers to soft_timer.o(i.SoftTimer_Update) for SoftTimer_Update
    protocol_handler.o(i.Protocol_SystickUpdate) refers to comm_hal.o(i.CommHAL_SystickUpdate) for CommHAL_SystickUpdate
    protocol_handler.o(i.Protocol_SystickUpdate) refers to protocol_handler.o(.bss) for s_rx_timeout
    protocol_handler.o(i.enqueue_frame) refers to rt_memcpy_v6.o(.text) for __aeabi_memcpy
    protocol_handler.o(i.enqueue_frame) refers to soft_timer.o(i.SoftTimer_Start) for SoftTimer_Start
    protocol_handler.o(i.enqueue_frame) refers to queue_manager.o(i.TX_Queue_Push) for TX_Queue_Push
    protocol_handler.o(i.enqueue_frame) refers to protocol_handler.o(i.on_rx_timeout) for on_rx_timeout
    protocol_handler.o(i.enqueue_frame) refers to protocol_handler.o(.bss) for s_tx_timeout
    protocol_handler.o(i.handle_actuator) refers to protocol_handler.o(i.Frame_GetMid) for Frame_GetMid
    protocol_handler.o(i.handle_actuator) refers to protocol_handler.o(i.Frame_GetLength) for Frame_GetLength
    protocol_handler.o(i.handle_actuator) refers to protocol_handler.o(i.send_status_frame) for send_status_frame
    protocol_handler.o(i.handle_pid) refers to protocol_handler.o(i.Frame_GetMid) for Frame_GetMid
    protocol_handler.o(i.handle_pid) refers to protocol_handler.o(i.Frame_GetLength) for Frame_GetLength
    protocol_handler.o(i.handle_pid) refers to protocol_handler.o(i.send_status_frame) for send_status_frame
    protocol_handler.o(i.handle_system) refers to protocol_handler.o(i.Frame_GetMid) for Frame_GetMid
    protocol_handler.o(i.handle_system) refers to protocol_handler.o(i.Frame_GetLength) for Frame_GetLength
    protocol_handler.o(i.handle_system) refers to protocol_handler.o(i.send_status_frame) for send_status_frame
    protocol_handler.o(i.handle_system) refers to frleqf.o(x$fpl$frleqf) for __aeabi_cfrcmple
    protocol_handler.o(i.handle_system) refers to fleqf.o(x$fpl$fleqf) for __aeabi_cfcmple
    protocol_handler.o(i.on_rx_timeout) refers to protocol_handler.o(.data) for s_rx_timeout_flag
    protocol_handler.o(i.on_tx_timeout) refers to protocol_handler.o(.data) for s_rx_timeout_flag
    protocol_handler.o(i.send_status_frame) refers to protocol_handler.o(i.enqueue_frame) for enqueue_frame
    frame_queue.o(i.FrameQueue_Pop) refers to rt_memcpy_v6.o(.text) for __aeabi_memcpy
    frame_queue.o(i.FrameQueue_Push) refers to rt_memcpy_v6.o(.text) for __aeabi_memcpy
    queue_manager.o(i.QueueMnr_Init) refers to frame_queue.o(i.FrameQueue_Init) for FrameQueue_Init
    queue_manager.o(i.QueueMnr_Init) refers to queue_manager.o(.bss) for tx_queue
    queue_manager.o(i.RX_Queue_Pop) refers to frame_queue.o(i.FrameQueue_Pop) for FrameQueue_Pop
    queue_manager.o(i.RX_Queue_Pop) refers to queue_manager.o(.bss) for rx_queue
    queue_manager.o(i.RX_Queue_Push) refers to frame_queue.o(i.FrameQueue_Push) for FrameQueue_Push
    queue_manager.o(i.RX_Queue_Push) refers to queue_manager.o(.bss) for rx_queue
    queue_manager.o(i.TX_Queue_Pop) refers to frame_queue.o(i.FrameQueue_Pop) for FrameQueue_Pop
    queue_manager.o(i.TX_Queue_Pop) refers to queue_manager.o(.bss) for tx_queue
    queue_manager.o(i.TX_Queue_Push) refers to frame_queue.o(i.FrameQueue_Push) for FrameQueue_Push
    queue_manager.o(i.TX_Queue_Push) refers to queue_manager.o(.bss) for tx_queue
    startup_stm32f10x_md.o(STACK) refers (Special) to heapauxi.o(.text) for __use_two_region_memory
    startup_stm32f10x_md.o(HEAP) refers (Special) to heapauxi.o(.text) for __use_two_region_memory
    startup_stm32f10x_md.o(RESET) refers (Special) to heapauxi.o(.text) for __use_two_region_memory
    startup_stm32f10x_md.o(RESET) refers to startup_stm32f10x_md.o(STACK) for __initial_sp
    startup_stm32f10x_md.o(RESET) refers to startup_stm32f10x_md.o(.text) for Reset_Handler
    startup_stm32f10x_md.o(RESET) refers to main.o(i.SysTick_Handler) for SysTick_Handler
    startup_stm32f10x_md.o(RESET) refers to drv_uart.o(i.USART1_IRQHandler) for USART1_IRQHandler
    startup_stm32f10x_md.o(.text) refers (Special) to heapauxi.o(.text) for __use_two_region_memory
    startup_stm32f10x_md.o(.text) refers to system_stm32f10x.o(i.SystemInit) for SystemInit
    startup_stm32f10x_md.o(.text) refers to __main.o(!!!main) for __main
    startup_stm32f10x_md.o(.text) refers to startup_stm32f10x_md.o(HEAP) for Heap_Mem
    startup_stm32f10x_md.o(.text) refers to startup_stm32f10x_md.o(STACK) for Stack_Mem
    system_stm32f10x.o(i.SetSysClock) refers to system_stm32f10x.o(i.SetSysClockTo72) for SetSysClockTo72
    system_stm32f10x.o(i.SystemCoreClockUpdate) refers to system_stm32f10x.o(.data) for SystemCoreClock
    system_stm32f10x.o(i.SystemInit) refers to system_stm32f10x.o(i.SetSysClock) for SetSysClock
    rt_memcpy_v6.o(.text) refers to rt_memcpy_w.o(.text) for __aeabi_memcpy4
    __main.o(!!!main) refers to __rtentry.o(.ARM.Collect$$rtentry$$00000000) for __rt_entry
    faddsub_clz.o(x$fpl$fadd) refers (Special) to usenofp.o(x$fpl$usenofp) for __I$use$fp
    faddsub_clz.o(x$fpl$fadd) refers to faddsub_clz.o(x$fpl$fsub) for _fsub1
    faddsub_clz.o(x$fpl$fadd) refers to fretinf.o(x$fpl$fretinf) for __fpl_fretinf
    faddsub_clz.o(x$fpl$fadd) refers to fnaninf.o(x$fpl$fnaninf) for __fpl_fnaninf
    faddsub_clz.o(x$fpl$frsb) refers (Special) to usenofp.o(x$fpl$usenofp) for __I$use$fp
    faddsub_clz.o(x$fpl$frsb) refers to faddsub_clz.o(x$fpl$fadd) for _fadd1
    faddsub_clz.o(x$fpl$frsb) refers to faddsub_clz.o(x$fpl$fsub) for _fsub1
    faddsub_clz.o(x$fpl$fsub) refers (Special) to usenofp.o(x$fpl$usenofp) for __I$use$fp
    faddsub_clz.o(x$fpl$fsub) refers to faddsub_clz.o(x$fpl$fadd) for _fadd1
    faddsub_clz.o(x$fpl$fsub) refers to fnaninf.o(x$fpl$fnaninf) for __fpl_fnaninf
    fdiv.o(x$fpl$frdiv) refers (Special) to usenofp.o(x$fpl$usenofp) for __I$use$fp
    fdiv.o(x$fpl$frdiv) refers to fdiv.o(x$fpl$fdiv) for _fdiv1
    fdiv.o(x$fpl$fdiv) refers (Special) to usenofp.o(x$fpl$usenofp) for __I$use$fp
    fdiv.o(x$fpl$fdiv) refers to fretinf.o(x$fpl$fretinf) for __fpl_fretinf
    fdiv.o(x$fpl$fdiv) refers to fnaninf.o(x$fpl$fnaninf) for __fpl_fnaninf
    feqf.o(x$fpl$feqf) refers (Special) to usenofp.o(x$fpl$usenofp) for __I$use$fp
    feqf.o(x$fpl$feqf) refers to fnaninf.o(x$fpl$fnaninf) for __fpl_fnaninf
    feqf.o(x$fpl$feqf) refers to fcmpi.o(x$fpl$fcmpinf) for __fpl_fcmp_Inf
    ffixu.o(x$fpl$ffixu) refers (Special) to usenofp.o(x$fpl$usenofp) for __I$use$fp
    ffixu.o(x$fpl$ffixu) refers to fnaninf.o(x$fpl$fnaninf) for __fpl_fnaninf
    ffixu.o(x$fpl$ffixur) refers (Special) to usenofp.o(x$fpl$usenofp) for __I$use$fp
    ffixu.o(x$fpl$ffixur) refers to fnaninf.o(x$fpl$fnaninf) for __fpl_fnaninf
    fflt_clz.o(x$fpl$ffltu) refers (Special) to usenofp.o(x$fpl$usenofp) for __I$use$fp
    fflt_clz.o(x$fpl$fflt) refers (Special) to usenofp.o(x$fpl$usenofp) for __I$use$fp
    fflt_clz.o(x$fpl$ffltn) refers (Special) to usenofp.o(x$fpl$usenofp) for __I$use$fp
    fleqf.o(x$fpl$fleqf) refers (Special) to usenofp.o(x$fpl$usenofp) for __I$use$fp
    fleqf.o(x$fpl$fleqf) refers to fnaninf.o(x$fpl$fnaninf) for __fpl_fnaninf
    fleqf.o(x$fpl$fleqf) refers to fcmpi.o(x$fpl$fcmpinf) for __fpl_fcmp_Inf
    fmul.o(x$fpl$fmul) refers (Special) to usenofp.o(x$fpl$usenofp) for __I$use$fp
    fmul.o(x$fpl$fmul) refers to fretinf.o(x$fpl$fretinf) for __fpl_fretinf
    fmul.o(x$fpl$fmul) refers to fnaninf.o(x$fpl$fnaninf) for __fpl_fnaninf
    frleqf.o(x$fpl$frleqf) refers (Special) to usenofp.o(x$fpl$usenofp) for __I$use$fp
    frleqf.o(x$fpl$frleqf) refers to fleqf.o(x$fpl$fleqf) for __fpl_fcmple_InfNaN
    __rtentry.o(.ARM.Collect$$rtentry$$00000000) refers (Special) to __rtentry2.o(.ARM.Collect$$rtentry$$0000000A) for __rt_entry_li
    __rtentry.o(.ARM.Collect$$rtentry$$00000000) refers (Special) to __rtentry2.o(.ARM.Collect$$rtentry$$0000000D) for __rt_entry_main
    __rtentry.o(.ARM.Collect$$rtentry$$00000000) refers (Special) to __rtentry2.o(.ARM.Collect$$rtentry$$0000000C) for __rt_entry_postli_1
    __rtentry.o(.ARM.Collect$$rtentry$$00000000) refers (Special) to __rtentry2.o(.ARM.Collect$$rtentry$$00000009) for __rt_entry_postsh_1
    __rtentry.o(.ARM.Collect$$rtentry$$00000000) refers (Special) to __rtentry2.o(.ARM.Collect$$rtentry$$00000002) for __rt_entry_presh_1
    __rtentry.o(.ARM.Collect$$rtentry$$00000000) refers (Special) to __rtentry4.o(.ARM.Collect$$rtentry$$00000004) for __rt_entry_sh
    fcmpi.o(x$fpl$fcmpinf) refers (Special) to usenofp.o(x$fpl$usenofp) for __I$use$fp
    fnaninf.o(x$fpl$fnaninf) refers (Special) to usenofp.o(x$fpl$usenofp) for __I$use$fp
    fretinf.o(x$fpl$fretinf) refers (Special) to usenofp.o(x$fpl$usenofp) for __I$use$fp
    __rtentry2.o(.ARM.Collect$$rtentry$$00000008) refers to boardinit2.o(.text) for _platform_post_stackheap_init
    __rtentry2.o(.ARM.Collect$$rtentry$$0000000A) refers to libinit.o(.ARM.Collect$$libinit$$00000000) for __rt_lib_init
    __rtentry2.o(.ARM.Collect$$rtentry$$0000000B) refers to boardinit3.o(.text) for _platform_post_lib_init
    __rtentry2.o(.ARM.Collect$$rtentry$$0000000D) refers to main.o(i.main) for main
    __rtentry2.o(.ARM.Collect$$rtentry$$0000000D) refers to exit.o(.text) for exit
    __rtentry2.o(.ARM.exidx) refers to __rtentry2.o(.ARM.Collect$$rtentry$$00000001) for .ARM.Collect$$rtentry$$00000001
    __rtentry2.o(.ARM.exidx) refers to __rtentry2.o(.ARM.Collect$$rtentry$$00000008) for .ARM.Collect$$rtentry$$00000008
    __rtentry2.o(.ARM.exidx) refers to __rtentry2.o(.ARM.Collect$$rtentry$$0000000A) for .ARM.Collect$$rtentry$$0000000A
    __rtentry2.o(.ARM.exidx) refers to __rtentry2.o(.ARM.Collect$$rtentry$$0000000B) for .ARM.Collect$$rtentry$$0000000B
    __rtentry2.o(.ARM.exidx) refers to __rtentry2.o(.ARM.Collect$$rtentry$$0000000D) for .ARM.Collect$$rtentry$$0000000D
    __rtentry4.o(.ARM.Collect$$rtentry$$00000004) refers to sys_stackheap_outer.o(.text) for __user_setup_stackheap
    __rtentry4.o(.ARM.exidx) refers to __rtentry4.o(.ARM.Collect$$rtentry$$00000004) for .ARM.Collect$$rtentry$$00000004
    sys_stackheap_outer.o(.text) refers to libspace.o(.text) for __user_perproc_libspace
    sys_stackheap_outer.o(.text) refers to startup_stm32f10x_md.o(.text) for __user_initial_stackheap
    exit.o(.text) refers to rtexit.o(.ARM.Collect$$rtexit$$00000000) for __rt_exit
    libinit.o(.ARM.Collect$$libinit$$00000000) refers (Special) to libinit2.o(.ARM.Collect$$libinit$$0000002E) for __rt_lib_init_alloca_1
    libinit.o(.ARM.Collect$$libinit$$00000000) refers (Special) to libinit2.o(.ARM.Collect$$libinit$$0000002C) for __rt_lib_init_argv_1
    libinit.o(.ARM.Collect$$libinit$$00000000) refers (Special) to libinit2.o(.ARM.Collect$$libinit$$0000001B) for __rt_lib_init_atexit_1
    libinit.o(.ARM.Collect$$libinit$$00000000) refers (Special) to libinit2.o(.ARM.Collect$$libinit$$00000021) for __rt_lib_init_clock_1
    libinit.o(.ARM.Collect$$libinit$$00000000) refers (Special) to libinit2.o(.ARM.Collect$$libinit$$00000032) for __rt_lib_init_cpp_1
    libinit.o(.ARM.Collect$$libinit$$00000000) refers (Special) to libinit2.o(.ARM.Collect$$libinit$$00000030) for __rt_lib_init_exceptions_1
    libinit.o(.ARM.Collect$$libinit$$00000000) refers (Special) to libinit2.o(.ARM.Collect$$libinit$$00000002) for __rt_lib_init_fp_1
    libinit.o(.ARM.Collect$$libinit$$00000000) refers (Special) to libinit2.o(.ARM.Collect$$libinit$$0000001F) for __rt_lib_init_fp_trap_1
    libinit.o(.ARM.Collect$$libinit$$00000000) refers (Special) to libinit2.o(.ARM.Collect$$libinit$$00000023) for __rt_lib_init_getenv_1
    libinit.o(.ARM.Collect$$libinit$$00000000) refers (Special) to libinit2.o(.ARM.Collect$$libinit$$0000000A) for __rt_lib_init_heap_1
    libinit.o(.ARM.Collect$$libinit$$00000000) refers (Special) to libinit2.o(.ARM.Collect$$libinit$$00000011) for __rt_lib_init_lc_collate_1
    libinit.o(.ARM.Collect$$libinit$$00000000) refers (Special) to libinit2.o(.ARM.Collect$$libinit$$00000013) for __rt_lib_init_lc_ctype_1
    libinit.o(.ARM.Collect$$libinit$$00000000) refers (Special) to libinit2.o(.ARM.Collect$$libinit$$00000015) for __rt_lib_init_lc_monetary_1
    libinit.o(.ARM.Collect$$libinit$$00000000) refers (Special) to libinit2.o(.ARM.Collect$$libinit$$00000017) for __rt_lib_init_lc_numeric_1
    libinit.o(.ARM.Collect$$libinit$$00000000) refers (Special) to libinit2.o(.ARM.Collect$$libinit$$00000019) for __rt_lib_init_lc_time_1
    libinit.o(.ARM.Collect$$libinit$$00000000) refers (Special) to libinit2.o(.ARM.Collect$$libinit$$00000004) for __rt_lib_init_preinit_1
    libinit.o(.ARM.Collect$$libinit$$00000000) refers (Special) to libinit2.o(.ARM.Collect$$libinit$$0000000E) for __rt_lib_init_rand_1
    libinit.o(.ARM.Collect$$libinit$$00000000) refers (Special) to libinit2.o(.ARM.Collect$$libinit$$00000033) for __rt_lib_init_return
    libinit.o(.ARM.Collect$$libinit$$00000000) refers (Special) to libinit2.o(.ARM.Collect$$libinit$$0000001D) for __rt_lib_init_signal_1
    libinit.o(.ARM.Collect$$libinit$$00000000) refers (Special) to libinit2.o(.ARM.Collect$$libinit$$00000025) for __rt_lib_init_stdio_1
    libinit.o(.ARM.Collect$$libinit$$00000000) refers (Special) to libinit2.o(.ARM.Collect$$libinit$$0000000C) for __rt_lib_init_user_alloc_1
    libspace.o(.text) refers to libspace.o(.bss) for __libspace_start
    rtexit.o(.ARM.Collect$$rtexit$$00000000) refers (Special) to rtexit2.o(.ARM.Collect$$rtexit$$00000004) for __rt_exit_exit
    rtexit.o(.ARM.Collect$$rtexit$$00000000) refers (Special) to rtexit2.o(.ARM.Collect$$rtexit$$00000003) for __rt_exit_ls
    rtexit.o(.ARM.Collect$$rtexit$$00000000) refers (Special) to rtexit2.o(.ARM.Collect$$rtexit$$00000002) for __rt_exit_prels_1
    rtexit.o(.ARM.exidx) refers (Special) to rtexit2.o(.ARM.Collect$$rtexit$$00000004) for __rt_exit_exit
    rtexit.o(.ARM.exidx) refers (Special) to rtexit2.o(.ARM.Collect$$rtexit$$00000003) for __rt_exit_ls
    rtexit.o(.ARM.exidx) refers (Special) to rtexit2.o(.ARM.Collect$$rtexit$$00000002) for __rt_exit_prels_1
    rtexit.o(.ARM.exidx) refers to rtexit.o(.ARM.Collect$$rtexit$$00000000) for .ARM.Collect$$rtexit$$00000000
    libinit2.o(.ARM.Collect$$libinit$$00000010) refers to libinit2.o(.ARM.Collect$$libinit$$0000000F) for .ARM.Collect$$libinit$$0000000F
    libinit2.o(.ARM.Collect$$libinit$$00000012) refers to libinit2.o(.ARM.Collect$$libinit$$0000000F) for .ARM.Collect$$libinit$$0000000F
    libinit2.o(.ARM.Collect$$libinit$$00000014) refers to libinit2.o(.ARM.Collect$$libinit$$0000000F) for .ARM.Collect$$libinit$$0000000F
    libinit2.o(.ARM.Collect$$libinit$$00000016) refers to libinit2.o(.ARM.Collect$$libinit$$0000000F) for .ARM.Collect$$libinit$$0000000F
    libinit2.o(.ARM.Collect$$libinit$$00000018) refers to libinit2.o(.ARM.Collect$$libinit$$0000000F) for .ARM.Collect$$libinit$$0000000F
    libinit2.o(.ARM.Collect$$libinit$$00000026) refers to argv_veneer.o(.emb_text) for __ARM_argv_veneer
    libinit2.o(.ARM.Collect$$libinit$$00000027) refers to argv_veneer.o(.emb_text) for __ARM_argv_veneer
    rtexit2.o(.ARM.Collect$$rtexit$$00000003) refers to libshutdown.o(.ARM.Collect$$libshutdown$$00000000) for __rt_lib_shutdown
    rtexit2.o(.ARM.Collect$$rtexit$$00000004) refers to sys_exit.o(.text) for _sys_exit
    rtexit2.o(.ARM.exidx) refers to rtexit2.o(.ARM.Collect$$rtexit$$00000001) for .ARM.Collect$$rtexit$$00000001
    rtexit2.o(.ARM.exidx) refers to rtexit2.o(.ARM.Collect$$rtexit$$00000003) for .ARM.Collect$$rtexit$$00000003
    rtexit2.o(.ARM.exidx) refers to rtexit2.o(.ARM.Collect$$rtexit$$00000004) for .ARM.Collect$$rtexit$$00000004
    argv_veneer.o(.emb_text) refers to no_argv.o(.text) for __ARM_get_argv
    sys_exit.o(.text) refers (Special) to use_no_semi.o(.text) for __I$use$semihosting
    sys_exit.o(.text) refers (Special) to indicate_semi.o(.text) for __semihosting_library_function
    _get_argv_nomalloc.o(.text) refers (Special) to hrguard.o(.text) for __heap_region$guard
    _get_argv_nomalloc.o(.text) refers to defsig_rtmem_outer.o(.text) for __rt_SIGRTMEM
    _get_argv_nomalloc.o(.text) refers to sys_command.o(.text) for _sys_command_string
    libshutdown.o(.ARM.Collect$$libshutdown$$00000000) refers (Special) to libshutdown2.o(.ARM.Collect$$libshutdown$$00000002) for __rt_lib_shutdown_cpp_1
    libshutdown.o(.ARM.Collect$$libshutdown$$00000000) refers (Special) to libshutdown2.o(.ARM.Collect$$libshutdown$$00000007) for __rt_lib_shutdown_fp_trap_1
    libshutdown.o(.ARM.Collect$$libshutdown$$00000000) refers (Special) to libshutdown2.o(.ARM.Collect$$libshutdown$$0000000F) for __rt_lib_shutdown_heap_1
    libshutdown.o(.ARM.Collect$$libshutdown$$00000000) refers (Special) to libshutdown2.o(.ARM.Collect$$libshutdown$$00000010) for __rt_lib_shutdown_return
    libshutdown.o(.ARM.Collect$$libshutdown$$00000000) refers (Special) to libshutdown2.o(.ARM.Collect$$libshutdown$$0000000A) for __rt_lib_shutdown_signal_1
    libshutdown.o(.ARM.Collect$$libshutdown$$00000000) refers (Special) to libshutdown2.o(.ARM.Collect$$libshutdown$$00000004) for __rt_lib_shutdown_stdio_1
    libshutdown.o(.ARM.Collect$$libshutdown$$00000000) refers (Special) to libshutdown2.o(.ARM.Collect$$libshutdown$$0000000C) for __rt_lib_shutdown_user_alloc_1
    sys_command.o(.text) refers (Special) to use_no_semi.o(.text) for __I$use$semihosting
    sys_command.o(.text) refers (Special) to indicate_semi.o(.text) for __semihosting_library_function
    defsig_rtmem_outer.o(.text) refers to defsig_rtmem_inner.o(.text) for __rt_SIGRTMEM_inner
    defsig_rtmem_outer.o(.text) refers to defsig_exit.o(.text) for __sig_exit
    defsig_rtmem_formal.o(.text) refers to rt_raise.o(.text) for __rt_raise
    rt_raise.o(.text) refers to __raise.o(.text) for __raise
    rt_raise.o(.text) refers to sys_exit.o(.text) for _sys_exit
    defsig_exit.o(.text) refers to sys_exit.o(.text) for _sys_exit
    defsig_rtmem_inner.o(.text) refers to defsig_general.o(.text) for __default_signal_display
    __raise.o(.text) refers to defsig.o(CL$$defsig) for __default_signal_handler
    defsig_general.o(.text) refers to sys_wrch.o(.text) for _ttywrch
    sys_wrch.o(.text) refers (Special) to use_no_semi.o(.text) for __I$use$semihosting
    sys_wrch.o(.text) refers (Special) to indicate_semi.o(.text) for __semihosting_library_function
    defsig.o(CL$$defsig) refers to defsig_rtmem_inner.o(.text) for __rt_SIGRTMEM_inner
    defsig_abrt_inner.o(.text) refers to defsig_general.o(.text) for __default_signal_display
    defsig_fpe_inner.o(.text) refers to defsig_general.o(.text) for __default_signal_display
    defsig_rtred_inner.o(.text) refers to defsig_general.o(.text) for __default_signal_display
    defsig_stak_inner.o(.text) refers to defsig_general.o(.text) for __default_signal_display
    defsig_pvfn_inner.o(.text) refers to defsig_general.o(.text) for __default_signal_display
    defsig_cppl_inner.o(.text) refers to defsig_general.o(.text) for __default_signal_display
    defsig_segv_inner.o(.text) refers to defsig_general.o(.text) for __default_signal_display
    defsig_other.o(.text) refers to defsig_general.o(.text) for __default_signal_display


==============================================================================

Removing Unused input sections from the image.

    Removing main.o(.rev16_text), (4 bytes).
    Removing main.o(.revsh_text), (4 bytes).
    Removing main.o(.rrx_text), (6 bytes).
    Removing drv_gpio.o(.rev16_text), (4 bytes).
    Removing drv_gpio.o(.revsh_text), (4 bytes).
    Removing drv_gpio.o(.rrx_text), (6 bytes).
    Removing drv_gpio.o(i.GPIO_Init), (200 bytes).
    Removing drv_gpio.o(i.GPIO_Read), (68 bytes).
    Removing drv_gpio.o(i.GPIO_Toggle), (60 bytes).
    Removing drv_gpio.o(i.GPIO_Write), (72 bytes).
    Removing drv_pwm.o(.rev16_text), (4 bytes).
    Removing drv_pwm.o(.revsh_text), (4 bytes).
    Removing drv_pwm.o(.rrx_text), (6 bytes).
    Removing drv_pwm.o(i.DRV_PWM_Stop), (76 bytes).
    Removing drv_timer.o(.rev16_text), (4 bytes).
    Removing drv_timer.o(.revsh_text), (4 bytes).
    Removing drv_timer.o(.rrx_text), (6 bytes).
    Removing drv_timer.o(i.delay_ms), (24 bytes).
    Removing drv_timer.o(i.delay_us), (68 bytes).
    Removing drv_timer.o(i.timerInitForDelay), (60 bytes).
    Removing drv_timer.o(.data), (4 bytes).
    Removing drv_uart.o(.rev16_text), (4 bytes).
    Removing drv_uart.o(.revsh_text), (4 bytes).
    Removing drv_uart.o(.rrx_text), (6 bytes).
    Removing actuator_hal.o(.rev16_text), (4 bytes).
    Removing actuator_hal.o(.revsh_text), (4 bytes).
    Removing actuator_hal.o(.rrx_text), (6 bytes).
    Removing actuator_hal.o(i.ActuatorHAL_Set), (1132 bytes).
    Removing actuator_hal.o(i.actuator_push_error), (76 bytes).
    Removing comm_hal.o(.rev16_text), (4 bytes).
    Removing comm_hal.o(.revsh_text), (4 bytes).
    Removing comm_hal.o(.rrx_text), (6 bytes).
    Removing comm_hal.o(i.CommHAL_SendByte), (12 bytes).
    Removing comm_hal.o(i.CommHAL_SendBytes), (16 bytes).
    Removing sensor_hal.o(.rev16_text), (4 bytes).
    Removing sensor_hal.o(.revsh_text), (4 bytes).
    Removing sensor_hal.o(.rrx_text), (6 bytes).
    Removing sensor_hal.o(i.DHT22_Check_Response), (68 bytes).
    Removing sensor_hal.o(i.DHT22_Read_Byte), (118 bytes).
    Removing sensor_hal.o(i.DHT22_Start), (64 bytes).
    Removing soft_timer.o(.rev16_text), (4 bytes).
    Removing soft_timer.o(.revsh_text), (4 bytes).
    Removing soft_timer.o(.rrx_text), (6 bytes).
    Removing control_app.o(i.ControlApp_Init), (80 bytes).
    Removing control_app.o(i.ControlApp_SetMode), (24 bytes).
    Removing control_app.o(i.ControlApp_SetPIDTune), (16 bytes).
    Removing control_app.o(i.ControlApp_SetTempSetpoint), (12 bytes).
    Removing control_app.o(i.ControlApp_Update), (284 bytes).
    Removing control_app.o(.bss), (56 bytes).
    Removing control_app.o(.data), (5 bytes).
    Removing pid_control.o(i.PID_Compute), (276 bytes).
    Removing pid_control.o(i.PID_Init), (14 bytes).
    Removing protocol_handler.o(.rev16_text), (4 bytes).
    Removing protocol_handler.o(.revsh_text), (4 bytes).
    Removing protocol_handler.o(.rrx_text), (6 bytes).
    Removing protocol_handler.o(i.Protocol_SendStatus), (52 bytes).
    Removing protocol_handler.o(i.on_tx_timeout), (12 bytes).
    Removing frame_queue.o(i.FrameQueue_IsEmpty), (22 bytes).
    Removing frame_queue.o(i.FrameQueue_IsFull), (28 bytes).
    Removing queue_manager.o(i.QueueMnr_Init), (24 bytes).
    Removing queue_manager.o(i.RX_Queue_Pop), (20 bytes).
    Removing system_stm32f10x.o(.rev16_text), (4 bytes).
    Removing system_stm32f10x.o(.revsh_text), (4 bytes).
    Removing system_stm32f10x.o(.rrx_text), (6 bytes).
    Removing system_stm32f10x.o(i.SystemCoreClockUpdate), (164 bytes).
    Removing system_stm32f10x.o(.data), (20 bytes).

66 unused section(s) (total 3381 bytes) removed from the image.

==============================================================================

Image Symbol Table

    Local Symbols

    Symbol Name                              Value     Ov Type        Size  Object(Section)

    ../clib/angel/boardlib.s                 0x00000000   Number         0  boardinit3.o ABSOLUTE
    ../clib/angel/boardlib.s                 0x00000000   Number         0  boardinit2.o ABSOLUTE
    ../clib/angel/boardlib.s                 0x00000000   Number         0  boardinit1.o ABSOLUTE
    ../clib/angel/boardlib.s                 0x00000000   Number         0  boardshut.o ABSOLUTE
    ../clib/angel/handlers.s                 0x00000000   Number         0  __scatter_zi.o ABSOLUTE
    ../clib/angel/handlers.s                 0x00000000   Number         0  __scatter_copy.o ABSOLUTE
    ../clib/angel/kernel.s                   0x00000000   Number         0  __rtentry4.o ABSOLUTE
    ../clib/angel/kernel.s                   0x00000000   Number         0  __rtentry2.o ABSOLUTE
    ../clib/angel/kernel.s                   0x00000000   Number         0  rtexit2.o ABSOLUTE
    ../clib/angel/kernel.s                   0x00000000   Number         0  __rtentry.o ABSOLUTE
    ../clib/angel/kernel.s                   0x00000000   Number         0  rtexit.o ABSOLUTE
    ../clib/angel/rt.s                       0x00000000   Number         0  rt_raise.o ABSOLUTE
    ../clib/angel/scatter.s                  0x00000000   Number         0  __scatter.o ABSOLUTE
    ../clib/angel/startup.s                  0x00000000   Number         0  __main.o ABSOLUTE
    ../clib/angel/sys.s                      0x00000000   Number         0  sys_stackheap_outer.o ABSOLUTE
    ../clib/angel/sys.s                      0x00000000   Number         0  use_no_semi.o ABSOLUTE
    ../clib/angel/sys.s                      0x00000000   Number         0  indicate_semi.o ABSOLUTE
    ../clib/angel/sys.s                      0x00000000   Number         0  libspace.o ABSOLUTE
    ../clib/angel/sysapp.c                   0x00000000   Number         0  sys_exit.o ABSOLUTE
    ../clib/angel/sysapp.c                   0x00000000   Number         0  sys_command.o ABSOLUTE
    ../clib/angel/sysapp.c                   0x00000000   Number         0  sys_wrch.o ABSOLUTE
    ../clib/armsys.c                         0x00000000   Number         0  no_argv.o ABSOLUTE
    ../clib/armsys.c                         0x00000000   Number         0  argv_veneer.o ABSOLUTE
    ../clib/armsys.c                         0x00000000   Number         0  _get_argv_nomalloc.o ABSOLUTE
    ../clib/armsys.c                         0x00000000   Number         0  argv_veneer.o ABSOLUTE
    ../clib/heapalloc.c                      0x00000000   Number         0  hrguard.o ABSOLUTE
    ../clib/heapaux.c                        0x00000000   Number         0  heapauxi.o ABSOLUTE
    ../clib/libinit.s                        0x00000000   Number         0  libinit.o ABSOLUTE
    ../clib/libinit.s                        0x00000000   Number         0  libshutdown.o ABSOLUTE
    ../clib/libinit.s                        0x00000000   Number         0  libshutdown2.o ABSOLUTE
    ../clib/libinit.s                        0x00000000   Number         0  libinit2.o ABSOLUTE
    ../clib/memcpset.s                       0x00000000   Number         0  rt_memcpy_w.o ABSOLUTE
    ../clib/memcpset.s                       0x00000000   Number         0  rt_memcpy_v6.o ABSOLUTE
    ../clib/signal.c                         0x00000000   Number         0  defsig_cppl_inner.o ABSOLUTE
    ../clib/signal.c                         0x00000000   Number         0  defsig_segv_inner.o ABSOLUTE
    ../clib/signal.c                         0x00000000   Number         0  defsig_other.o ABSOLUTE
    ../clib/signal.c                         0x00000000   Number         0  defsig_pvfn_inner.o ABSOLUTE
    ../clib/signal.c                         0x00000000   Number         0  defsig_general.o ABSOLUTE
    ../clib/signal.c                         0x00000000   Number         0  __raise.o ABSOLUTE
    ../clib/signal.c                         0x00000000   Number         0  defsig_rtmem_inner.o ABSOLUTE
    ../clib/signal.c                         0x00000000   Number         0  defsig_rtmem_formal.o ABSOLUTE
    ../clib/signal.c                         0x00000000   Number         0  defsig_rtmem_outer.o ABSOLUTE
    ../clib/signal.c                         0x00000000   Number         0  defsig_exit.o ABSOLUTE
    ../clib/signal.c                         0x00000000   Number         0  defsig_abrt_inner.o ABSOLUTE
    ../clib/signal.c                         0x00000000   Number         0  defsig_fpe_inner.o ABSOLUTE
    ../clib/signal.c                         0x00000000   Number         0  defsig_rtred_inner.o ABSOLUTE
    ../clib/signal.c                         0x00000000   Number         0  defsig_stak_inner.o ABSOLUTE
    ../clib/signal.s                         0x00000000   Number         0  defsig.o ABSOLUTE
    ../clib/stdlib.c                         0x00000000   Number         0  exit.o ABSOLUTE
    ../fplib/faddsub.s                       0x00000000   Number         0  faddsub_clz.o ABSOLUTE
    ../fplib/fcmpi.s                         0x00000000   Number         0  fcmpi.o ABSOLUTE
    ../fplib/fdiv.s                          0x00000000   Number         0  fdiv.o ABSOLUTE
    ../fplib/feqf.s                          0x00000000   Number         0  feqf.o ABSOLUTE
    ../fplib/ffixu.s                         0x00000000   Number         0  ffixu.o ABSOLUTE
    ../fplib/fflt.s                          0x00000000   Number         0  fflt_clz.o ABSOLUTE
    ../fplib/fleqf.s                         0x00000000   Number         0  fleqf.o ABSOLUTE
    ../fplib/fmul.s                          0x00000000   Number         0  fmul.o ABSOLUTE
    ../fplib/fnaninf.s                       0x00000000   Number         0  fnaninf.o ABSOLUTE
    ../fplib/fpinit.s                        0x00000000   Number         0  fpinit.o ABSOLUTE
    ../fplib/fretinf.s                       0x00000000   Number         0  fretinf.o ABSOLUTE
    ../fplib/frleqf.s                        0x00000000   Number         0  frleqf.o ABSOLUTE
    ../fplib/usenofp.s                       0x00000000   Number         0  usenofp.o ABSOLUTE
    Firmware\Core\Src\main.c                 0x00000000   Number         0  main.o ABSOLUTE
    Firmware\\Core\\Src\\main.c              0x00000000   Number         0  main.o ABSOLUTE
    Firmware\\application\\src\\protocol_handler.c 0x00000000   Number         0  protocol_handler.o ABSOLUTE
    Firmware\\mcu_drivers\\src\\drv_gpio.c   0x00000000   Number         0  drv_gpio.o ABSOLUTE
    Firmware\\mcu_drivers\\src\\drv_pwm.c    0x00000000   Number         0  drv_pwm.o ABSOLUTE
    Firmware\\mcu_drivers\\src\\drv_timer.c  0x00000000   Number         0  drv_timer.o ABSOLUTE
    Firmware\\mcu_drivers\\src\\drv_uart.c   0x00000000   Number         0  drv_uart.o ABSOLUTE
    Firmware\\platform\\src\\actuator_hal.c  0x00000000   Number         0  actuator_hal.o ABSOLUTE
    Firmware\\platform\\src\\comm_hal.c      0x00000000   Number         0  comm_hal.o ABSOLUTE
    Firmware\\platform\\src\\sensor_hal.c    0x00000000   Number         0  sensor_hal.o ABSOLUTE
    Firmware\\platform\\src\\soft_timer.c    0x00000000   Number         0  soft_timer.o ABSOLUTE
    Firmware\application\src\control_app.c   0x00000000   Number         0  control_app.o ABSOLUTE
    Firmware\application\src\pid_control.c   0x00000000   Number         0  pid_control.o ABSOLUTE
    Firmware\application\src\protocol_handler.c 0x00000000   Number         0  protocol_handler.o ABSOLUTE
    Firmware\common\src\frame_queue.c        0x00000000   Number         0  frame_queue.o ABSOLUTE
    Firmware\common\src\queue_manager.c      0x00000000   Number         0  queue_manager.o ABSOLUTE
    Firmware\mcu_drivers\src\drv_gpio.c      0x00000000   Number         0  drv_gpio.o ABSOLUTE
    Firmware\mcu_drivers\src\drv_pwm.c       0x00000000   Number         0  drv_pwm.o ABSOLUTE
    Firmware\mcu_drivers\src\drv_timer.c     0x00000000   Number         0  drv_timer.o ABSOLUTE
    Firmware\mcu_drivers\src\drv_uart.c      0x00000000   Number         0  drv_uart.o ABSOLUTE
    Firmware\platform\src\actuator_hal.c     0x00000000   Number         0  actuator_hal.o ABSOLUTE
    Firmware\platform\src\comm_hal.c         0x00000000   Number         0  comm_hal.o ABSOLUTE
    Firmware\platform\src\sensor_hal.c       0x00000000   Number         0  sensor_hal.o ABSOLUTE
    Firmware\platform\src\soft_timer.c       0x00000000   Number         0  soft_timer.o ABSOLUTE
    RTE\Device\STM32F103C8\startup_stm32f10x_md.s 0x00000000   Number         0  startup_stm32f10x_md.o ABSOLUTE
    RTE\Device\STM32F103C8\system_stm32f10x.c 0x00000000   Number         0  system_stm32f10x.o ABSOLUTE
    RTE\\Device\\STM32F103C8\\system_stm32f10x.c 0x00000000   Number         0  system_stm32f10x.o ABSOLUTE
    dc.s                                     0x00000000   Number         0  dc.o ABSOLUTE
    RESET                                    0x08000000   Section      236  startup_stm32f10x_md.o(RESET)
    !!!main                                  0x080000ec   Section        8  __main.o(!!!main)
    !!!scatter                               0x080000f4   Section       52  __scatter.o(!!!scatter)
    !!handler_copy                           0x08000128   Section       26  __scatter_copy.o(!!handler_copy)
    !!handler_zi                             0x08000144   Section       28  __scatter_zi.o(!!handler_zi)
    .ARM.Collect$$libinit$$00000000          0x08000160   Section        2  libinit.o(.ARM.Collect$$libinit$$00000000)
    .ARM.Collect$$libinit$$00000002          0x08000162   Section        0  libinit2.o(.ARM.Collect$$libinit$$00000002)
    .ARM.Collect$$libinit$$00000004          0x08000162   Section        0  libinit2.o(.ARM.Collect$$libinit$$00000004)
    .ARM.Collect$$libinit$$0000000A          0x08000162   Section        0  libinit2.o(.ARM.Collect$$libinit$$0000000A)
    .ARM.Collect$$libinit$$0000000C          0x08000162   Section        0  libinit2.o(.ARM.Collect$$libinit$$0000000C)
    .ARM.Collect$$libinit$$0000000E          0x08000162   Section        0  libinit2.o(.ARM.Collect$$libinit$$0000000E)
    .ARM.Collect$$libinit$$00000011          0x08000162   Section        0  libinit2.o(.ARM.Collect$$libinit$$00000011)
    .ARM.Collect$$libinit$$00000013          0x08000162   Section        0  libinit2.o(.ARM.Collect$$libinit$$00000013)
    .ARM.Collect$$libinit$$00000015          0x08000162   Section        0  libinit2.o(.ARM.Collect$$libinit$$00000015)
    .ARM.Collect$$libinit$$00000017          0x08000162   Section        0  libinit2.o(.ARM.Collect$$libinit$$00000017)
    .ARM.Collect$$libinit$$00000019          0x08000162   Section        0  libinit2.o(.ARM.Collect$$libinit$$00000019)
    .ARM.Collect$$libinit$$0000001B          0x08000162   Section        0  libinit2.o(.ARM.Collect$$libinit$$0000001B)
    .ARM.Collect$$libinit$$0000001D          0x08000162   Section        0  libinit2.o(.ARM.Collect$$libinit$$0000001D)
    .ARM.Collect$$libinit$$0000001F          0x08000162   Section        0  libinit2.o(.ARM.Collect$$libinit$$0000001F)
    .ARM.Collect$$libinit$$00000021          0x08000162   Section        0  libinit2.o(.ARM.Collect$$libinit$$00000021)
    .ARM.Collect$$libinit$$00000023          0x08000162   Section        0  libinit2.o(.ARM.Collect$$libinit$$00000023)
    .ARM.Collect$$libinit$$00000025          0x08000162   Section        0  libinit2.o(.ARM.Collect$$libinit$$00000025)
    .ARM.Collect$$libinit$$0000002C          0x08000162   Section        0  libinit2.o(.ARM.Collect$$libinit$$0000002C)
    .ARM.Collect$$libinit$$0000002E          0x08000162   Section        0  libinit2.o(.ARM.Collect$$libinit$$0000002E)
    .ARM.Collect$$libinit$$00000030          0x08000162   Section        0  libinit2.o(.ARM.Collect$$libinit$$00000030)
    .ARM.Collect$$libinit$$00000032          0x08000162   Section        0  libinit2.o(.ARM.Collect$$libinit$$00000032)
    .ARM.Collect$$libinit$$00000033          0x08000162   Section        2  libinit2.o(.ARM.Collect$$libinit$$00000033)
    .ARM.Collect$$libshutdown$$00000000      0x08000164   Section        2  libshutdown.o(.ARM.Collect$$libshutdown$$00000000)
    .ARM.Collect$$libshutdown$$00000002      0x08000166   Section        0  libshutdown2.o(.ARM.Collect$$libshutdown$$00000002)
    .ARM.Collect$$libshutdown$$00000004      0x08000166   Section        0  libshutdown2.o(.ARM.Collect$$libshutdown$$00000004)
    .ARM.Collect$$libshutdown$$00000007      0x08000166   Section        0  libshutdown2.o(.ARM.Collect$$libshutdown$$00000007)
    .ARM.Collect$$libshutdown$$0000000A      0x08000166   Section        0  libshutdown2.o(.ARM.Collect$$libshutdown$$0000000A)
    .ARM.Collect$$libshutdown$$0000000C      0x08000166   Section        0  libshutdown2.o(.ARM.Collect$$libshutdown$$0000000C)
    .ARM.Collect$$libshutdown$$0000000F      0x08000166   Section        0  libshutdown2.o(.ARM.Collect$$libshutdown$$0000000F)
    .ARM.Collect$$libshutdown$$00000010      0x08000166   Section        2  libshutdown2.o(.ARM.Collect$$libshutdown$$00000010)
    .ARM.Collect$$rtentry$$00000000          0x08000168   Section        0  __rtentry.o(.ARM.Collect$$rtentry$$00000000)
    .ARM.Collect$$rtentry$$00000002          0x08000168   Section        0  __rtentry2.o(.ARM.Collect$$rtentry$$00000002)
    .ARM.Collect$$rtentry$$00000004          0x08000168   Section        6  __rtentry4.o(.ARM.Collect$$rtentry$$00000004)
    .ARM.Collect$$rtentry$$00000009          0x0800016e   Section        0  __rtentry2.o(.ARM.Collect$$rtentry$$00000009)
    .ARM.Collect$$rtentry$$0000000A          0x0800016e   Section        4  __rtentry2.o(.ARM.Collect$$rtentry$$0000000A)
    .ARM.Collect$$rtentry$$0000000C          0x08000172   Section        0  __rtentry2.o(.ARM.Collect$$rtentry$$0000000C)
    .ARM.Collect$$rtentry$$0000000D          0x08000172   Section        8  __rtentry2.o(.ARM.Collect$$rtentry$$0000000D)
    .ARM.Collect$$rtexit$$00000000           0x0800017a   Section        2  rtexit.o(.ARM.Collect$$rtexit$$00000000)
    .ARM.Collect$$rtexit$$00000002           0x0800017c   Section        0  rtexit2.o(.ARM.Collect$$rtexit$$00000002)
    .ARM.Collect$$rtexit$$00000003           0x0800017c   Section        4  rtexit2.o(.ARM.Collect$$rtexit$$00000003)
    .ARM.Collect$$rtexit$$00000004           0x08000180   Section        6  rtexit2.o(.ARM.Collect$$rtexit$$00000004)
    .text                                    0x08000188   Section       64  startup_stm32f10x_md.o(.text)
    .text                                    0x080001c8   Section      138  rt_memcpy_v6.o(.text)
    .text                                    0x08000252   Section        0  heapauxi.o(.text)
    .text                                    0x08000258   Section      100  rt_memcpy_w.o(.text)
    .text                                    0x080002bc   Section       74  sys_stackheap_outer.o(.text)
    .text                                    0x08000306   Section        0  exit.o(.text)
    .text                                    0x08000318   Section        8  libspace.o(.text)
    .text                                    0x08000320   Section        0  sys_exit.o(.text)
    .text                                    0x0800032c   Section        2  use_no_semi.o(.text)
    .text                                    0x0800032e   Section        0  indicate_semi.o(.text)
    i.ActuatorHAL_Init                       0x0800032e   Section        0  actuator_hal.o(i.ActuatorHAL_Init)
    i.CommHAL_Init                           0x0800037c   Section        0  comm_hal.o(i.CommHAL_Init)
    i.CommHAL_ReceiveFrame                   0x080003ac   Section        0  comm_hal.o(i.CommHAL_ReceiveFrame)
    i.CommHAL_RxByteCallback                 0x080003c0   Section        0  comm_hal.o(i.CommHAL_RxByteCallback)
    i.CommHAL_SendFrame                      0x080004c0   Section        0  comm_hal.o(i.CommHAL_SendFrame)
    i.CommHAL_SystickUpdate                  0x080004dc   Section        0  comm_hal.o(i.CommHAL_SystickUpdate)
    i.DRV_PWM_Init                           0x080004ec   Section        0  drv_pwm.o(i.DRV_PWM_Init)
    i.DRV_PWM_SetDuty                        0x0800062c   Section        0  drv_pwm.o(i.DRV_PWM_SetDuty)
    i.DRV_PWM_Start                          0x0800067a   Section        0  drv_pwm.o(i.DRV_PWM_Start)
    i.DRV_UART1_Init                         0x080006d4   Section        0  drv_uart.o(i.DRV_UART1_Init)
    i.DRV_UART1_SendByte                     0x080007bc   Section        0  drv_uart.o(i.DRV_UART1_SendByte)
    i.DRV_UART1_SendBytes                    0x080007d8   Section        0  drv_uart.o(i.DRV_UART1_SendBytes)
    i.FrameQueue_Init                        0x080007f8   Section        0  frame_queue.o(i.FrameQueue_Init)
    i.FrameQueue_Pop                         0x08000804   Section        0  frame_queue.o(i.FrameQueue_Pop)
    i.FrameQueue_Push                        0x08000842   Section        0  frame_queue.o(i.FrameQueue_Push)
    i.Frame_GetLength                        0x0800087c   Section        0  comm_hal.o(i.Frame_GetLength)
    Frame_GetLength                          0x0800087d   Thumb Code    14  comm_hal.o(i.Frame_GetLength)
    i.Frame_GetLength                        0x0800088a   Section        0  protocol_handler.o(i.Frame_GetLength)
    Frame_GetLength                          0x0800088b   Thumb Code    14  protocol_handler.o(i.Frame_GetLength)
    i.Frame_GetMid                           0x08000898   Section        0  protocol_handler.o(i.Frame_GetMid)
    Frame_GetMid                             0x08000899   Thumb Code     8  protocol_handler.o(i.Frame_GetMid)
    i.Get_Timer_Instance                     0x080008a0   Section        0  drv_pwm.o(i.Get_Timer_Instance)
    Get_Timer_Instance                       0x080008a1   Thumb Code    42  drv_pwm.o(i.Get_Timer_Instance)
    i.Protocol_Init                          0x080008d8   Section        0  protocol_handler.o(i.Protocol_Init)
    i.Protocol_Run                           0x080008e0   Section        0  protocol_handler.o(i.Protocol_Run)
    i.Protocol_SendSensorData                0x08000970   Section        0  protocol_handler.o(i.Protocol_SendSensorData)
    i.Protocol_SystickUpdate                 0x0800098c   Section        0  protocol_handler.o(i.Protocol_SystickUpdate)
    i.RX_Queue_Push                          0x080009a8   Section        0  queue_manager.o(i.RX_Queue_Push)
    i.SetSysClock                            0x080009bc   Section        0  system_stm32f10x.o(i.SetSysClock)
    SetSysClock                              0x080009bd   Thumb Code     8  system_stm32f10x.o(i.SetSysClock)
    i.SetSysClockTo72                        0x080009c4   Section        0  system_stm32f10x.o(i.SetSysClockTo72)
    SetSysClockTo72                          0x080009c5   Thumb Code   214  system_stm32f10x.o(i.SetSysClockTo72)
    i.SoftTimer_Dispatch                     0x08000aa4   Section        0  soft_timer.o(i.SoftTimer_Dispatch)
    i.SoftTimer_Start                        0x08000ac0   Section        0  soft_timer.o(i.SoftTimer_Start)
    i.SoftTimer_Stop                         0x08000ad0   Section        0  soft_timer.o(i.SoftTimer_Stop)
    i.SoftTimer_Update                       0x08000ad6   Section        0  soft_timer.o(i.SoftTimer_Update)
    i.SysTick_Handler                        0x08000afc   Section        0  main.o(i.SysTick_Handler)
    i.SystemInit                             0x08000b10   Section        0  system_stm32f10x.o(i.SystemInit)
    i.SystickInit                            0x08000b70   Section        0  drv_timer.o(i.SystickInit)
    i.TX_Queue_Pop                           0x08000b8c   Section        0  queue_manager.o(i.TX_Queue_Pop)
    i.TX_Queue_Push                          0x08000ba0   Section        0  queue_manager.o(i.TX_Queue_Push)
    i.USART1_IRQHandler                      0x08000bb4   Section        0  drv_uart.o(i.USART1_IRQHandler)
    i.enqueue_frame                          0x08000bd8   Section        0  protocol_handler.o(i.enqueue_frame)
    enqueue_frame                            0x08000bd9   Thumb Code    94  protocol_handler.o(i.enqueue_frame)
    i.handle_actuator                        0x08000c40   Section        0  protocol_handler.o(i.handle_actuator)
    handle_actuator                          0x08000c41   Thumb Code   122  protocol_handler.o(i.handle_actuator)
    i.handle_pid                             0x08000cba   Section        0  protocol_handler.o(i.handle_pid)
    handle_pid                               0x08000cbb   Thumb Code    74  protocol_handler.o(i.handle_pid)
    i.handle_system                          0x08000d04   Section        0  protocol_handler.o(i.handle_system)
    handle_system                            0x08000d05   Thumb Code   264  protocol_handler.o(i.handle_system)
    i.main                                   0x08000e10   Section        0  main.o(i.main)
    i.on_report_timer                        0x08000e78   Section        0  main.o(i.on_report_timer)
    on_report_timer                          0x08000e79   Thumb Code     8  main.o(i.on_report_timer)
    i.on_rx_byte_timeout                     0x08000e84   Section        0  comm_hal.o(i.on_rx_byte_timeout)
    on_rx_byte_timeout                       0x08000e85   Thumb Code     8  comm_hal.o(i.on_rx_byte_timeout)
    i.on_rx_timeout                          0x08000e90   Section        0  protocol_handler.o(i.on_rx_timeout)
    on_rx_timeout                            0x08000e91   Thumb Code     8  protocol_handler.o(i.on_rx_timeout)
    i.send_status_frame                      0x08000e9c   Section        0  protocol_handler.o(i.send_status_frame)
    send_status_frame                        0x08000e9d   Thumb Code    24  protocol_handler.o(i.send_status_frame)
    x$fpl$fadd                               0x08000eb4   Section      196  faddsub_clz.o(x$fpl$fadd)
    _fadd1                                   0x08000ec3   Thumb Code     0  faddsub_clz.o(x$fpl$fadd)
    x$fpl$fcmpinf                            0x08000f78   Section       24  fcmpi.o(x$fpl$fcmpinf)
    x$fpl$fdiv                               0x08000f90   Section      388  fdiv.o(x$fpl$fdiv)
    _fdiv1                                   0x08000f91   Thumb Code     0  fdiv.o(x$fpl$fdiv)
    x$fpl$ffixu                              0x08001114   Section       62  ffixu.o(x$fpl$ffixu)
    x$fpl$ffltu                              0x08001154   Section       38  fflt_clz.o(x$fpl$ffltu)
    x$fpl$fleqf                              0x0800117c   Section      104  fleqf.o(x$fpl$fleqf)
    x$fpl$fmul                               0x080011e4   Section      258  fmul.o(x$fpl$fmul)
    x$fpl$fnaninf                            0x080012e6   Section      140  fnaninf.o(x$fpl$fnaninf)
    x$fpl$fretinf                            0x08001372   Section       10  fretinf.o(x$fpl$fretinf)
    x$fpl$frleqf                             0x0800137c   Section       98  frleqf.o(x$fpl$frleqf)
    x$fpl$frsb                               0x080013de   Section       20  faddsub_clz.o(x$fpl$frsb)
    x$fpl$fsub                               0x080013f4   Section      234  faddsub_clz.o(x$fpl$fsub)
    _fsub1                                   0x08001403   Thumb Code     0  faddsub_clz.o(x$fpl$fsub)
    x$fpl$usenofp                            0x080014de   Section        0  usenofp.o(x$fpl$usenofp)
    .data                                    0x20000000   Section       21  main.o(.data)
    g_data                                   0x20000000   Data          20  main.o(.data)
    s_report_flag                            0x20000014   Data           1  main.o(.data)
    .data                                    0x20000016   Section        7  comm_hal.o(.data)
    s_rx_state                               0x20000016   Data           1  comm_hal.o(.data)
    s_rx_payload_idx                         0x20000018   Data           2  comm_hal.o(.data)
    s_rx_length                              0x2000001a   Data           2  comm_hal.o(.data)
    s_rx_byte_timeout_flag                   0x2000001c   Data           1  comm_hal.o(.data)
    .data                                    0x2000001d   Section        2  protocol_handler.o(.data)
    s_rx_timeout_flag                        0x2000001d   Data           1  protocol_handler.o(.data)
    s_tx_timeout_flag                        0x2000001e   Data           1  protocol_handler.o(.data)
    .bss                                     0x20000020   Section       20  main.o(.bss)
    s_report_timer                           0x20000020   Data          20  main.o(.bss)
    .bss                                     0x20000034   Section      644  comm_hal.o(.bss)
    s_rx_frame                               0x20000034   Data          69  comm_hal.o(.bss)
    s_rx_queue                               0x20000079   Data         554  comm_hal.o(.bss)
    s_rx_byte_timeout                        0x200002a4   Data          20  comm_hal.o(.bss)
    .bss                                     0x200002b8   Section       40  protocol_handler.o(.bss)
    s_rx_timeout                             0x200002b8   Data          20  protocol_handler.o(.bss)
    s_tx_timeout                             0x200002cc   Data          20  protocol_handler.o(.bss)
    .bss                                     0x200002e0   Section     1108  queue_manager.o(.bss)
    tx_queue                                 0x200002e0   Data         554  queue_manager.o(.bss)
    rx_queue                                 0x2000050a   Data         554  queue_manager.o(.bss)
    .bss                                     0x20000734   Section       96  libspace.o(.bss)
    HEAP                                     0x20000798   Section      512  startup_stm32f10x_md.o(HEAP)
    Heap_Mem                                 0x20000798   Data         512  startup_stm32f10x_md.o(HEAP)
    STACK                                    0x20000998   Section     1024  startup_stm32f10x_md.o(STACK)
    Stack_Mem                                0x20000998   Data        1024  startup_stm32f10x_md.o(STACK)
    __initial_sp                             0x20000d98   Data           0  startup_stm32f10x_md.o(STACK)

    Global Symbols

    Symbol Name                              Value     Ov Type        Size  Object(Section)

    BuildAttributes$$THM_ISAv4$P$D$K$B$S$PE$A:L22UL41UL21$X:L11$S22US41US21$IEEE1$IW$USESV6$~STKCKD$USESV7$~SHL$OSPACE$ROPI$EBA8$UX$STANDARDLIB$REQ8$PRES8$EABIv2 0x00000000   Number         0  anon$$obj.o ABSOLUTE
    __ARM_use_no_argv                        0x00000000   Number         0  main.o ABSOLUTE
    __ARM_exceptions_init                     - Undefined Weak Reference
    __alloca_initialize                       - Undefined Weak Reference
    __arm_preinit_                            - Undefined Weak Reference
    __cpp_initialize__aeabi_                  - Undefined Weak Reference
    __cxa_finalize                            - Undefined Weak Reference
    __rt_locale                               - Undefined Weak Reference
    __sigvec_lookup                           - Undefined Weak Reference
    _atexit_init                              - Undefined Weak Reference
    _call_atexit_fns                          - Undefined Weak Reference
    _clock_init                               - Undefined Weak Reference
    _fp_trap_init                             - Undefined Weak Reference
    _fp_trap_shutdown                         - Undefined Weak Reference
    _get_lc_collate                           - Undefined Weak Reference
    _get_lc_ctype                             - Undefined Weak Reference
    _get_lc_monetary                          - Undefined Weak Reference
    _get_lc_numeric                           - Undefined Weak Reference
    _get_lc_time                              - Undefined Weak Reference
    _getenv_init                              - Undefined Weak Reference
    _handle_redirection                       - Undefined Weak Reference
    _init_alloc                               - Undefined Weak Reference
    _init_user_alloc                          - Undefined Weak Reference
    _initio                                   - Undefined Weak Reference
    _rand_init                                - Undefined Weak Reference
    _signal_finish                            - Undefined Weak Reference
    _signal_init                              - Undefined Weak Reference
    _terminate_alloc                          - Undefined Weak Reference
    _terminate_user_alloc                     - Undefined Weak Reference
    _terminateio                              - Undefined Weak Reference
    __Vectors_Size                           0x000000ec   Number         0  startup_stm32f10x_md.o ABSOLUTE
    __Vectors                                0x08000000   Data           4  startup_stm32f10x_md.o(RESET)
    __Vectors_End                            0x080000ec   Data           0  startup_stm32f10x_md.o(RESET)
    __main                                   0x080000ed   Thumb Code     8  __main.o(!!!main)
    __scatterload                            0x080000f5   Thumb Code     0  __scatter.o(!!!scatter)
    __scatterload_rt2                        0x080000f5   Thumb Code    44  __scatter.o(!!!scatter)
    __scatterload_rt2_thumb_only             0x080000f5   Thumb Code     0  __scatter.o(!!!scatter)
    __scatterload_null                       0x08000103   Thumb Code     0  __scatter.o(!!!scatter)
    __scatterload_copy                       0x08000129   Thumb Code    26  __scatter_copy.o(!!handler_copy)
    __scatterload_zeroinit                   0x08000145   Thumb Code    28  __scatter_zi.o(!!handler_zi)
    __rt_lib_init                            0x08000161   Thumb Code     0  libinit.o(.ARM.Collect$$libinit$$00000000)
    __rt_lib_init_alloca_1                   0x08000163   Thumb Code     0  libinit2.o(.ARM.Collect$$libinit$$0000002E)
    __rt_lib_init_argv_1                     0x08000163   Thumb Code     0  libinit2.o(.ARM.Collect$$libinit$$0000002C)
    __rt_lib_init_atexit_1                   0x08000163   Thumb Code     0  libinit2.o(.ARM.Collect$$libinit$$0000001B)
    __rt_lib_init_clock_1                    0x08000163   Thumb Code     0  libinit2.o(.ARM.Collect$$libinit$$00000021)
    __rt_lib_init_cpp_1                      0x08000163   Thumb Code     0  libinit2.o(.ARM.Collect$$libinit$$00000032)
    __rt_lib_init_exceptions_1               0x08000163   Thumb Code     0  libinit2.o(.ARM.Collect$$libinit$$00000030)
    __rt_lib_init_fp_1                       0x08000163   Thumb Code     0  libinit2.o(.ARM.Collect$$libinit$$00000002)
    __rt_lib_init_fp_trap_1                  0x08000163   Thumb Code     0  libinit2.o(.ARM.Collect$$libinit$$0000001F)
    __rt_lib_init_getenv_1                   0x08000163   Thumb Code     0  libinit2.o(.ARM.Collect$$libinit$$00000023)
    __rt_lib_init_heap_1                     0x08000163   Thumb Code     0  libinit2.o(.ARM.Collect$$libinit$$0000000A)
    __rt_lib_init_lc_collate_1               0x08000163   Thumb Code     0  libinit2.o(.ARM.Collect$$libinit$$00000011)
    __rt_lib_init_lc_ctype_1                 0x08000163   Thumb Code     0  libinit2.o(.ARM.Collect$$libinit$$00000013)
    __rt_lib_init_lc_monetary_1              0x08000163   Thumb Code     0  libinit2.o(.ARM.Collect$$libinit$$00000015)
    __rt_lib_init_lc_numeric_1               0x08000163   Thumb Code     0  libinit2.o(.ARM.Collect$$libinit$$00000017)
    __rt_lib_init_lc_time_1                  0x08000163   Thumb Code     0  libinit2.o(.ARM.Collect$$libinit$$00000019)
    __rt_lib_init_preinit_1                  0x08000163   Thumb Code     0  libinit2.o(.ARM.Collect$$libinit$$00000004)
    __rt_lib_init_rand_1                     0x08000163   Thumb Code     0  libinit2.o(.ARM.Collect$$libinit$$0000000E)
    __rt_lib_init_return                     0x08000163   Thumb Code     0  libinit2.o(.ARM.Collect$$libinit$$00000033)
    __rt_lib_init_signal_1                   0x08000163   Thumb Code     0  libinit2.o(.ARM.Collect$$libinit$$0000001D)
    __rt_lib_init_stdio_1                    0x08000163   Thumb Code     0  libinit2.o(.ARM.Collect$$libinit$$00000025)
    __rt_lib_init_user_alloc_1               0x08000163   Thumb Code     0  libinit2.o(.ARM.Collect$$libinit$$0000000C)
    __rt_lib_shutdown                        0x08000165   Thumb Code     0  libshutdown.o(.ARM.Collect$$libshutdown$$00000000)
    __rt_lib_shutdown_cpp_1                  0x08000167   Thumb Code     0  libshutdown2.o(.ARM.Collect$$libshutdown$$00000002)
    __rt_lib_shutdown_fp_trap_1              0x08000167   Thumb Code     0  libshutdown2.o(.ARM.Collect$$libshutdown$$00000007)
    __rt_lib_shutdown_heap_1                 0x08000167   Thumb Code     0  libshutdown2.o(.ARM.Collect$$libshutdown$$0000000F)
    __rt_lib_shutdown_return                 0x08000167   Thumb Code     0  libshutdown2.o(.ARM.Collect$$libshutdown$$00000010)
    __rt_lib_shutdown_signal_1               0x08000167   Thumb Code     0  libshutdown2.o(.ARM.Collect$$libshutdown$$0000000A)
    __rt_lib_shutdown_stdio_1                0x08000167   Thumb Code     0  libshutdown2.o(.ARM.Collect$$libshutdown$$00000004)
    __rt_lib_shutdown_user_alloc_1           0x08000167   Thumb Code     0  libshutdown2.o(.ARM.Collect$$libshutdown$$0000000C)
    __rt_entry                               0x08000169   Thumb Code     0  __rtentry.o(.ARM.Collect$$rtentry$$00000000)
    __rt_entry_presh_1                       0x08000169   Thumb Code     0  __rtentry2.o(.ARM.Collect$$rtentry$$00000002)
    __rt_entry_sh                            0x08000169   Thumb Code     0  __rtentry4.o(.ARM.Collect$$rtentry$$00000004)
    __rt_entry_li                            0x0800016f   Thumb Code     0  __rtentry2.o(.ARM.Collect$$rtentry$$0000000A)
    __rt_entry_postsh_1                      0x0800016f   Thumb Code     0  __rtentry2.o(.ARM.Collect$$rtentry$$00000009)
    __rt_entry_main                          0x08000173   Thumb Code     0  __rtentry2.o(.ARM.Collect$$rtentry$$0000000D)
    __rt_entry_postli_1                      0x08000173   Thumb Code     0  __rtentry2.o(.ARM.Collect$$rtentry$$0000000C)
    __rt_exit                                0x0800017b   Thumb Code     0  rtexit.o(.ARM.Collect$$rtexit$$00000000)
    __rt_exit_ls                             0x0800017d   Thumb Code     0  rtexit2.o(.ARM.Collect$$rtexit$$00000003)
    __rt_exit_prels_1                        0x0800017d   Thumb Code     0  rtexit2.o(.ARM.Collect$$rtexit$$00000002)
    __rt_exit_exit                           0x08000181   Thumb Code     0  rtexit2.o(.ARM.Collect$$rtexit$$00000004)
    Reset_Handler                            0x08000189   Thumb Code     8  startup_stm32f10x_md.o(.text)
    NMI_Handler                              0x08000191   Thumb Code     2  startup_stm32f10x_md.o(.text)
    HardFault_Handler                        0x08000193   Thumb Code     2  startup_stm32f10x_md.o(.text)
    MemManage_Handler                        0x08000195   Thumb Code     2  startup_stm32f10x_md.o(.text)
    BusFault_Handler                         0x08000197   Thumb Code     2  startup_stm32f10x_md.o(.text)
    UsageFault_Handler                       0x08000199   Thumb Code     2  startup_stm32f10x_md.o(.text)
    SVC_Handler                              0x0800019b   Thumb Code     2  startup_stm32f10x_md.o(.text)
    DebugMon_Handler                         0x0800019d   Thumb Code     2  startup_stm32f10x_md.o(.text)
    PendSV_Handler                           0x0800019f   Thumb Code     2  startup_stm32f10x_md.o(.text)
    ADC1_2_IRQHandler                        0x080001a3   Thumb Code     0  startup_stm32f10x_md.o(.text)
    CAN1_RX1_IRQHandler                      0x080001a3   Thumb Code     0  startup_stm32f10x_md.o(.text)
    CAN1_SCE_IRQHandler                      0x080001a3   Thumb Code     0  startup_stm32f10x_md.o(.text)
    DMA1_Channel1_IRQHandler                 0x080001a3   Thumb Code     0  startup_stm32f10x_md.o(.text)
    DMA1_Channel2_IRQHandler                 0x080001a3   Thumb Code     0  startup_stm32f10x_md.o(.text)
    DMA1_Channel3_IRQHandler                 0x080001a3   Thumb Code     0  startup_stm32f10x_md.o(.text)
    DMA1_Channel4_IRQHandler                 0x080001a3   Thumb Code     0  startup_stm32f10x_md.o(.text)
    DMA1_Channel5_IRQHandler                 0x080001a3   Thumb Code     0  startup_stm32f10x_md.o(.text)
    DMA1_Channel6_IRQHandler                 0x080001a3   Thumb Code     0  startup_stm32f10x_md.o(.text)
    DMA1_Channel7_IRQHandler                 0x080001a3   Thumb Code     0  startup_stm32f10x_md.o(.text)
    EXTI0_IRQHandler                         0x080001a3   Thumb Code     0  startup_stm32f10x_md.o(.text)
    EXTI15_10_IRQHandler                     0x080001a3   Thumb Code     0  startup_stm32f10x_md.o(.text)
    EXTI1_IRQHandler                         0x080001a3   Thumb Code     0  startup_stm32f10x_md.o(.text)
    EXTI2_IRQHandler                         0x080001a3   Thumb Code     0  startup_stm32f10x_md.o(.text)
    EXTI3_IRQHandler                         0x080001a3   Thumb Code     0  startup_stm32f10x_md.o(.text)
    EXTI4_IRQHandler                         0x080001a3   Thumb Code     0  startup_stm32f10x_md.o(.text)
    EXTI9_5_IRQHandler                       0x080001a3   Thumb Code     0  startup_stm32f10x_md.o(.text)
    FLASH_IRQHandler                         0x080001a3   Thumb Code     0  startup_stm32f10x_md.o(.text)
    I2C1_ER_IRQHandler                       0x080001a3   Thumb Code     0  startup_stm32f10x_md.o(.text)
    I2C1_EV_IRQHandler                       0x080001a3   Thumb Code     0  startup_stm32f10x_md.o(.text)
    I2C2_ER_IRQHandler                       0x080001a3   Thumb Code     0  startup_stm32f10x_md.o(.text)
    I2C2_EV_IRQHandler                       0x080001a3   Thumb Code     0  startup_stm32f10x_md.o(.text)
    PVD_IRQHandler                           0x080001a3   Thumb Code     0  startup_stm32f10x_md.o(.text)
    RCC_IRQHandler                           0x080001a3   Thumb Code     0  startup_stm32f10x_md.o(.text)
    RTCAlarm_IRQHandler                      0x080001a3   Thumb Code     0  startup_stm32f10x_md.o(.text)
    RTC_IRQHandler                           0x080001a3   Thumb Code     0  startup_stm32f10x_md.o(.text)
    SPI1_IRQHandler                          0x080001a3   Thumb Code     0  startup_stm32f10x_md.o(.text)
    SPI2_IRQHandler                          0x080001a3   Thumb Code     0  startup_stm32f10x_md.o(.text)
    TAMPER_IRQHandler                        0x080001a3   Thumb Code     0  startup_stm32f10x_md.o(.text)
    TIM1_BRK_IRQHandler                      0x080001a3   Thumb Code     0  startup_stm32f10x_md.o(.text)
    TIM1_CC_IRQHandler                       0x080001a3   Thumb Code     0  startup_stm32f10x_md.o(.text)
    TIM1_TRG_COM_IRQHandler                  0x080001a3   Thumb Code     0  startup_stm32f10x_md.o(.text)
    TIM1_UP_IRQHandler                       0x080001a3   Thumb Code     0  startup_stm32f10x_md.o(.text)
    TIM2_IRQHandler                          0x080001a3   Thumb Code     0  startup_stm32f10x_md.o(.text)
    TIM3_IRQHandler                          0x080001a3   Thumb Code     0  startup_stm32f10x_md.o(.text)
    TIM4_IRQHandler                          0x080001a3   Thumb Code     0  startup_stm32f10x_md.o(.text)
    USART2_IRQHandler                        0x080001a3   Thumb Code     0  startup_stm32f10x_md.o(.text)
    USART3_IRQHandler                        0x080001a3   Thumb Code     0  startup_stm32f10x_md.o(.text)
    USBWakeUp_IRQHandler                     0x080001a3   Thumb Code     0  startup_stm32f10x_md.o(.text)
    USB_HP_CAN1_TX_IRQHandler                0x080001a3   Thumb Code     0  startup_stm32f10x_md.o(.text)
    USB_LP_CAN1_RX0_IRQHandler               0x080001a3   Thumb Code     0  startup_stm32f10x_md.o(.text)
    WWDG_IRQHandler                          0x080001a3   Thumb Code     0  startup_stm32f10x_md.o(.text)
    __user_initial_stackheap                 0x080001a5   Thumb Code     0  startup_stm32f10x_md.o(.text)
    __aeabi_memcpy                           0x080001c9   Thumb Code     0  rt_memcpy_v6.o(.text)
    __rt_memcpy                              0x080001c9   Thumb Code   138  rt_memcpy_v6.o(.text)
    _memcpy_lastbytes                        0x0800022f   Thumb Code     0  rt_memcpy_v6.o(.text)
    __use_two_region_memory                  0x08000253   Thumb Code     2  heapauxi.o(.text)
    __rt_heap_escrow$2region                 0x08000255   Thumb Code     2  heapauxi.o(.text)
    __rt_heap_expand$2region                 0x08000257   Thumb Code     2  heapauxi.o(.text)
    __aeabi_memcpy4                          0x08000259   Thumb Code     0  rt_memcpy_w.o(.text)
    __aeabi_memcpy8                          0x08000259   Thumb Code     0  rt_memcpy_w.o(.text)
    __rt_memcpy_w                            0x08000259   Thumb Code   100  rt_memcpy_w.o(.text)
    _memcpy_lastbytes_aligned                0x080002a1   Thumb Code     0  rt_memcpy_w.o(.text)
    __user_setup_stackheap                   0x080002bd   Thumb Code    74  sys_stackheap_outer.o(.text)
    exit                                     0x08000307   Thumb Code    18  exit.o(.text)
    __user_libspace                          0x08000319   Thumb Code     8  libspace.o(.text)
    __user_perproc_libspace                  0x08000319   Thumb Code     0  libspace.o(.text)
    __user_perthread_libspace                0x08000319   Thumb Code     0  libspace.o(.text)
    _sys_exit                                0x08000321   Thumb Code     8  sys_exit.o(.text)
    __I$use$semihosting                      0x0800032d   Thumb Code     0  use_no_semi.o(.text)
    __use_no_semihosting_swi                 0x0800032d   Thumb Code     2  use_no_semi.o(.text)
    ActuatorHAL_Init                         0x0800032f   Thumb Code    76  actuator_hal.o(i.ActuatorHAL_Init)
    __semihosting_library_function           0x0800032f   Thumb Code     0  indicate_semi.o(.text)
    CommHAL_Init                             0x0800037d   Thumb Code    32  comm_hal.o(i.CommHAL_Init)
    CommHAL_ReceiveFrame                     0x080003ad   Thumb Code    14  comm_hal.o(i.CommHAL_ReceiveFrame)
    CommHAL_RxByteCallback                   0x080003c1   Thumb Code   232  comm_hal.o(i.CommHAL_RxByteCallback)
    CommHAL_SendFrame                        0x080004c1   Thumb Code    26  comm_hal.o(i.CommHAL_SendFrame)
    CommHAL_SystickUpdate                    0x080004dd   Thumb Code    10  comm_hal.o(i.CommHAL_SystickUpdate)
    DRV_PWM_Init                             0x080004ed   Thumb Code   298  drv_pwm.o(i.DRV_PWM_Init)
    DRV_PWM_SetDuty                          0x0800062d   Thumb Code    78  drv_pwm.o(i.DRV_PWM_SetDuty)
    DRV_PWM_Start                            0x0800067b   Thumb Code    90  drv_pwm.o(i.DRV_PWM_Start)
    DRV_UART1_Init                           0x080006d5   Thumb Code   214  drv_uart.o(i.DRV_UART1_Init)
    DRV_UART1_SendByte                       0x080007bd   Thumb Code    22  drv_uart.o(i.DRV_UART1_SendByte)
    DRV_UART1_SendBytes                      0x080007d9   Thumb Code    32  drv_uart.o(i.DRV_UART1_SendBytes)
    FrameQueue_Init                          0x080007f9   Thumb Code    12  frame_queue.o(i.FrameQueue_Init)
    FrameQueue_Pop                           0x08000805   Thumb Code    62  frame_queue.o(i.FrameQueue_Pop)
    FrameQueue_Push                          0x08000843   Thumb Code    58  frame_queue.o(i.FrameQueue_Push)
    Protocol_Init                            0x080008d9   Thumb Code     8  protocol_handler.o(i.Protocol_Init)
    Protocol_Run                             0x080008e1   Thumb Code   136  protocol_handler.o(i.Protocol_Run)
    Protocol_SendSensorData                  0x08000971   Thumb Code    26  protocol_handler.o(i.Protocol_SendSensorData)
    Protocol_SystickUpdate                   0x0800098d   Thumb Code    20  protocol_handler.o(i.Protocol_SystickUpdate)
    RX_Queue_Push                            0x080009a9   Thumb Code    14  queue_manager.o(i.RX_Queue_Push)
    SoftTimer_Dispatch                       0x08000aa5   Thumb Code    28  soft_timer.o(i.SoftTimer_Dispatch)
    SoftTimer_Start                          0x08000ac1   Thumb Code    16  soft_timer.o(i.SoftTimer_Start)
    SoftTimer_Stop                           0x08000ad1   Thumb Code     6  soft_timer.o(i.SoftTimer_Stop)
    SoftTimer_Update                         0x08000ad7   Thumb Code    36  soft_timer.o(i.SoftTimer_Update)
    SysTick_Handler                          0x08000afd   Thumb Code    14  main.o(i.SysTick_Handler)
    SystemInit                               0x08000b11   Thumb Code    78  system_stm32f10x.o(i.SystemInit)
    SystickInit                              0x08000b71   Thumb Code    24  drv_timer.o(i.SystickInit)
    TX_Queue_Pop                             0x08000b8d   Thumb Code    14  queue_manager.o(i.TX_Queue_Pop)
    TX_Queue_Push                            0x08000ba1   Thumb Code    14  queue_manager.o(i.TX_Queue_Push)
    USART1_IRQHandler                        0x08000bb5   Thumb Code    30  drv_uart.o(i.USART1_IRQHandler)
    main                                     0x08000e11   Thumb Code    86  main.o(i.main)
    __aeabi_fadd                             0x08000eb5   Thumb Code     0  faddsub_clz.o(x$fpl$fadd)
    _fadd                                    0x08000eb5   Thumb Code   196  faddsub_clz.o(x$fpl$fadd)
    __fpl_fcmp_Inf                           0x08000f79   Thumb Code    24  fcmpi.o(x$fpl$fcmpinf)
    __aeabi_fdiv                             0x08000f91   Thumb Code     0  fdiv.o(x$fpl$fdiv)
    _fdiv                                    0x08000f91   Thumb Code   384  fdiv.o(x$fpl$fdiv)
    __aeabi_f2uiz                            0x08001115   Thumb Code     0  ffixu.o(x$fpl$ffixu)
    _ffixu                                   0x08001115   Thumb Code    62  ffixu.o(x$fpl$ffixu)
    __aeabi_ui2f                             0x08001155   Thumb Code     0  fflt_clz.o(x$fpl$ffltu)
    _ffltu                                   0x08001155   Thumb Code    38  fflt_clz.o(x$fpl$ffltu)
    __aeabi_cfcmple                          0x0800117d   Thumb Code     0  fleqf.o(x$fpl$fleqf)
    _fcmple                                  0x0800117d   Thumb Code   104  fleqf.o(x$fpl$fleqf)
    __fpl_fcmple_InfNaN                      0x080011cf   Thumb Code     0  fleqf.o(x$fpl$fleqf)
    __aeabi_fmul                             0x080011e5   Thumb Code     0  fmul.o(x$fpl$fmul)
    _fmul                                    0x080011e5   Thumb Code   258  fmul.o(x$fpl$fmul)
    __fpl_fnaninf                            0x080012e7   Thumb Code   140  fnaninf.o(x$fpl$fnaninf)
    __fpl_fretinf                            0x08001373   Thumb Code    10  fretinf.o(x$fpl$fretinf)
    __aeabi_cfrcmple                         0x0800137d   Thumb Code     0  frleqf.o(x$fpl$frleqf)
    _frcmple                                 0x0800137d   Thumb Code    98  frleqf.o(x$fpl$frleqf)
    __aeabi_frsub                            0x080013df   Thumb Code     0  faddsub_clz.o(x$fpl$frsb)
    _frsb                                    0x080013df   Thumb Code    20  faddsub_clz.o(x$fpl$frsb)
    __aeabi_fsub                             0x080013f5   Thumb Code     0  faddsub_clz.o(x$fpl$fsub)
    _fsub                                    0x080013f5   Thumb Code   234  faddsub_clz.o(x$fpl$fsub)
    __I$use$fp                               0x080014de   Number         0  usenofp.o(x$fpl$usenofp)
    Region$$Table$$Base                      0x080014e0   Number         0  anon$$obj.o(Region$$Table)
    Region$$Table$$Limit                     0x08001500   Number         0  anon$$obj.o(Region$$Table)
    __libspace_start                         0x20000734   Data          96  libspace.o(.bss)
    __temporary_stack_top$libspace           0x20000794   Data           0  libspace.o(.bss)



==============================================================================

Memory Map of the image

  Image Entry point : 0x080000ed

  Load Region LR_IROM1 (Base: 0x08000000, Size: 0x00001520, Max: 0x00010000, ABSOLUTE)

    Execution Region ER_IROM1 (Exec base: 0x08000000, Load base: 0x08000000, Size: 0x00001500, Max: 0x00010000, ABSOLUTE)

    Exec Addr    Load Addr    Size         Type   Attr      Idx    E Section Name        Object

    0x08000000   0x08000000   0x000000ec   Data   RO          831    RESET               startup_stm32f10x_md.o
    0x080000ec   0x080000ec   0x00000008   Code   RO          888  * !!!main             c_w.l(__main.o)
    0x080000f4   0x080000f4   0x00000034   Code   RO         1082    !!!scatter          c_w.l(__scatter.o)
    0x08000128   0x08000128   0x0000001a   Code   RO         1084    !!handler_copy      c_w.l(__scatter_copy.o)
    0x08000142   0x08000142   0x00000002   PAD
    0x08000144   0x08000144   0x0000001c   Code   RO         1086    !!handler_zi        c_w.l(__scatter_zi.o)
    0x08000160   0x08000160   0x00000002   Code   RO          952    .ARM.Collect$$libinit$$00000000  c_w.l(libinit.o)
    0x08000162   0x08000162   0x00000000   Code   RO          959    .ARM.Collect$$libinit$$00000002  c_w.l(libinit2.o)
    0x08000162   0x08000162   0x00000000   Code   RO          961    .ARM.Collect$$libinit$$00000004  c_w.l(libinit2.o)
    0x08000162   0x08000162   0x00000000   Code   RO          964    .ARM.Collect$$libinit$$0000000A  c_w.l(libinit2.o)
    0x08000162   0x08000162   0x00000000   Code   RO          966    .ARM.Collect$$libinit$$0000000C  c_w.l(libinit2.o)
    0x08000162   0x08000162   0x00000000   Code   RO          968    .ARM.Collect$$libinit$$0000000E  c_w.l(libinit2.o)
    0x08000162   0x08000162   0x00000000   Code   RO          971    .ARM.Collect$$libinit$$00000011  c_w.l(libinit2.o)
    0x08000162   0x08000162   0x00000000   Code   RO          973    .ARM.Collect$$libinit$$00000013  c_w.l(libinit2.o)
    0x08000162   0x08000162   0x00000000   Code   RO          975    .ARM.Collect$$libinit$$00000015  c_w.l(libinit2.o)
    0x08000162   0x08000162   0x00000000   Code   RO          977    .ARM.Collect$$libinit$$00000017  c_w.l(libinit2.o)
    0x08000162   0x08000162   0x00000000   Code   RO          979    .ARM.Collect$$libinit$$00000019  c_w.l(libinit2.o)
    0x08000162   0x08000162   0x00000000   Code   RO          981    .ARM.Collect$$libinit$$0000001B  c_w.l(libinit2.o)
    0x08000162   0x08000162   0x00000000   Code   RO          983    .ARM.Collect$$libinit$$0000001D  c_w.l(libinit2.o)
    0x08000162   0x08000162   0x00000000   Code   RO          985    .ARM.Collect$$libinit$$0000001F  c_w.l(libinit2.o)
    0x08000162   0x08000162   0x00000000   Code   RO          987    .ARM.Collect$$libinit$$00000021  c_w.l(libinit2.o)
    0x08000162   0x08000162   0x00000000   Code   RO          989    .ARM.Collect$$libinit$$00000023  c_w.l(libinit2.o)
    0x08000162   0x08000162   0x00000000   Code   RO          991    .ARM.Collect$$libinit$$00000025  c_w.l(libinit2.o)
    0x08000162   0x08000162   0x00000000   Code   RO          995    .ARM.Collect$$libinit$$0000002C  c_w.l(libinit2.o)
    0x08000162   0x08000162   0x00000000   Code   RO          997    .ARM.Collect$$libinit$$0000002E  c_w.l(libinit2.o)
    0x08000162   0x08000162   0x00000000   Code   RO          999    .ARM.Collect$$libinit$$00000030  c_w.l(libinit2.o)
    0x08000162   0x08000162   0x00000000   Code   RO         1001    .ARM.Collect$$libinit$$00000032  c_w.l(libinit2.o)
    0x08000162   0x08000162   0x00000002   Code   RO         1002    .ARM.Collect$$libinit$$00000033  c_w.l(libinit2.o)
    0x08000164   0x08000164   0x00000002   Code   RO         1022    .ARM.Collect$$libshutdown$$00000000  c_w.l(libshutdown.o)
    0x08000166   0x08000166   0x00000000   Code   RO         1035    .ARM.Collect$$libshutdown$$00000002  c_w.l(libshutdown2.o)
    0x08000166   0x08000166   0x00000000   Code   RO         1037    .ARM.Collect$$libshutdown$$00000004  c_w.l(libshutdown2.o)
    0x08000166   0x08000166   0x00000000   Code   RO         1040    .ARM.Collect$$libshutdown$$00000007  c_w.l(libshutdown2.o)
    0x08000166   0x08000166   0x00000000   Code   RO         1043    .ARM.Collect$$libshutdown$$0000000A  c_w.l(libshutdown2.o)
    0x08000166   0x08000166   0x00000000   Code   RO         1045    .ARM.Collect$$libshutdown$$0000000C  c_w.l(libshutdown2.o)
    0x08000166   0x08000166   0x00000000   Code   RO         1048    .ARM.Collect$$libshutdown$$0000000F  c_w.l(libshutdown2.o)
    0x08000166   0x08000166   0x00000002   Code   RO         1049    .ARM.Collect$$libshutdown$$00000010  c_w.l(libshutdown2.o)
    0x08000168   0x08000168   0x00000000   Code   RO          918    .ARM.Collect$$rtentry$$00000000  c_w.l(__rtentry.o)
    0x08000168   0x08000168   0x00000000   Code   RO          929    .ARM.Collect$$rtentry$$00000002  c_w.l(__rtentry2.o)
    0x08000168   0x08000168   0x00000006   Code   RO          941    .ARM.Collect$$rtentry$$00000004  c_w.l(__rtentry4.o)
    0x0800016e   0x0800016e   0x00000000   Code   RO          931    .ARM.Collect$$rtentry$$00000009  c_w.l(__rtentry2.o)
    0x0800016e   0x0800016e   0x00000004   Code   RO          932    .ARM.Collect$$rtentry$$0000000A  c_w.l(__rtentry2.o)
    0x08000172   0x08000172   0x00000000   Code   RO          934    .ARM.Collect$$rtentry$$0000000C  c_w.l(__rtentry2.o)
    0x08000172   0x08000172   0x00000008   Code   RO          935    .ARM.Collect$$rtentry$$0000000D  c_w.l(__rtentry2.o)
    0x0800017a   0x0800017a   0x00000002   Code   RO          956    .ARM.Collect$$rtexit$$00000000  c_w.l(rtexit.o)
    0x0800017c   0x0800017c   0x00000000   Code   RO         1004    .ARM.Collect$$rtexit$$00000002  c_w.l(rtexit2.o)
    0x0800017c   0x0800017c   0x00000004   Code   RO         1005    .ARM.Collect$$rtexit$$00000003  c_w.l(rtexit2.o)
    0x08000180   0x08000180   0x00000006   Code   RO         1006    .ARM.Collect$$rtexit$$00000004  c_w.l(rtexit2.o)
    0x08000186   0x08000186   0x00000002   PAD
    0x08000188   0x08000188   0x00000040   Code   RO          832    .text               startup_stm32f10x_md.o
    0x080001c8   0x080001c8   0x0000008a   Code   RO          884    .text               c_w.l(rt_memcpy_v6.o)
    0x08000252   0x08000252   0x00000006   Code   RO          886    .text               c_w.l(heapauxi.o)
    0x08000258   0x08000258   0x00000064   Code   RO          919    .text               c_w.l(rt_memcpy_w.o)
    0x080002bc   0x080002bc   0x0000004a   Code   RO          943    .text               c_w.l(sys_stackheap_outer.o)
    0x08000306   0x08000306   0x00000012   Code   RO          945    .text               c_w.l(exit.o)
    0x08000318   0x08000318   0x00000008   Code   RO          953    .text               c_w.l(libspace.o)
    0x08000320   0x08000320   0x0000000c   Code   RO         1014    .text               c_w.l(sys_exit.o)
    0x0800032c   0x0800032c   0x00000002   Code   RO         1025    .text               c_w.l(use_no_semi.o)
    0x0800032e   0x0800032e   0x00000000   Code   RO         1027    .text               c_w.l(indicate_semi.o)
    0x0800032e   0x0800032e   0x0000004c   Code   RO          308    i.ActuatorHAL_Init  actuator_hal.o
    0x0800037a   0x0800037a   0x00000002   PAD
    0x0800037c   0x0800037c   0x00000030   Code   RO          361    i.CommHAL_Init      comm_hal.o
    0x080003ac   0x080003ac   0x00000014   Code   RO          362    i.CommHAL_ReceiveFrame  comm_hal.o
    0x080003c0   0x080003c0   0x00000100   Code   RO          363    i.CommHAL_RxByteCallback  comm_hal.o
    0x080004c0   0x080004c0   0x0000001a   Code   RO          366    i.CommHAL_SendFrame  comm_hal.o
    0x080004da   0x080004da   0x00000002   PAD
    0x080004dc   0x080004dc   0x00000010   Code   RO          367    i.CommHAL_SystickUpdate  comm_hal.o
    0x080004ec   0x080004ec   0x00000140   Code   RO          149    i.DRV_PWM_Init      drv_pwm.o
    0x0800062c   0x0800062c   0x0000004e   Code   RO          150    i.DRV_PWM_SetDuty   drv_pwm.o
    0x0800067a   0x0800067a   0x0000005a   Code   RO          151    i.DRV_PWM_Start     drv_pwm.o
    0x080006d4   0x080006d4   0x000000e8   Code   RO          250    i.DRV_UART1_Init    drv_uart.o
    0x080007bc   0x080007bc   0x0000001c   Code   RO          251    i.DRV_UART1_SendByte  drv_uart.o
    0x080007d8   0x080007d8   0x00000020   Code   RO          252    i.DRV_UART1_SendBytes  drv_uart.o
    0x080007f8   0x080007f8   0x0000000c   Code   RO          740    i.FrameQueue_Init   frame_queue.o
    0x08000804   0x08000804   0x0000003e   Code   RO          743    i.FrameQueue_Pop    frame_queue.o
    0x08000842   0x08000842   0x0000003a   Code   RO          744    i.FrameQueue_Push   frame_queue.o
    0x0800087c   0x0800087c   0x0000000e   Code   RO          368    i.Frame_GetLength   comm_hal.o
    0x0800088a   0x0800088a   0x0000000e   Code   RO          614    i.Frame_GetLength   protocol_handler.o
    0x08000898   0x08000898   0x00000008   Code   RO          615    i.Frame_GetMid      protocol_handler.o
    0x080008a0   0x080008a0   0x00000038   Code   RO          153    i.Get_Timer_Instance  drv_pwm.o
    0x080008d8   0x080008d8   0x00000008   Code   RO          616    i.Protocol_Init     protocol_handler.o
    0x080008e0   0x080008e0   0x00000090   Code   RO          617    i.Protocol_Run      protocol_handler.o
    0x08000970   0x08000970   0x0000001a   Code   RO          618    i.Protocol_SendSensorData  protocol_handler.o
    0x0800098a   0x0800098a   0x00000002   PAD
    0x0800098c   0x0800098c   0x0000001c   Code   RO          620    i.Protocol_SystickUpdate  protocol_handler.o
    0x080009a8   0x080009a8   0x00000014   Code   RO          784    i.RX_Queue_Push     queue_manager.o
    0x080009bc   0x080009bc   0x00000008   Code   RO          839    i.SetSysClock       system_stm32f10x.o
    0x080009c4   0x080009c4   0x000000e0   Code   RO          840    i.SetSysClockTo72   system_stm32f10x.o
    0x08000aa4   0x08000aa4   0x0000001c   Code   RO          497    i.SoftTimer_Dispatch  soft_timer.o
    0x08000ac0   0x08000ac0   0x00000010   Code   RO          498    i.SoftTimer_Start   soft_timer.o
    0x08000ad0   0x08000ad0   0x00000006   Code   RO          499    i.SoftTimer_Stop    soft_timer.o
    0x08000ad6   0x08000ad6   0x00000024   Code   RO          500    i.SoftTimer_Update  soft_timer.o
    0x08000afa   0x08000afa   0x00000002   PAD
    0x08000afc   0x08000afc   0x00000014   Code   RO            4    i.SysTick_Handler   main.o
    0x08000b10   0x08000b10   0x00000060   Code   RO          842    i.SystemInit        system_stm32f10x.o
    0x08000b70   0x08000b70   0x0000001c   Code   RO          202    i.SystickInit       drv_timer.o
    0x08000b8c   0x08000b8c   0x00000014   Code   RO          785    i.TX_Queue_Pop      queue_manager.o
    0x08000ba0   0x08000ba0   0x00000014   Code   RO          786    i.TX_Queue_Push     queue_manager.o
    0x08000bb4   0x08000bb4   0x00000024   Code   RO          253    i.USART1_IRQHandler  drv_uart.o
    0x08000bd8   0x08000bd8   0x00000068   Code   RO          621    i.enqueue_frame     protocol_handler.o
    0x08000c40   0x08000c40   0x0000007a   Code   RO          622    i.handle_actuator   protocol_handler.o
    0x08000cba   0x08000cba   0x0000004a   Code   RO          623    i.handle_pid        protocol_handler.o
    0x08000d04   0x08000d04   0x0000010c   Code   RO          624    i.handle_system     protocol_handler.o
    0x08000e10   0x08000e10   0x00000068   Code   RO            5    i.main              main.o
    0x08000e78   0x08000e78   0x0000000c   Code   RO            6    i.on_report_timer   main.o
    0x08000e84   0x08000e84   0x0000000c   Code   RO          369    i.on_rx_byte_timeout  comm_hal.o
    0x08000e90   0x08000e90   0x0000000c   Code   RO          625    i.on_rx_timeout     protocol_handler.o
    0x08000e9c   0x08000e9c   0x00000018   Code   RO          627    i.send_status_frame  protocol_handler.o
    0x08000eb4   0x08000eb4   0x000000c4   Code   RO          890    x$fpl$fadd          fz_ws.l(faddsub_clz.o)
    0x08000f78   0x08000f78   0x00000018   Code   RO          921    x$fpl$fcmpinf       fz_ws.l(fcmpi.o)
    0x08000f90   0x08000f90   0x00000184   Code   RO          897    x$fpl$fdiv          fz_ws.l(fdiv.o)
    0x08001114   0x08001114   0x0000003e   Code   RO          902    x$fpl$ffixu         fz_ws.l(ffixu.o)
    0x08001152   0x08001152   0x00000002   PAD
    0x08001154   0x08001154   0x00000026   Code   RO          906    x$fpl$ffltu         fz_ws.l(fflt_clz.o)
    0x0800117a   0x0800117a   0x00000002   PAD
    0x0800117c   0x0800117c   0x00000068   Code   RO          912    x$fpl$fleqf         fz_ws.l(fleqf.o)
    0x080011e4   0x080011e4   0x00000102   Code   RO          914    x$fpl$fmul          fz_ws.l(fmul.o)
    0x080012e6   0x080012e6   0x0000008c   Code   RO          923    x$fpl$fnaninf       fz_ws.l(fnaninf.o)
    0x08001372   0x08001372   0x0000000a   Code   RO          925    x$fpl$fretinf       fz_ws.l(fretinf.o)
    0x0800137c   0x0800137c   0x00000062   Code   RO          916    x$fpl$frleqf        fz_ws.l(frleqf.o)
    0x080013de   0x080013de   0x00000014   Code   RO          891    x$fpl$frsb          fz_ws.l(faddsub_clz.o)
    0x080013f2   0x080013f2   0x00000002   PAD
    0x080013f4   0x080013f4   0x000000ea   Code   RO          892    x$fpl$fsub          fz_ws.l(faddsub_clz.o)
    0x080014de   0x080014de   0x00000000   Code   RO          927    x$fpl$usenofp       fz_ws.l(usenofp.o)
    0x080014de   0x080014de   0x00000002   PAD
    0x080014e0   0x080014e0   0x00000020   Data   RO         1080    Region$$Table       anon$$obj.o


    Execution Region RW_IRAM1 (Exec base: 0x20000000, Load base: 0x08001500, Size: 0x00000d98, Max: 0x00005000, ABSOLUTE)

    Exec Addr    Load Addr    Size         Type   Attr      Idx    E Section Name        Object

    0x20000000   0x08001500   0x00000015   Data   RW            8    .data               main.o
    0x20000015   0x08001515   0x00000001   PAD
    0x20000016   0x08001516   0x00000007   Data   RW          371    .data               comm_hal.o
    0x2000001d   0x0800151d   0x00000002   Data   RW          629    .data               protocol_handler.o
    0x2000001f   0x0800151f   0x00000001   PAD
    0x20000020        -       0x00000014   Zero   RW            7    .bss                main.o
    0x20000034        -       0x00000284   Zero   RW          370    .bss                comm_hal.o
    0x200002b8        -       0x00000028   Zero   RW          628    .bss                protocol_handler.o
    0x200002e0        -       0x00000454   Zero   RW          787    .bss                queue_manager.o
    0x20000734        -       0x00000060   Zero   RW          954    .bss                c_w.l(libspace.o)
    0x20000794   0x0800151f   0x00000004   PAD
    0x20000798        -       0x00000200   Zero   RW          830    HEAP                startup_stm32f10x_md.o
    0x20000998        -       0x00000400   Zero   RW          829    STACK               startup_stm32f10x_md.o


==============================================================================

Image component sizes


      Code (inc. data)   RO Data    RW Data    ZI Data      Debug   Object Name

        76          0          0          0          0        535   actuator_hal.o
       392         62          0          7        644       8543   comm_hal.o
       544         36          0          0          0       4713   drv_pwm.o
        28          4          0          0          0        490   drv_timer.o
       328         30          0          0          0      28471   drv_uart.o
       132          0          0          0          0       4945   frame_queue.o
       136         28          0         21         20     211661   main.o
       832         34          0          2         40      12978   protocol_handler.o
        60         18          0          0       1108       5079   queue_manager.o
        86          0          0          0          0       3451   soft_timer.o
        64         26        236          0       1536        832   startup_stm32f10x_md.o
       328         28          0          0          0       2277   system_stm32f10x.o

    ----------------------------------------------------------------------
      3014        266        268         32       3348     283975   Object Totals
         0          0         32          0          0          0   (incl. Generated)
         8          0          0          2          0          0   (incl. Padding)

    ----------------------------------------------------------------------

      Code (inc. data)   RO Data    RW Data    ZI Data      Debug   Library Member Name

         8          0          0          0          0         68   __main.o
         0          0          0          0          0          0   __rtentry.o
        12          0          0          0          0          0   __rtentry2.o
         6          0          0          0          0          0   __rtentry4.o
        52          8          0          0          0          0   __scatter.o
        26          0          0          0          0          0   __scatter_copy.o
        28          0          0          0          0          0   __scatter_zi.o
        18          0          0          0          0         80   exit.o
         6          0          0          0          0        152   heapauxi.o
         0          0          0          0          0          0   indicate_semi.o
         2          0          0          0          0          0   libinit.o
         2          0          0          0          0          0   libinit2.o
         2          0          0          0          0          0   libshutdown.o
         2          0          0          0          0          0   libshutdown2.o
         8          4          0          0         96         68   libspace.o
       138          0          0          0          0         68   rt_memcpy_v6.o
       100          0          0          0          0         80   rt_memcpy_w.o
         2          0          0          0          0          0   rtexit.o
        10          0          0          0          0          0   rtexit2.o
        12          4          0          0          0         68   sys_exit.o
        74          0          0          0          0         80   sys_stackheap_outer.o
         2          0          0          0          0         68   use_no_semi.o
       450          8          0          0          0        236   faddsub_clz.o
        24          0          0          0          0         68   fcmpi.o
       388         76          0          0          0         96   fdiv.o
        62          4          0          0          0         84   ffixu.o
        38          0          0          0          0         68   fflt_clz.o
       104          4          0          0          0         84   fleqf.o
       258          4          0          0          0         84   fmul.o
       140          4          0          0          0         84   fnaninf.o
        10          0          0          0          0         68   fretinf.o
        98          0          0          0          0         68   frleqf.o
         0          0          0          0          0          0   usenofp.o

    ----------------------------------------------------------------------
      2094        116          0          0        100       1672   Library Totals
        12          0          0          0          4          0   (incl. Padding)

    ----------------------------------------------------------------------

      Code (inc. data)   RO Data    RW Data    ZI Data      Debug   Library Name

       510         16          0          0         96        732   c_w.l
      1572        100          0          0          0        940   fz_ws.l

    ----------------------------------------------------------------------
      2094        116          0          0        100       1672   Library Totals

    ----------------------------------------------------------------------

==============================================================================


      Code (inc. data)   RO Data    RW Data    ZI Data      Debug   

      5108        382        268         32       3448     282523   Grand Totals
      5108        382        268         32       3448     282523   ELF Image Totals
      5108        382        268         32          0          0   ROM Totals

==============================================================================

    Total RO  Size (Code + RO Data)                 5376 (   5.25kB)
    Total RW  Size (RW Data + ZI Data)              3480 (   3.40kB)
    Total ROM Size (Code + RO Data + RW Data)       5408 (   5.28kB)

==============================================================================

